[1.123s] Invoking command in '/home/angelina_m_simon/robot-navigation-sim/src/robot_nav_sim': PYTHONPATH=/home/angelina_m_simon/robot-navigation-sim/build/robot_nav_sim/prefix_override:/usr/lib/python3/dist-packages/colcon_core/task/python/colcon_distutils_commands:/home/angelina_m_simon/robot-navigation-sim/install/robot_nav_sim/lib/python3.12/site-packages:${PYTHONPATH} /usr/bin/python3 -W ignore:setup.py install is deprecated -W ignore:easy_install command is deprecated setup.py egg_info --egg-base ../../build/robot_nav_sim build --build-base /home/angelina_m_simon/robot-navigation-sim/build/robot_nav_sim/build install --record /home/angelina_m_simon/robot-navigation-sim/build/robot_nav_sim/install.log --single-version-externally-managed install_data
[1.504s] running egg_info
[1.527s] writing ../../build/robot_nav_sim/robot_nav_sim.egg-info/PKG-INFO
[1.527s] writing dependency_links to ../../build/robot_nav_sim/robot_nav_sim.egg-info/dependency_links.txt
[1.528s] writing entry points to ../../build/robot_nav_sim/robot_nav_sim.egg-info/entry_points.txt
[1.528s] writing requirements to ../../build/robot_nav_sim/robot_nav_sim.egg-info/requires.txt
[1.528s] writing top-level names to ../../build/robot_nav_sim/robot_nav_sim.egg-info/top_level.txt
[1.576s] reading manifest file '../../build/robot_nav_sim/robot_nav_sim.egg-info/SOURCES.txt'
[1.578s] writing manifest file '../../build/robot_nav_sim/robot_nav_sim.egg-info/SOURCES.txt'
[1.578s] running build
[1.579s] running build_py
[1.579s] running install
[1.589s] running install_lib
[1.614s] running install_data
[1.615s] running install_egg_info
[1.645s] removing '/home/angelina_m_simon/robot-navigation-sim/install/robot_nav_sim/lib/python3.12/site-packages/robot_nav_sim-0.0.0-py3.12.egg-info' (and everything under it)
[1.646s] Copying ../../build/robot_nav_sim/robot_nav_sim.egg-info to /home/angelina_m_simon/robot-navigation-sim/install/robot_nav_sim/lib/python3.12/site-packages/robot_nav_sim-0.0.0-py3.12.egg-info
[1.647s] running install_scripts
[1.817s] Installing driver_node script to /home/angelina_m_simon/robot-navigation-sim/install/robot_nav_sim/lib/robot_nav_sim
[1.817s] Installing perception_node script to /home/angelina_m_simon/robot-navigation-sim/install/robot_nav_sim/lib/robot_nav_sim
[1.818s] Installing planner_node script to /home/angelina_m_simon/robot-navigation-sim/install/robot_nav_sim/lib/robot_nav_sim
[1.819s] writing list of installed files to '/home/angelina_m_simon/robot-navigation-sim/build/robot_nav_sim/install.log'
[1.883s] Invoked command in '/home/angelina_m_simon/robot-navigation-sim/src/robot_nav_sim' returned '0': PYTHONPATH=/home/angelina_m_simon/robot-navigation-sim/build/robot_nav_sim/prefix_override:/usr/lib/python3/dist-packages/colcon_core/task/python/colcon_distutils_commands:/home/angelina_m_simon/robot-navigation-sim/install/robot_nav_sim/lib/python3.12/site-packages:${PYTHONPATH} /usr/bin/python3 -W ignore:setup.py install is deprecated -W ignore:easy_install command is deprecated setup.py egg_info --egg-base ../../build/robot_nav_sim build --build-base /home/angelina_m_simon/robot-navigation-sim/build/robot_nav_sim/build install --record /home/angelina_m_simon/robot-navigation-sim/build/robot_nav_sim/install.log --single-version-externally-managed install_data
