[0.197s] DEBUG:colcon:Command line arguments: ['/usr/bin/colcon', 'build']
[0.197s] DEBUG:colcon:Parsed command line arguments: Namespace(log_base=None, log_level=None, verb_name='build', build_base='build', install_base='install', merge_install=False, symlink_install=False, test_result_base=None, continue_on_error=False, executor='parallel', parallel_workers=2, event_handlers=None, ignore_user_meta=False, metas=['./colcon.meta'], base_paths=['.'], packages_ignore=None, packages_ignore_regex=None, paths=None, packages_up_to=None, packages_up_to_regex=None, packages_above=None, packages_above_and_dependencies=None, packages_above_depth=None, packages_select_by_dep=None, packages_skip_by_dep=None, packages_skip_up_to=None, packages_select_build_failed=False, packages_skip_build_finished=False, packages_select_test_failures=False, packages_skip_test_passed=False, packages_select=None, packages_skip=None, packages_select_regex=None, packages_skip_regex=None, packages_start=None, packages_end=None, allow_overriding=[], cmake_args=None, cmake_target=None, cmake_target_skip_unavailable=False, cmake_clean_cache=False, cmake_clean_first=False, cmake_force_configure=False, ament_cmake_args=None, catkin_cmake_args=None, catkin_skip_building_tests=False, mixin_files=None, mixin=None, verb_parser=<colcon_mixin.mixin.mixin_argument.MixinArgumentDecorator object at 0x7ad60d21e660>, verb_extension=<colcon_core.verb.build.BuildVerb object at 0x7ad60dcbecc0>, main=<bound method BuildVerb.main of <colcon_core.verb.build.BuildVerb object at 0x7ad60dcbecc0>>, mixin_verb=('build',))
[0.276s] Level 1:colcon.colcon_core.package_discovery:discover_packages(colcon_meta) check parameters
[0.277s] Level 1:colcon.colcon_core.package_discovery:discover_packages(recursive) check parameters
[0.277s] Level 1:colcon.colcon_core.package_discovery:discover_packages(ignore) check parameters
[0.277s] Level 1:colcon.colcon_core.package_discovery:discover_packages(path) check parameters
[0.277s] Level 1:colcon.colcon_core.package_discovery:discover_packages(colcon_meta) discover
[0.277s] Level 1:colcon.colcon_core.package_discovery:discover_packages(recursive) discover
[0.277s] INFO:colcon.colcon_core.package_discovery:Crawling recursively for packages in '/home/angelina_m_simon/robot-navigation-sim'
[0.277s] Level 1:colcon.colcon_core.package_identification:_identify(.) by extensions ['ignore', 'ignore_ament_install']
[0.277s] Level 1:colcon.colcon_core.package_identification:_identify(.) by extension 'ignore'
[0.277s] Level 1:colcon.colcon_core.package_identification:_identify(.) by extension 'ignore_ament_install'
[0.277s] Level 1:colcon.colcon_core.package_identification:_identify(.) by extensions ['colcon_pkg']
[0.277s] Level 1:colcon.colcon_core.package_identification:_identify(.) by extension 'colcon_pkg'
[0.277s] Level 1:colcon.colcon_core.package_identification:_identify(.) by extensions ['colcon_meta']
[0.277s] Level 1:colcon.colcon_core.package_identification:_identify(.) by extension 'colcon_meta'
[0.278s] Level 1:colcon.colcon_core.package_identification:_identify(.) by extensions ['ros']
[0.278s] Level 1:colcon.colcon_core.package_identification:_identify(.) by extension 'ros'
[0.325s] Level 1:colcon.colcon_core.package_identification:_identify(.) by extensions ['cmake', 'python']
[0.326s] Level 1:colcon.colcon_core.package_identification:_identify(.) by extension 'cmake'
[0.326s] Level 1:colcon.colcon_core.package_identification:_identify(.) by extension 'python'
[0.326s] Level 1:colcon.colcon_core.package_identification:_identify(.) by extensions ['python_setup_py']
[0.326s] Level 1:colcon.colcon_core.package_identification:_identify(.) by extension 'python_setup_py'
[0.326s] Level 1:colcon.colcon_core.package_identification:_identify(build) by extensions ['ignore', 'ignore_ament_install']
[0.326s] Level 1:colcon.colcon_core.package_identification:_identify(build) by extension 'ignore'
[0.326s] Level 1:colcon.colcon_core.package_identification:_identify(build) ignored
[0.326s] Level 1:colcon.colcon_core.package_identification:_identify(docs) by extensions ['ignore', 'ignore_ament_install']
[0.327s] Level 1:colcon.colcon_core.package_identification:_identify(docs) by extension 'ignore'
[0.327s] Level 1:colcon.colcon_core.package_identification:_identify(docs) by extension 'ignore_ament_install'
[0.327s] Level 1:colcon.colcon_core.package_identification:_identify(docs) by extensions ['colcon_pkg']
[0.327s] Level 1:colcon.colcon_core.package_identification:_identify(docs) by extension 'colcon_pkg'
[0.327s] Level 1:colcon.colcon_core.package_identification:_identify(docs) by extensions ['colcon_meta']
[0.327s] Level 1:colcon.colcon_core.package_identification:_identify(docs) by extension 'colcon_meta'
[0.327s] Level 1:colcon.colcon_core.package_identification:_identify(docs) by extensions ['ros']
[0.327s] Level 1:colcon.colcon_core.package_identification:_identify(docs) by extension 'ros'
[0.327s] Level 1:colcon.colcon_core.package_identification:_identify(docs) by extensions ['cmake', 'python']
[0.327s] Level 1:colcon.colcon_core.package_identification:_identify(docs) by extension 'cmake'
[0.327s] Level 1:colcon.colcon_core.package_identification:_identify(docs) by extension 'python'
[0.327s] Level 1:colcon.colcon_core.package_identification:_identify(docs) by extensions ['python_setup_py']
[0.327s] Level 1:colcon.colcon_core.package_identification:_identify(docs) by extension 'python_setup_py'
[0.327s] Level 1:colcon.colcon_core.package_identification:_identify(install) by extensions ['ignore', 'ignore_ament_install']
[0.327s] Level 1:colcon.colcon_core.package_identification:_identify(install) by extension 'ignore'
[0.328s] Level 1:colcon.colcon_core.package_identification:_identify(install) ignored
[0.328s] Level 1:colcon.colcon_core.package_identification:_identify(log) by extensions ['ignore', 'ignore_ament_install']
[0.328s] Level 1:colcon.colcon_core.package_identification:_identify(log) by extension 'ignore'
[0.328s] Level 1:colcon.colcon_core.package_identification:_identify(log) ignored
[0.328s] Level 1:colcon.colcon_core.package_identification:_identify(notes) by extensions ['ignore', 'ignore_ament_install']
[0.328s] Level 1:colcon.colcon_core.package_identification:_identify(notes) by extension 'ignore'
[0.328s] Level 1:colcon.colcon_core.package_identification:_identify(notes) by extension 'ignore_ament_install'
[0.328s] Level 1:colcon.colcon_core.package_identification:_identify(notes) by extensions ['colcon_pkg']
[0.328s] Level 1:colcon.colcon_core.package_identification:_identify(notes) by extension 'colcon_pkg'
[0.328s] Level 1:colcon.colcon_core.package_identification:_identify(notes) by extensions ['colcon_meta']
[0.328s] Level 1:colcon.colcon_core.package_identification:_identify(notes) by extension 'colcon_meta'
[0.328s] Level 1:colcon.colcon_core.package_identification:_identify(notes) by extensions ['ros']
[0.328s] Level 1:colcon.colcon_core.package_identification:_identify(notes) by extension 'ros'
[0.328s] Level 1:colcon.colcon_core.package_identification:_identify(notes) by extensions ['cmake', 'python']
[0.328s] Level 1:colcon.colcon_core.package_identification:_identify(notes) by extension 'cmake'
[0.329s] Level 1:colcon.colcon_core.package_identification:_identify(notes) by extension 'python'
[0.329s] Level 1:colcon.colcon_core.package_identification:_identify(notes) by extensions ['python_setup_py']
[0.329s] Level 1:colcon.colcon_core.package_identification:_identify(notes) by extension 'python_setup_py'
[0.329s] Level 1:colcon.colcon_core.package_identification:_identify(src) by extensions ['ignore', 'ignore_ament_install']
[0.329s] Level 1:colcon.colcon_core.package_identification:_identify(src) by extension 'ignore'
[0.329s] Level 1:colcon.colcon_core.package_identification:_identify(src) by extension 'ignore_ament_install'
[0.329s] Level 1:colcon.colcon_core.package_identification:_identify(src) by extensions ['colcon_pkg']
[0.329s] Level 1:colcon.colcon_core.package_identification:_identify(src) by extension 'colcon_pkg'
[0.329s] Level 1:colcon.colcon_core.package_identification:_identify(src) by extensions ['colcon_meta']
[0.329s] Level 1:colcon.colcon_core.package_identification:_identify(src) by extension 'colcon_meta'
[0.329s] Level 1:colcon.colcon_core.package_identification:_identify(src) by extensions ['ros']
[0.329s] Level 1:colcon.colcon_core.package_identification:_identify(src) by extension 'ros'
[0.329s] Level 1:colcon.colcon_core.package_identification:_identify(src) by extensions ['cmake', 'python']
[0.329s] Level 1:colcon.colcon_core.package_identification:_identify(src) by extension 'cmake'
[0.329s] Level 1:colcon.colcon_core.package_identification:_identify(src) by extension 'python'
[0.329s] Level 1:colcon.colcon_core.package_identification:_identify(src) by extensions ['python_setup_py']
[0.329s] Level 1:colcon.colcon_core.package_identification:_identify(src) by extension 'python_setup_py'
[0.330s] Level 1:colcon.colcon_core.package_identification:_identify(src/robot_nav_sim) by extensions ['ignore', 'ignore_ament_install']
[0.330s] Level 1:colcon.colcon_core.package_identification:_identify(src/robot_nav_sim) by extension 'ignore'
[0.330s] Level 1:colcon.colcon_core.package_identification:_identify(src/robot_nav_sim) by extension 'ignore_ament_install'
[0.330s] Level 1:colcon.colcon_core.package_identification:_identify(src/robot_nav_sim) by extensions ['colcon_pkg']
[0.330s] Level 1:colcon.colcon_core.package_identification:_identify(src/robot_nav_sim) by extension 'colcon_pkg'
[0.330s] Level 1:colcon.colcon_core.package_identification:_identify(src/robot_nav_sim) by extensions ['colcon_meta']
[0.330s] Level 1:colcon.colcon_core.package_identification:_identify(src/robot_nav_sim) by extension 'colcon_meta'
[0.330s] Level 1:colcon.colcon_core.package_identification:_identify(src/robot_nav_sim) by extensions ['ros']
[0.330s] Level 1:colcon.colcon_core.package_identification:_identify(src/robot_nav_sim) by extension 'ros'
[0.335s] DEBUG:colcon.colcon_core.package_identification:Package 'src/robot_nav_sim' with type 'ros.ament_python' and name 'robot_nav_sim'
[0.335s] Level 1:colcon.colcon_core.package_discovery:discover_packages(recursive) using defaults
[0.335s] Level 1:colcon.colcon_core.package_discovery:discover_packages(ignore) discover
[0.335s] Level 1:colcon.colcon_core.package_discovery:discover_packages(ignore) using defaults
[0.335s] Level 1:colcon.colcon_core.package_discovery:discover_packages(path) discover
[0.335s] Level 1:colcon.colcon_core.package_discovery:discover_packages(path) using defaults
[0.368s] Level 1:colcon.colcon_core.package_discovery:discover_packages(prefix_path) check parameters
[0.368s] Level 1:colcon.colcon_core.package_discovery:discover_packages(prefix_path) discover
[0.372s] DEBUG:colcon.colcon_installed_package_information.package_discovery:Found 197 installed packages in /opt/ros/jazzy
[0.374s] Level 1:colcon.colcon_core.package_discovery:discover_packages(prefix_path) using defaults
[0.426s] Level 5:colcon.colcon_core.verb:set package 'robot_nav_sim' build argument 'cmake_args' from command line to 'None'
[0.426s] Level 5:colcon.colcon_core.verb:set package 'robot_nav_sim' build argument 'cmake_target' from command line to 'None'
[0.426s] Level 5:colcon.colcon_core.verb:set package 'robot_nav_sim' build argument 'cmake_target_skip_unavailable' from command line to 'False'
[0.426s] Level 5:colcon.colcon_core.verb:set package 'robot_nav_sim' build argument 'cmake_clean_cache' from command line to 'False'
[0.426s] Level 5:colcon.colcon_core.verb:set package 'robot_nav_sim' build argument 'cmake_clean_first' from command line to 'False'
[0.426s] Level 5:colcon.colcon_core.verb:set package 'robot_nav_sim' build argument 'cmake_force_configure' from command line to 'False'
[0.426s] Level 5:colcon.colcon_core.verb:set package 'robot_nav_sim' build argument 'ament_cmake_args' from command line to 'None'
[0.426s] Level 5:colcon.colcon_core.verb:set package 'robot_nav_sim' build argument 'catkin_cmake_args' from command line to 'None'
[0.426s] Level 5:colcon.colcon_core.verb:set package 'robot_nav_sim' build argument 'catkin_skip_building_tests' from command line to 'False'
[0.426s] DEBUG:colcon.colcon_core.verb:Building package 'robot_nav_sim' with the following arguments: {'ament_cmake_args': None, 'build_base': '/home/angelina_m_simon/robot-navigation-sim/build/robot_nav_sim', 'catkin_cmake_args': None, 'catkin_skip_building_tests': False, 'cmake_args': None, 'cmake_clean_cache': False, 'cmake_clean_first': False, 'cmake_force_configure': False, 'cmake_target': None, 'cmake_target_skip_unavailable': False, 'install_base': '/home/angelina_m_simon/robot-navigation-sim/install/robot_nav_sim', 'merge_install': False, 'path': '/home/angelina_m_simon/robot-navigation-sim/src/robot_nav_sim', 'symlink_install': False, 'test_result_base': None}
[0.427s] INFO:colcon.colcon_core.executor:Executing jobs using 'parallel' executor
[0.429s] DEBUG:colcon.colcon_parallel_executor.executor.parallel:run_until_complete
[0.431s] INFO:colcon.colcon_ros.task.ament_python.build:Building ROS package in '/home/angelina_m_simon/robot-navigation-sim/src/robot_nav_sim' with build type 'ament_python'
[0.431s] Level 1:colcon.colcon_core.shell:create_environment_hook('robot_nav_sim', 'ament_prefix_path')
[0.435s] INFO:colcon.colcon_core.plugin_system:Skipping extension 'colcon_core.shell.bat': Not used on non-Windows systems
[0.436s] INFO:colcon.colcon_core.shell:Creating environment hook '/home/angelina_m_simon/robot-navigation-sim/install/robot_nav_sim/share/robot_nav_sim/hook/ament_prefix_path.ps1'
[0.437s] INFO:colcon.colcon_core.shell:Creating environment descriptor '/home/angelina_m_simon/robot-navigation-sim/install/robot_nav_sim/share/robot_nav_sim/hook/ament_prefix_path.dsv'
[0.438s] INFO:colcon.colcon_core.shell:Creating environment hook '/home/angelina_m_simon/robot-navigation-sim/install/robot_nav_sim/share/robot_nav_sim/hook/ament_prefix_path.sh'
[0.439s] INFO:colcon.colcon_core.shell:Skip shell extension 'powershell' for command environment: Not usable outside of PowerShell
[0.439s] DEBUG:colcon.colcon_core.shell:Skip shell extension 'dsv' for command environment
[0.775s] INFO:colcon.colcon_core.task.python.build:Building Python package in '/home/angelina_m_simon/robot-navigation-sim/src/robot_nav_sim'
[0.776s] INFO:colcon.colcon_core.shell:Skip shell extension 'powershell' for command environment: Not usable outside of PowerShell
[0.776s] DEBUG:colcon.colcon_core.shell:Skip shell extension 'dsv' for command environment
[1.639s] DEBUG:colcon.colcon_core.event_handler.log_command:Invoking command in '/home/angelina_m_simon/robot-navigation-sim/src/robot_nav_sim': PYTHONPATH=/home/angelina_m_simon/robot-navigation-sim/build/robot_nav_sim/prefix_override:/usr/lib/python3/dist-packages/colcon_core/task/python/colcon_distutils_commands:/home/angelina_m_simon/robot-navigation-sim/install/robot_nav_sim/lib/python3.12/site-packages:${PYTHONPATH} /usr/bin/python3 -W ignore:setup.py install is deprecated -W ignore:easy_install command is deprecated setup.py egg_info --egg-base ../../build/robot_nav_sim build --build-base /home/angelina_m_simon/robot-navigation-sim/build/robot_nav_sim/build install --record /home/angelina_m_simon/robot-navigation-sim/build/robot_nav_sim/install.log --single-version-externally-managed install_data
[2.425s] DEBUG:colcon.colcon_core.event_handler.log_command:Invoked command in '/home/angelina_m_simon/robot-navigation-sim/src/robot_nav_sim' returned '0': PYTHONPATH=/home/angelina_m_simon/robot-navigation-sim/build/robot_nav_sim/prefix_override:/usr/lib/python3/dist-packages/colcon_core/task/python/colcon_distutils_commands:/home/angelina_m_simon/robot-navigation-sim/install/robot_nav_sim/lib/python3.12/site-packages:${PYTHONPATH} /usr/bin/python3 -W ignore:setup.py install is deprecated -W ignore:easy_install command is deprecated setup.py egg_info --egg-base ../../build/robot_nav_sim build --build-base /home/angelina_m_simon/robot-navigation-sim/build/robot_nav_sim/build install --record /home/angelina_m_simon/robot-navigation-sim/build/robot_nav_sim/install.log --single-version-externally-managed install_data
[2.430s] Level 1:colcon.colcon_core.environment:checking '/home/angelina_m_simon/robot-navigation-sim/install/robot_nav_sim' for CMake module files
[2.431s] Level 1:colcon.colcon_core.environment:checking '/home/angelina_m_simon/robot-navigation-sim/install/robot_nav_sim' for CMake config files
[2.432s] Level 1:colcon.colcon_core.environment:checking '/home/angelina_m_simon/robot-navigation-sim/install/robot_nav_sim/lib'
[2.432s] Level 1:colcon.colcon_core.environment:checking '/home/angelina_m_simon/robot-navigation-sim/install/robot_nav_sim/bin'
[2.432s] Level 1:colcon.colcon_core.environment:checking '/home/angelina_m_simon/robot-navigation-sim/install/robot_nav_sim/lib/pkgconfig/robot_nav_sim.pc'
[2.433s] Level 1:colcon.colcon_core.environment:checking '/home/angelina_m_simon/robot-navigation-sim/install/robot_nav_sim/lib/python3.12/site-packages'
[2.433s] Level 1:colcon.colcon_core.shell:create_environment_hook('robot_nav_sim', 'pythonpath')
[2.433s] INFO:colcon.colcon_core.shell:Creating environment hook '/home/angelina_m_simon/robot-navigation-sim/install/robot_nav_sim/share/robot_nav_sim/hook/pythonpath.ps1'
[2.434s] INFO:colcon.colcon_core.shell:Creating environment descriptor '/home/angelina_m_simon/robot-navigation-sim/install/robot_nav_sim/share/robot_nav_sim/hook/pythonpath.dsv'
[2.434s] INFO:colcon.colcon_core.shell:Creating environment hook '/home/angelina_m_simon/robot-navigation-sim/install/robot_nav_sim/share/robot_nav_sim/hook/pythonpath.sh'
[2.436s] Level 1:colcon.colcon_core.environment:checking '/home/angelina_m_simon/robot-navigation-sim/install/robot_nav_sim/bin'
[2.436s] Level 1:colcon.colcon_core.environment:create_environment_scripts_only(robot_nav_sim)
[2.436s] INFO:colcon.colcon_core.shell:Creating package script '/home/angelina_m_simon/robot-navigation-sim/install/robot_nav_sim/share/robot_nav_sim/package.ps1'
[2.438s] INFO:colcon.colcon_core.shell:Creating package descriptor '/home/angelina_m_simon/robot-navigation-sim/install/robot_nav_sim/share/robot_nav_sim/package.dsv'
[2.439s] INFO:colcon.colcon_core.shell:Creating package script '/home/angelina_m_simon/robot-navigation-sim/install/robot_nav_sim/share/robot_nav_sim/package.sh'
[2.441s] INFO:colcon.colcon_core.shell:Creating package script '/home/angelina_m_simon/robot-navigation-sim/install/robot_nav_sim/share/robot_nav_sim/package.bash'
[2.442s] INFO:colcon.colcon_core.shell:Creating package script '/home/angelina_m_simon/robot-navigation-sim/install/robot_nav_sim/share/robot_nav_sim/package.zsh'
[2.443s] Level 1:colcon.colcon_core.environment:create_file_with_runtime_dependencies(/home/angelina_m_simon/robot-navigation-sim/install/robot_nav_sim/share/colcon-core/packages/robot_nav_sim)
[2.443s] DEBUG:colcon.colcon_parallel_executor.executor.parallel:closing loop
[2.444s] DEBUG:colcon.colcon_parallel_executor.executor.parallel:loop closed
[2.445s] DEBUG:colcon.colcon_parallel_executor.executor.parallel:run_until_complete finished with '0'
[2.445s] DEBUG:colcon.colcon_core.event_reactor:joining thread
[2.446s] DEBUG:colcon.colcon_core.event_reactor:joined thread
[2.446s] INFO:colcon.colcon_core.shell:Creating prefix script '/home/angelina_m_simon/robot-navigation-sim/install/local_setup.ps1'
[2.448s] INFO:colcon.colcon_core.shell:Creating prefix util module '/home/angelina_m_simon/robot-navigation-sim/install/_local_setup_util_ps1.py'
[2.451s] INFO:colcon.colcon_core.shell:Creating prefix chain script '/home/angelina_m_simon/robot-navigation-sim/install/setup.ps1'
[2.453s] INFO:colcon.colcon_core.shell:Creating prefix script '/home/angelina_m_simon/robot-navigation-sim/install/local_setup.sh'
[2.454s] INFO:colcon.colcon_core.shell:Creating prefix util module '/home/angelina_m_simon/robot-navigation-sim/install/_local_setup_util_sh.py'
[2.455s] INFO:colcon.colcon_core.shell:Creating prefix chain script '/home/angelina_m_simon/robot-navigation-sim/install/setup.sh'
[2.456s] INFO:colcon.colcon_core.shell:Creating prefix script '/home/angelina_m_simon/robot-navigation-sim/install/local_setup.bash'
[2.457s] INFO:colcon.colcon_core.shell:Creating prefix chain script '/home/angelina_m_simon/robot-navigation-sim/install/setup.bash'
[2.458s] INFO:colcon.colcon_core.shell:Creating prefix script '/home/angelina_m_simon/robot-navigation-sim/install/local_setup.zsh'
[2.459s] INFO:colcon.colcon_core.shell:Creating prefix chain script '/home/angelina_m_simon/robot-navigation-sim/install/setup.zsh'
