[1.235s] Invoking command in '/home/angelina_m_simon/robot-navigation-sim/src/robot_nav_sim': PYTHONPATH=/home/angelina_m_simon/robot-navigation-sim/build/robot_nav_sim/prefix_override:/usr/lib/python3/dist-packages/colcon_core/task/python/colcon_distutils_commands:/home/angelina_m_simon/robot-navigation-sim/install/robot_nav_sim/lib/python3.12/site-packages:/home/angelina_m_simon/robot-navigation-sim/install/robot_nav_interfaces/lib/python3.12/site-packages:/home/angelina_m_simon/robot-navigation-sim/install/robot_nav_sim/lib/python3.12/site-packages:/opt/ros/jazzy/lib/python3.12/site-packages /usr/bin/python3 -W ignore:setup.py install is deprecated -W ignore:easy_install command is deprecated setup.py egg_info --egg-base ../../build/robot_nav_sim build --build-base /home/angelina_m_simon/robot-navigation-sim/build/robot_nav_sim/build install --record /home/angelina_m_simon/robot-navigation-sim/build/robot_nav_sim/install.log --single-version-externally-managed install_data
[1.618s] running egg_info
[1.641s] writing ../../build/robot_nav_sim/robot_nav_sim.egg-info/PKG-INFO
[1.642s] writing dependency_links to ../../build/robot_nav_sim/robot_nav_sim.egg-info/dependency_links.txt
[1.643s] writing entry points to ../../build/robot_nav_sim/robot_nav_sim.egg-info/entry_points.txt
[1.643s] writing requirements to ../../build/robot_nav_sim/robot_nav_sim.egg-info/requires.txt
[1.644s] writing top-level names to ../../build/robot_nav_sim/robot_nav_sim.egg-info/top_level.txt
[1.698s] reading manifest file '../../build/robot_nav_sim/robot_nav_sim.egg-info/SOURCES.txt'
[1.701s] writing manifest file '../../build/robot_nav_sim/robot_nav_sim.egg-info/SOURCES.txt'
[1.701s] running build
[1.701s] running build_py
[1.704s] running install
[1.714s] running install_lib
[1.741s] running install_data
[1.742s] copying package.xml -> /home/angelina_m_simon/robot-navigation-sim/install/robot_nav_sim/share/robot_nav_sim
[1.742s] running install_egg_info
[1.769s] removing '/home/angelina_m_simon/robot-navigation-sim/install/robot_nav_sim/lib/python3.12/site-packages/robot_nav_sim-0.0.0-py3.12.egg-info' (and everything under it)
[1.769s] Copying ../../build/robot_nav_sim/robot_nav_sim.egg-info to /home/angelina_m_simon/robot-navigation-sim/install/robot_nav_sim/lib/python3.12/site-packages/robot_nav_sim-0.0.0-py3.12.egg-info
[1.772s] running install_scripts
[1.951s] Installing perception_node script to /home/angelina_m_simon/robot-navigation-sim/install/robot_nav_sim/lib/robot_nav_sim
[1.953s] Installing planner_node script to /home/angelina_m_simon/robot-navigation-sim/install/robot_nav_sim/lib/robot_nav_sim
[1.953s] Installing robot_driver script to /home/angelina_m_simon/robot-navigation-sim/install/robot_nav_sim/lib/robot_nav_sim
[1.954s] writing list of installed files to '/home/angelina_m_simon/robot-navigation-sim/build/robot_nav_sim/install.log'
[2.023s] Invoked command in '/home/angelina_m_simon/robot-navigation-sim/src/robot_nav_sim' returned '0': PYTHONPATH=/home/angelina_m_simon/robot-navigation-sim/build/robot_nav_sim/prefix_override:/usr/lib/python3/dist-packages/colcon_core/task/python/colcon_distutils_commands:/home/angelina_m_simon/robot-navigation-sim/install/robot_nav_sim/lib/python3.12/site-packages:/home/angelina_m_simon/robot-navigation-sim/install/robot_nav_interfaces/lib/python3.12/site-packages:/home/angelina_m_simon/robot-navigation-sim/install/robot_nav_sim/lib/python3.12/site-packages:/opt/ros/jazzy/lib/python3.12/site-packages /usr/bin/python3 -W ignore:setup.py install is deprecated -W ignore:easy_install command is deprecated setup.py egg_info --egg-base ../../build/robot_nav_sim build --build-base /home/angelina_m_simon/robot-navigation-sim/build/robot_nav_sim/build install --record /home/angelina_m_simon/robot-navigation-sim/build/robot_nav_sim/install.log --single-version-externally-managed install_data
