[0.022s] Invoking command in '/home/angelina_m_simon/robot-navigation-sim/build/robot_nav_interfaces': CMAKE_PREFIX_PATH=${CMAKE_PREFIX_PATH}:/home/angelina_m_simon/robot-navigation-sim/install/robot_nav_sim:/opt/ros/jazzy /usr/bin/cmake --build /home/angelina_m_simon/robot-navigation-sim/build/robot_nav_interfaces -- -j2 -l2
[0.195s] [  5%] Built target robot_nav_interfaces__rs
[0.195s] [  5%] Built target robot_nav_interfaces__rosidl_generator_type_description
[0.251s] [ 20%] Built target robot_nav_interfaces__rosidl_generator_c
[0.273s] [ 20%] Built target ament_cmake_python_copy_robot_nav_interfaces
[0.302s] [ 22%] Built target robot_nav_interfaces__cpp
[0.339s] [ 31%] Built target robot_nav_interfaces__rosidl_typesupport_fastrtps_c
[0.364s] [ 40%] Built target robot_nav_interfaces__rosidl_typesupport_introspection_c
[0.428s] [ 48%] Built target robot_nav_interfaces__rosidl_typesupport_c
[0.496s] [ 57%] Built target robot_nav_interfaces__rosidl_typesupport_fastrtps_cpp
[0.571s] [ 65%] Built target robot_nav_interfaces__rosidl_typesupport_introspection_cpp
[0.634s] [ 74%] Built target robot_nav_interfaces__rosidl_typesupport_cpp
[0.686s] [ 74%] Built target robot_nav_interfaces
[0.742s] [ 77%] Built target robot_nav_interfaces__py
[0.809s] [ 82%] Built target robot_nav_interfaces__rosidl_generator_py
[0.869s] [ 88%] Built target robot_nav_interfaces_s__rosidl_typesupport_fastrtps_c
[0.934s] [ 94%] Built target robot_nav_interfaces_s__rosidl_typesupport_introspection_c
[0.992s] running egg_info
[0.999s] [100%] Built target robot_nav_interfaces_s__rosidl_typesupport_c
[1.026s] writing robot_nav_interfaces.egg-info/PKG-INFO
[1.027s] writing dependency_links to robot_nav_interfaces.egg-info/dependency_links.txt
[1.027s] writing top-level names to robot_nav_interfaces.egg-info/top_level.txt
[1.097s] reading manifest file 'robot_nav_interfaces.egg-info/SOURCES.txt'
[1.100s] writing manifest file 'robot_nav_interfaces.egg-info/SOURCES.txt'
[1.158s] [100%] Built target ament_cmake_python_build_robot_nav_interfaces_egg
[1.179s] Invoked command in '/home/angelina_m_simon/robot-navigation-sim/build/robot_nav_interfaces' returned '0': CMAKE_PREFIX_PATH=${CMAKE_PREFIX_PATH}:/home/angelina_m_simon/robot-navigation-sim/install/robot_nav_sim:/opt/ros/jazzy /usr/bin/cmake --build /home/angelina_m_simon/robot-navigation-sim/build/robot_nav_interfaces -- -j2 -l2
[1.199s] Invoking command in '/home/angelina_m_simon/robot-navigation-sim/build/robot_nav_interfaces': CMAKE_PREFIX_PATH=${CMAKE_PREFIX_PATH}:/home/angelina_m_simon/robot-navigation-sim/install/robot_nav_sim:/opt/ros/jazzy /usr/bin/cmake --install /home/angelina_m_simon/robot-navigation-sim/build/robot_nav_interfaces
[1.221s] -- Install configuration: ""
[1.222s] -- Up-to-date: /home/angelina_m_simon/robot-navigation-sim/install/robot_nav_interfaces/share/ament_index/resource_index/rosidl_interfaces/robot_nav_interfaces
[1.222s] -- Up-to-date: /home/angelina_m_simon/robot-navigation-sim/install/robot_nav_interfaces/share/robot_nav_interfaces/msg/Detection.json
[1.222s] -- Up-to-date: /home/angelina_m_simon/robot-navigation-sim/install/robot_nav_interfaces/include/robot_nav_interfaces/robot_nav_interfaces
[1.222s] -- Up-to-date: /home/angelina_m_simon/robot-navigation-sim/install/robot_nav_interfaces/include/robot_nav_interfaces/robot_nav_interfaces/msg
[1.222s] -- Up-to-date: /home/angelina_m_simon/robot-navigation-sim/install/robot_nav_interfaces/include/robot_nav_interfaces/robot_nav_interfaces/msg/detail
[1.223s] -- Up-to-date: /home/angelina_m_simon/robot-navigation-sim/install/robot_nav_interfaces/include/robot_nav_interfaces/robot_nav_interfaces/msg/detail/detection__description.c
[1.223s] -- Up-to-date: /home/angelina_m_simon/robot-navigation-sim/install/robot_nav_interfaces/include/robot_nav_interfaces/robot_nav_interfaces/msg/detail/detection__type_support.h
[1.223s] -- Up-to-date: /home/angelina_m_simon/robot-navigation-sim/install/robot_nav_interfaces/include/robot_nav_interfaces/robot_nav_interfaces/msg/detail/detection__functions.h
[1.223s] -- Up-to-date: /home/angelina_m_simon/robot-navigation-sim/install/robot_nav_interfaces/include/robot_nav_interfaces/robot_nav_interfaces/msg/detail/detection__functions.c
[1.223s] -- Installing: /home/angelina_m_simon/robot-navigation-sim/install/robot_nav_interfaces/include/robot_nav_interfaces/robot_nav_interfaces/msg/detail/detection__type_support.c
[1.224s] -- Up-to-date: /home/angelina_m_simon/robot-navigation-sim/install/robot_nav_interfaces/include/robot_nav_interfaces/robot_nav_interfaces/msg/detail/detection__struct.h
[1.224s] -- Up-to-date: /home/angelina_m_simon/robot-navigation-sim/install/robot_nav_interfaces/include/robot_nav_interfaces/robot_nav_interfaces/msg/detection.h
[1.224s] -- Up-to-date: /home/angelina_m_simon/robot-navigation-sim/install/robot_nav_interfaces/include/robot_nav_interfaces/robot_nav_interfaces/msg/rosidl_generator_c__visibility_control.h
[1.224s] -- Up-to-date: /home/angelina_m_simon/robot-navigation-sim/install/robot_nav_interfaces/share/robot_nav_interfaces/environment/library_path.sh
[1.224s] -- Up-to-date: /home/angelina_m_simon/robot-navigation-sim/install/robot_nav_interfaces/share/robot_nav_interfaces/environment/library_path.dsv
[1.225s] -- Up-to-date: /home/angelina_m_simon/robot-navigation-sim/install/robot_nav_interfaces/lib/librobot_nav_interfaces__rosidl_generator_c.so
[1.226s] -- Up-to-date: /home/angelina_m_simon/robot-navigation-sim/install/robot_nav_interfaces/include/robot_nav_interfaces/robot_nav_interfaces
[1.226s] -- Up-to-date: /home/angelina_m_simon/robot-navigation-sim/install/robot_nav_interfaces/include/robot_nav_interfaces/robot_nav_interfaces/msg
[1.226s] -- Up-to-date: /home/angelina_m_simon/robot-navigation-sim/install/robot_nav_interfaces/include/robot_nav_interfaces/robot_nav_interfaces/msg/detail
[1.226s] -- Up-to-date: /home/angelina_m_simon/robot-navigation-sim/install/robot_nav_interfaces/include/robot_nav_interfaces/robot_nav_interfaces/msg/detail/detection__rosidl_typesupport_fastrtps_c.h
[1.227s] -- Up-to-date: /home/angelina_m_simon/robot-navigation-sim/install/robot_nav_interfaces/include/robot_nav_interfaces/robot_nav_interfaces/msg/rosidl_typesupport_fastrtps_c__visibility_control.h
[1.228s] -- Up-to-date: /home/angelina_m_simon/robot-navigation-sim/install/robot_nav_interfaces/lib/librobot_nav_interfaces__rosidl_typesupport_fastrtps_c.so
[1.229s] -- Up-to-date: /home/angelina_m_simon/robot-navigation-sim/install/robot_nav_interfaces/include/robot_nav_interfaces/robot_nav_interfaces
[1.230s] -- Up-to-date: /home/angelina_m_simon/robot-navigation-sim/install/robot_nav_interfaces/include/robot_nav_interfaces/robot_nav_interfaces/msg
[1.230s] -- Up-to-date: /home/angelina_m_simon/robot-navigation-sim/install/robot_nav_interfaces/include/robot_nav_interfaces/robot_nav_interfaces/msg/rosidl_typesupport_introspection_c__visibility_control.h
[1.230s] -- Up-to-date: /home/angelina_m_simon/robot-navigation-sim/install/robot_nav_interfaces/include/robot_nav_interfaces/robot_nav_interfaces/msg/detail
[1.230s] -- Up-to-date: /home/angelina_m_simon/robot-navigation-sim/install/robot_nav_interfaces/include/robot_nav_interfaces/robot_nav_interfaces/msg/detail/detection__rosidl_typesupport_introspection_c.h
[1.230s] -- Installing: /home/angelina_m_simon/robot-navigation-sim/install/robot_nav_interfaces/include/robot_nav_interfaces/robot_nav_interfaces/msg/detail/detection__type_support.c
[1.233s] -- Up-to-date: /home/angelina_m_simon/robot-navigation-sim/install/robot_nav_interfaces/lib/librobot_nav_interfaces__rosidl_typesupport_introspection_c.so
[1.234s] -- Up-to-date: /home/angelina_m_simon/robot-navigation-sim/install/robot_nav_interfaces/lib/librobot_nav_interfaces__rosidl_typesupport_c.so
[1.235s] -- Up-to-date: /home/angelina_m_simon/robot-navigation-sim/install/robot_nav_interfaces/include/robot_nav_interfaces/robot_nav_interfaces
[1.235s] -- Up-to-date: /home/angelina_m_simon/robot-navigation-sim/install/robot_nav_interfaces/include/robot_nav_interfaces/robot_nav_interfaces/msg
[1.236s] -- Up-to-date: /home/angelina_m_simon/robot-navigation-sim/install/robot_nav_interfaces/include/robot_nav_interfaces/robot_nav_interfaces/msg/rosidl_generator_cpp__visibility_control.hpp
[1.236s] -- Up-to-date: /home/angelina_m_simon/robot-navigation-sim/install/robot_nav_interfaces/include/robot_nav_interfaces/robot_nav_interfaces/msg/detail
[1.236s] -- Up-to-date: /home/angelina_m_simon/robot-navigation-sim/install/robot_nav_interfaces/include/robot_nav_interfaces/robot_nav_interfaces/msg/detail/detection__type_support.hpp
[1.236s] -- Up-to-date: /home/angelina_m_simon/robot-navigation-sim/install/robot_nav_interfaces/include/robot_nav_interfaces/robot_nav_interfaces/msg/detail/detection__struct.hpp
[1.237s] -- Up-to-date: /home/angelina_m_simon/robot-navigation-sim/install/robot_nav_interfaces/include/robot_nav_interfaces/robot_nav_interfaces/msg/detail/detection__builder.hpp
[1.237s] -- Up-to-date: /home/angelina_m_simon/robot-navigation-sim/install/robot_nav_interfaces/include/robot_nav_interfaces/robot_nav_interfaces/msg/detail/detection__traits.hpp
[1.237s] -- Up-to-date: /home/angelina_m_simon/robot-navigation-sim/install/robot_nav_interfaces/include/robot_nav_interfaces/robot_nav_interfaces/msg/detection.hpp
[1.237s] -- Up-to-date: /home/angelina_m_simon/robot-navigation-sim/install/robot_nav_interfaces/include/robot_nav_interfaces/robot_nav_interfaces
[1.237s] -- Up-to-date: /home/angelina_m_simon/robot-navigation-sim/install/robot_nav_interfaces/include/robot_nav_interfaces/robot_nav_interfaces/msg
[1.237s] -- Up-to-date: /home/angelina_m_simon/robot-navigation-sim/install/robot_nav_interfaces/include/robot_nav_interfaces/robot_nav_interfaces/msg/detail
[1.237s] -- Up-to-date: /home/angelina_m_simon/robot-navigation-sim/install/robot_nav_interfaces/include/robot_nav_interfaces/robot_nav_interfaces/msg/detail/dds_fastrtps
[1.237s] -- Up-to-date: /home/angelina_m_simon/robot-navigation-sim/install/robot_nav_interfaces/include/robot_nav_interfaces/robot_nav_interfaces/msg/detail/detection__rosidl_typesupport_fastrtps_cpp.hpp
[1.237s] -- Up-to-date: /home/angelina_m_simon/robot-navigation-sim/install/robot_nav_interfaces/include/robot_nav_interfaces/robot_nav_interfaces/msg/rosidl_typesupport_fastrtps_cpp__visibility_control.h
[1.239s] -- Up-to-date: /home/angelina_m_simon/robot-navigation-sim/install/robot_nav_interfaces/lib/librobot_nav_interfaces__rosidl_typesupport_fastrtps_cpp.so
[1.239s] -- Up-to-date: /home/angelina_m_simon/robot-navigation-sim/install/robot_nav_interfaces/include/robot_nav_interfaces/robot_nav_interfaces
[1.240s] -- Up-to-date: /home/angelina_m_simon/robot-navigation-sim/install/robot_nav_interfaces/include/robot_nav_interfaces/robot_nav_interfaces/msg
[1.240s] -- Up-to-date: /home/angelina_m_simon/robot-navigation-sim/install/robot_nav_interfaces/include/robot_nav_interfaces/robot_nav_interfaces/msg/detail
[1.240s] -- Up-to-date: /home/angelina_m_simon/robot-navigation-sim/install/robot_nav_interfaces/include/robot_nav_interfaces/robot_nav_interfaces/msg/detail/detection__type_support.cpp
[1.240s] -- Up-to-date: /home/angelina_m_simon/robot-navigation-sim/install/robot_nav_interfaces/include/robot_nav_interfaces/robot_nav_interfaces/msg/detail/detection__rosidl_typesupport_introspection_cpp.hpp
[1.241s] -- Up-to-date: /home/angelina_m_simon/robot-navigation-sim/install/robot_nav_interfaces/lib/librobot_nav_interfaces__rosidl_typesupport_introspection_cpp.so
[1.243s] -- Up-to-date: /home/angelina_m_simon/robot-navigation-sim/install/robot_nav_interfaces/lib/librobot_nav_interfaces__rosidl_typesupport_cpp.so
[1.244s] -- Up-to-date: /home/angelina_m_simon/robot-navigation-sim/install/robot_nav_interfaces/share/robot_nav_interfaces/environment/pythonpath.sh
[1.244s] -- Up-to-date: /home/angelina_m_simon/robot-navigation-sim/install/robot_nav_interfaces/share/robot_nav_interfaces/environment/pythonpath.dsv
[1.244s] -- Up-to-date: /home/angelina_m_simon/robot-navigation-sim/install/robot_nav_interfaces/lib/python3.12/site-packages/robot_nav_interfaces-0.0.0-py3.12.egg-info
[1.244s] -- Installing: /home/angelina_m_simon/robot-navigation-sim/install/robot_nav_interfaces/lib/python3.12/site-packages/robot_nav_interfaces-0.0.0-py3.12.egg-info/SOURCES.txt
[1.245s] -- Installing: /home/angelina_m_simon/robot-navigation-sim/install/robot_nav_interfaces/lib/python3.12/site-packages/robot_nav_interfaces-0.0.0-py3.12.egg-info/PKG-INFO
[1.245s] -- Installing: /home/angelina_m_simon/robot-navigation-sim/install/robot_nav_interfaces/lib/python3.12/site-packages/robot_nav_interfaces-0.0.0-py3.12.egg-info/dependency_links.txt
[1.246s] -- Installing: /home/angelina_m_simon/robot-navigation-sim/install/robot_nav_interfaces/lib/python3.12/site-packages/robot_nav_interfaces-0.0.0-py3.12.egg-info/top_level.txt
[1.246s] -- Up-to-date: /home/angelina_m_simon/robot-navigation-sim/install/robot_nav_interfaces/lib/python3.12/site-packages/robot_nav_interfaces
[1.246s] -- Up-to-date: /home/angelina_m_simon/robot-navigation-sim/install/robot_nav_interfaces/lib/python3.12/site-packages/robot_nav_interfaces/msg
[1.247s] -- Up-to-date: /home/angelina_m_simon/robot-navigation-sim/install/robot_nav_interfaces/lib/python3.12/site-packages/robot_nav_interfaces/msg/__init__.py
[1.247s] -- Up-to-date: /home/angelina_m_simon/robot-navigation-sim/install/robot_nav_interfaces/lib/python3.12/site-packages/robot_nav_interfaces/msg/_detection.py
[1.247s] -- Up-to-date: /home/angelina_m_simon/robot-navigation-sim/install/robot_nav_interfaces/lib/python3.12/site-packages/robot_nav_interfaces/msg/_detection_s.c
[1.247s] -- Up-to-date: /home/angelina_m_simon/robot-navigation-sim/install/robot_nav_interfaces/lib/python3.12/site-packages/robot_nav_interfaces/_robot_nav_interfaces_s.ep.rosidl_typesupport_introspection_c.c
[1.248s] -- Up-to-date: /home/angelina_m_simon/robot-navigation-sim/install/robot_nav_interfaces/lib/python3.12/site-packages/robot_nav_interfaces/__init__.py
[1.248s] -- Up-to-date: /home/angelina_m_simon/robot-navigation-sim/install/robot_nav_interfaces/lib/python3.12/site-packages/robot_nav_interfaces/robot_nav_interfaces_s__rosidl_typesupport_fastrtps_c.so
[1.248s] -- Up-to-date: /home/angelina_m_simon/robot-navigation-sim/install/robot_nav_interfaces/lib/python3.12/site-packages/robot_nav_interfaces/_robot_nav_interfaces_s.ep.rosidl_typesupport_c.c
[1.248s] -- Up-to-date: /home/angelina_m_simon/robot-navigation-sim/install/robot_nav_interfaces/lib/python3.12/site-packages/robot_nav_interfaces/robot_nav_interfaces_s__rosidl_typesupport_introspection_c.so
[1.248s] -- Up-to-date: /home/angelina_m_simon/robot-navigation-sim/install/robot_nav_interfaces/lib/python3.12/site-packages/robot_nav_interfaces/_robot_nav_interfaces_s.ep.rosidl_typesupport_fastrtps_c.c
[1.249s] -- Up-to-date: /home/angelina_m_simon/robot-navigation-sim/install/robot_nav_interfaces/lib/python3.12/site-packages/robot_nav_interfaces/robot_nav_interfaces_s__rosidl_typesupport_c.so
[1.334s] Listing '/home/angelina_m_simon/robot-navigation-sim/install/robot_nav_interfaces/lib/python3.12/site-packages/robot_nav_interfaces'...
[1.334s] Listing '/home/angelina_m_simon/robot-navigation-sim/install/robot_nav_interfaces/lib/python3.12/site-packages/robot_nav_interfaces/msg'...
[1.345s] -- Up-to-date: /home/angelina_m_simon/robot-navigation-sim/install/robot_nav_interfaces/lib/python3.12/site-packages/robot_nav_interfaces/robot_nav_interfaces_s__rosidl_typesupport_fastrtps_c.so
[1.347s] -- Up-to-date: /home/angelina_m_simon/robot-navigation-sim/install/robot_nav_interfaces/lib/python3.12/site-packages/robot_nav_interfaces/robot_nav_interfaces_s__rosidl_typesupport_introspection_c.so
[1.348s] -- Up-to-date: /home/angelina_m_simon/robot-navigation-sim/install/robot_nav_interfaces/lib/python3.12/site-packages/robot_nav_interfaces/robot_nav_interfaces_s__rosidl_typesupport_c.so
[1.350s] -- Up-to-date: /home/angelina_m_simon/robot-navigation-sim/install/robot_nav_interfaces/lib/librobot_nav_interfaces__rosidl_generator_py.so
[1.351s] -- Up-to-date: /home/angelina_m_simon/robot-navigation-sim/install/robot_nav_interfaces/share/ament_index/resource_index/rust_packages/robot_nav_interfaces
[1.351s] -- Up-to-date: /home/angelina_m_simon/robot-navigation-sim/install/robot_nav_interfaces/share/robot_nav_interfaces/rust
[1.351s] -- Up-to-date: /home/angelina_m_simon/robot-navigation-sim/install/robot_nav_interfaces/share/robot_nav_interfaces/rust/src
[1.352s] -- Up-to-date: /home/angelina_m_simon/robot-navigation-sim/install/robot_nav_interfaces/share/robot_nav_interfaces/rust/src/msg
[1.353s] -- Up-to-date: /home/angelina_m_simon/robot-navigation-sim/install/robot_nav_interfaces/share/robot_nav_interfaces/rust/src/msg/rmw.rs
[1.353s] -- Up-to-date: /home/angelina_m_simon/robot-navigation-sim/install/robot_nav_interfaces/share/robot_nav_interfaces/rust/src/msg.rs
[1.353s] -- Up-to-date: /home/angelina_m_simon/robot-navigation-sim/install/robot_nav_interfaces/share/robot_nav_interfaces/rust/src/lib.rs
[1.354s] -- Up-to-date: /home/angelina_m_simon/robot-navigation-sim/install/robot_nav_interfaces/share/robot_nav_interfaces/rust/Cargo.toml
[1.354s] -- Up-to-date: /home/angelina_m_simon/robot-navigation-sim/install/robot_nav_interfaces/share/robot_nav_interfaces/rust/build.rs
[1.354s] -- Up-to-date: /home/angelina_m_simon/robot-navigation-sim/install/robot_nav_interfaces/share/robot_nav_interfaces/msg/Detection.idl
[1.354s] -- Up-to-date: /home/angelina_m_simon/robot-navigation-sim/install/robot_nav_interfaces/share/robot_nav_interfaces/msg/Detection.msg
[1.354s] -- Up-to-date: /home/angelina_m_simon/robot-navigation-sim/install/robot_nav_interfaces/share/ament_index/resource_index/package_run_dependencies/robot_nav_interfaces
[1.354s] -- Up-to-date: /home/angelina_m_simon/robot-navigation-sim/install/robot_nav_interfaces/share/ament_index/resource_index/parent_prefix_path/robot_nav_interfaces
[1.355s] -- Up-to-date: /home/angelina_m_simon/robot-navigation-sim/install/robot_nav_interfaces/share/robot_nav_interfaces/environment/ament_prefix_path.sh
[1.355s] -- Up-to-date: /home/angelina_m_simon/robot-navigation-sim/install/robot_nav_interfaces/share/robot_nav_interfaces/environment/ament_prefix_path.dsv
[1.355s] -- Up-to-date: /home/angelina_m_simon/robot-navigation-sim/install/robot_nav_interfaces/share/robot_nav_interfaces/environment/path.sh
[1.355s] -- Up-to-date: /home/angelina_m_simon/robot-navigation-sim/install/robot_nav_interfaces/share/robot_nav_interfaces/environment/path.dsv
[1.355s] -- Up-to-date: /home/angelina_m_simon/robot-navigation-sim/install/robot_nav_interfaces/share/robot_nav_interfaces/local_setup.bash
[1.355s] -- Up-to-date: /home/angelina_m_simon/robot-navigation-sim/install/robot_nav_interfaces/share/robot_nav_interfaces/local_setup.sh
[1.355s] -- Up-to-date: /home/angelina_m_simon/robot-navigation-sim/install/robot_nav_interfaces/share/robot_nav_interfaces/local_setup.zsh
[1.355s] -- Up-to-date: /home/angelina_m_simon/robot-navigation-sim/install/robot_nav_interfaces/share/robot_nav_interfaces/local_setup.dsv
[1.355s] -- Installing: /home/angelina_m_simon/robot-navigation-sim/install/robot_nav_interfaces/share/robot_nav_interfaces/package.dsv
[1.356s] -- Up-to-date: /home/angelina_m_simon/robot-navigation-sim/install/robot_nav_interfaces/share/ament_index/resource_index/packages/robot_nav_interfaces
[1.356s] -- Up-to-date: /home/angelina_m_simon/robot-navigation-sim/install/robot_nav_interfaces/share/robot_nav_interfaces/cmake/export_robot_nav_interfaces__rosidl_generator_cExport.cmake
[1.356s] -- Up-to-date: /home/angelina_m_simon/robot-navigation-sim/install/robot_nav_interfaces/share/robot_nav_interfaces/cmake/export_robot_nav_interfaces__rosidl_generator_cExport-noconfig.cmake
[1.358s] -- Up-to-date: /home/angelina_m_simon/robot-navigation-sim/install/robot_nav_interfaces/share/robot_nav_interfaces/cmake/export_robot_nav_interfaces__rosidl_typesupport_fastrtps_cExport.cmake
[1.359s] -- Up-to-date: /home/angelina_m_simon/robot-navigation-sim/install/robot_nav_interfaces/share/robot_nav_interfaces/cmake/export_robot_nav_interfaces__rosidl_typesupport_fastrtps_cExport-noconfig.cmake
[1.360s] -- Up-to-date: /home/angelina_m_simon/robot-navigation-sim/install/robot_nav_interfaces/share/robot_nav_interfaces/cmake/robot_nav_interfaces__rosidl_typesupport_introspection_cExport.cmake
[1.360s] -- Up-to-date: /home/angelina_m_simon/robot-navigation-sim/install/robot_nav_interfaces/share/robot_nav_interfaces/cmake/robot_nav_interfaces__rosidl_typesupport_introspection_cExport-noconfig.cmake
[1.361s] -- Up-to-date: /home/angelina_m_simon/robot-navigation-sim/install/robot_nav_interfaces/share/robot_nav_interfaces/cmake/robot_nav_interfaces__rosidl_typesupport_cExport.cmake
[1.362s] -- Up-to-date: /home/angelina_m_simon/robot-navigation-sim/install/robot_nav_interfaces/share/robot_nav_interfaces/cmake/robot_nav_interfaces__rosidl_typesupport_cExport-noconfig.cmake
[1.363s] -- Up-to-date: /home/angelina_m_simon/robot-navigation-sim/install/robot_nav_interfaces/share/robot_nav_interfaces/cmake/export_robot_nav_interfaces__rosidl_generator_cppExport.cmake
[1.365s] -- Up-to-date: /home/angelina_m_simon/robot-navigation-sim/install/robot_nav_interfaces/share/robot_nav_interfaces/cmake/export_robot_nav_interfaces__rosidl_typesupport_fastrtps_cppExport.cmake
[1.365s] -- Up-to-date: /home/angelina_m_simon/robot-navigation-sim/install/robot_nav_interfaces/share/robot_nav_interfaces/cmake/export_robot_nav_interfaces__rosidl_typesupport_fastrtps_cppExport-noconfig.cmake
[1.366s] -- Up-to-date: /home/angelina_m_simon/robot-navigation-sim/install/robot_nav_interfaces/share/robot_nav_interfaces/cmake/robot_nav_interfaces__rosidl_typesupport_introspection_cppExport.cmake
[1.367s] -- Up-to-date: /home/angelina_m_simon/robot-navigation-sim/install/robot_nav_interfaces/share/robot_nav_interfaces/cmake/robot_nav_interfaces__rosidl_typesupport_introspection_cppExport-noconfig.cmake
[1.368s] -- Up-to-date: /home/angelina_m_simon/robot-navigation-sim/install/robot_nav_interfaces/share/robot_nav_interfaces/cmake/robot_nav_interfaces__rosidl_typesupport_cppExport.cmake
[1.368s] -- Up-to-date: /home/angelina_m_simon/robot-navigation-sim/install/robot_nav_interfaces/share/robot_nav_interfaces/cmake/robot_nav_interfaces__rosidl_typesupport_cppExport-noconfig.cmake
[1.370s] -- Up-to-date: /home/angelina_m_simon/robot-navigation-sim/install/robot_nav_interfaces/share/robot_nav_interfaces/cmake/export_robot_nav_interfaces__rosidl_generator_pyExport.cmake
[1.371s] -- Up-to-date: /home/angelina_m_simon/robot-navigation-sim/install/robot_nav_interfaces/share/robot_nav_interfaces/cmake/export_robot_nav_interfaces__rosidl_generator_pyExport-noconfig.cmake
[1.371s] -- Up-to-date: /home/angelina_m_simon/robot-navigation-sim/install/robot_nav_interfaces/share/robot_nav_interfaces/cmake/rosidl_cmake-extras.cmake
[1.371s] -- Up-to-date: /home/angelina_m_simon/robot-navigation-sim/install/robot_nav_interfaces/share/robot_nav_interfaces/cmake/ament_cmake_export_include_directories-extras.cmake
[1.371s] -- Up-to-date: /home/angelina_m_simon/robot-navigation-sim/install/robot_nav_interfaces/share/robot_nav_interfaces/cmake/ament_cmake_export_libraries-extras.cmake
[1.372s] -- Up-to-date: /home/angelina_m_simon/robot-navigation-sim/install/robot_nav_interfaces/share/robot_nav_interfaces/cmake/ament_cmake_export_targets-extras.cmake
[1.372s] -- Up-to-date: /home/angelina_m_simon/robot-navigation-sim/install/robot_nav_interfaces/share/robot_nav_interfaces/cmake/rosidl_cmake_export_typesupport_targets-extras.cmake
[1.372s] -- Up-to-date: /home/angelina_m_simon/robot-navigation-sim/install/robot_nav_interfaces/share/robot_nav_interfaces/cmake/ament_cmake_export_dependencies-extras.cmake
[1.372s] -- Up-to-date: /home/angelina_m_simon/robot-navigation-sim/install/robot_nav_interfaces/share/robot_nav_interfaces/cmake/rosidl_cmake_export_typesupport_libraries-extras.cmake
[1.372s] -- Up-to-date: /home/angelina_m_simon/robot-navigation-sim/install/robot_nav_interfaces/share/robot_nav_interfaces/cmake/robot_nav_interfacesConfig.cmake
[1.372s] -- Up-to-date: /home/angelina_m_simon/robot-navigation-sim/install/robot_nav_interfaces/share/robot_nav_interfaces/cmake/robot_nav_interfacesConfig-version.cmake
[1.372s] -- Up-to-date: /home/angelina_m_simon/robot-navigation-sim/install/robot_nav_interfaces/share/robot_nav_interfaces/package.xml
[1.377s] Invoked command in '/home/angelina_m_simon/robot-navigation-sim/build/robot_nav_interfaces' returned '0': CMAKE_PREFIX_PATH=${CMAKE_PREFIX_PATH}:/home/angelina_m_simon/robot-navigation-sim/install/robot_nav_sim:/opt/ros/jazzy /usr/bin/cmake --install /home/angelina_m_simon/robot-navigation-sim/build/robot_nav_interfaces
