running egg_info
writing ../../build/robot_nav_sim/robot_nav_sim.egg-info/PKG-INFO
writing dependency_links to ../../build/robot_nav_sim/robot_nav_sim.egg-info/dependency_links.txt
writing entry points to ../../build/robot_nav_sim/robot_nav_sim.egg-info/entry_points.txt
writing requirements to ../../build/robot_nav_sim/robot_nav_sim.egg-info/requires.txt
writing top-level names to ../../build/robot_nav_sim/robot_nav_sim.egg-info/top_level.txt
reading manifest file '../../build/robot_nav_sim/robot_nav_sim.egg-info/SOURCES.txt'
writing manifest file '../../build/robot_nav_sim/robot_nav_sim.egg-info/SOURCES.txt'
running build
running build_py
running install
running install_lib
running install_data
running install_egg_info
removing '/home/angelina_m_simon/robot-navigation-sim/install/robot_nav_sim/lib/python3.12/site-packages/robot_nav_sim-0.0.0-py3.12.egg-info' (and everything under it)
Copying ../../build/robot_nav_sim/robot_nav_sim.egg-info to /home/angelina_m_simon/robot-navigation-sim/install/robot_nav_sim/lib/python3.12/site-packages/robot_nav_sim-0.0.0-py3.12.egg-info
running install_scripts
Installing perception_node script to /home/angelina_m_simon/robot-navigation-sim/install/robot_nav_sim/lib/robot_nav_sim
Installing planner_node script to /home/angelina_m_simon/robot-navigation-sim/install/robot_nav_sim/lib/robot_nav_sim
Installing robot_driver script to /home/angelina_m_simon/robot-navigation-sim/install/robot_nav_sim/lib/robot_nav_sim
writing list of installed files to '/home/angelina_m_simon/robot-navigation-sim/build/robot_nav_sim/install.log'
