running egg_info
creating ../../build/robot_nav_sim/robot_nav_sim.egg-info
writing ../../build/robot_nav_sim/robot_nav_sim.egg-info/PKG-INFO
writing dependency_links to ../../build/robot_nav_sim/robot_nav_sim.egg-info/dependency_links.txt
writing entry points to ../../build/robot_nav_sim/robot_nav_sim.egg-info/entry_points.txt
writing requirements to ../../build/robot_nav_sim/robot_nav_sim.egg-info/requires.txt
writing top-level names to ../../build/robot_nav_sim/robot_nav_sim.egg-info/top_level.txt
writing manifest file '../../build/robot_nav_sim/robot_nav_sim.egg-info/SOURCES.txt'
reading manifest file '../../build/robot_nav_sim/robot_nav_sim.egg-info/SOURCES.txt'
writing manifest file '../../build/robot_nav_sim/robot_nav_sim.egg-info/SOURCES.txt'
running build
running build_py
creating /home/angelina_m_simon/robot-navigation-sim/build/robot_nav_sim/build
creating /home/angelina_m_simon/robot-navigation-sim/build/robot_nav_sim/build/lib
creating /home/angelina_m_simon/robot-navigation-sim/build/robot_nav_sim/build/lib/robot_nav_sim
copying robot_nav_sim/perception_node.py -> /home/angelina_m_simon/robot-navigation-sim/build/robot_nav_sim/build/lib/robot_nav_sim
copying robot_nav_sim/__init__.py -> /home/angelina_m_simon/robot-navigation-sim/build/robot_nav_sim/build/lib/robot_nav_sim
copying robot_nav_sim/robot_driver.py -> /home/angelina_m_simon/robot-navigation-sim/build/robot_nav_sim/build/lib/robot_nav_sim
copying robot_nav_sim/planner_node.py -> /home/angelina_m_simon/robot-navigation-sim/build/robot_nav_sim/build/lib/robot_nav_sim
running install
running install_lib
creating /home/angelina_m_simon/robot-navigation-sim/install/robot_nav_sim/lib/python3.12/site-packages/robot_nav_sim
copying /home/angelina_m_simon/robot-navigation-sim/build/robot_nav_sim/build/lib/robot_nav_sim/perception_node.py -> /home/angelina_m_simon/robot-navigation-sim/install/robot_nav_sim/lib/python3.12/site-packages/robot_nav_sim
copying /home/angelina_m_simon/robot-navigation-sim/build/robot_nav_sim/build/lib/robot_nav_sim/__init__.py -> /home/angelina_m_simon/robot-navigation-sim/install/robot_nav_sim/lib/python3.12/site-packages/robot_nav_sim
copying /home/angelina_m_simon/robot-navigation-sim/build/robot_nav_sim/build/lib/robot_nav_sim/robot_driver.py -> /home/angelina_m_simon/robot-navigation-sim/install/robot_nav_sim/lib/python3.12/site-packages/robot_nav_sim
copying /home/angelina_m_simon/robot-navigation-sim/build/robot_nav_sim/build/lib/robot_nav_sim/planner_node.py -> /home/angelina_m_simon/robot-navigation-sim/install/robot_nav_sim/lib/python3.12/site-packages/robot_nav_sim
byte-compiling /home/angelina_m_simon/robot-navigation-sim/install/robot_nav_sim/lib/python3.12/site-packages/robot_nav_sim/perception_node.py to perception_node.cpython-312.pyc
byte-compiling /home/angelina_m_simon/robot-navigation-sim/install/robot_nav_sim/lib/python3.12/site-packages/robot_nav_sim/__init__.py to __init__.cpython-312.pyc
byte-compiling /home/angelina_m_simon/robot-navigation-sim/install/robot_nav_sim/lib/python3.12/site-packages/robot_nav_sim/robot_driver.py to robot_driver.cpython-312.pyc
byte-compiling /home/angelina_m_simon/robot-navigation-sim/install/robot_nav_sim/lib/python3.12/site-packages/robot_nav_sim/planner_node.py to planner_node.cpython-312.pyc
running install_data
creating /home/angelina_m_simon/robot-navigation-sim/install/robot_nav_sim/share/ament_index
creating /home/angelina_m_simon/robot-navigation-sim/install/robot_nav_sim/share/ament_index/resource_index
creating /home/angelina_m_simon/robot-navigation-sim/install/robot_nav_sim/share/ament_index/resource_index/packages
copying resource/robot_nav_sim -> /home/angelina_m_simon/robot-navigation-sim/install/robot_nav_sim/share/ament_index/resource_index/packages
copying package.xml -> /home/angelina_m_simon/robot-navigation-sim/install/robot_nav_sim/share/robot_nav_sim
running install_egg_info
Copying ../../build/robot_nav_sim/robot_nav_sim.egg-info to /home/angelina_m_simon/robot-navigation-sim/install/robot_nav_sim/lib/python3.12/site-packages/robot_nav_sim-0.0.0-py3.12.egg-info
running install_scripts
Installing driver_node script to /home/angelina_m_simon/robot-navigation-sim/install/robot_nav_sim/lib/robot_nav_sim
Installing perception_node script to /home/angelina_m_simon/robot-navigation-sim/install/robot_nav_sim/lib/robot_nav_sim
Installing planner_node script to /home/angelina_m_simon/robot-navigation-sim/install/robot_nav_sim/lib/robot_nav_sim
writing list of installed files to '/home/angelina_m_simon/robot-navigation-sim/build/robot_nav_sim/install.log'
