[1.215s] Invoking command in '/home/angelina_m_simon/robot-navigation-sim/src/robot_nav_sim': PYTHONPATH=/home/angelina_m_simon/robot-navigation-sim/build/robot_nav_sim/prefix_override:/usr/lib/python3/dist-packages/colcon_core/task/python/colcon_distutils_commands:/home/angelina_m_simon/robot-navigation-sim/install/robot_nav_sim/lib/python3.12/site-packages:${PYTHONPATH} /usr/bin/python3 -W ignore:setup.py install is deprecated -W ignore:easy_install command is deprecated setup.py egg_info --egg-base ../../build/robot_nav_sim build --build-base /home/angelina_m_simon/robot-navigation-sim/build/robot_nav_sim/build install --record /home/angelina_m_simon/robot-navigation-sim/build/robot_nav_sim/install.log --single-version-externally-managed install_data
[1.609s] running egg_info
[1.610s] creating ../../build/robot_nav_sim/robot_nav_sim.egg-info
[1.633s] writing ../../build/robot_nav_sim/robot_nav_sim.egg-info/PKG-INFO
[1.634s] writing dependency_links to ../../build/robot_nav_sim/robot_nav_sim.egg-info/dependency_links.txt
[1.634s] writing entry points to ../../build/robot_nav_sim/robot_nav_sim.egg-info/entry_points.txt
[1.635s] writing requirements to ../../build/robot_nav_sim/robot_nav_sim.egg-info/requires.txt
[1.635s] writing top-level names to ../../build/robot_nav_sim/robot_nav_sim.egg-info/top_level.txt
[1.635s] writing manifest file '../../build/robot_nav_sim/robot_nav_sim.egg-info/SOURCES.txt'
[1.682s] reading manifest file '../../build/robot_nav_sim/robot_nav_sim.egg-info/SOURCES.txt'
[1.683s] writing manifest file '../../build/robot_nav_sim/robot_nav_sim.egg-info/SOURCES.txt'
[1.683s] running build
[1.684s] running build_py
[1.684s] creating /home/angelina_m_simon/robot-navigation-sim/build/robot_nav_sim/build
[1.684s] creating /home/angelina_m_simon/robot-navigation-sim/build/robot_nav_sim/build/lib
[1.685s] creating /home/angelina_m_simon/robot-navigation-sim/build/robot_nav_sim/build/lib/robot_nav_sim
[1.686s] copying robot_nav_sim/perception_node.py -> /home/angelina_m_simon/robot-navigation-sim/build/robot_nav_sim/build/lib/robot_nav_sim
[1.686s] copying robot_nav_sim/__init__.py -> /home/angelina_m_simon/robot-navigation-sim/build/robot_nav_sim/build/lib/robot_nav_sim
[1.686s] copying robot_nav_sim/robot_driver.py -> /home/angelina_m_simon/robot-navigation-sim/build/robot_nav_sim/build/lib/robot_nav_sim
[1.686s] copying robot_nav_sim/planner_node.py -> /home/angelina_m_simon/robot-navigation-sim/build/robot_nav_sim/build/lib/robot_nav_sim
[1.687s] running install
[1.697s] running install_lib
[1.723s] creating /home/angelina_m_simon/robot-navigation-sim/install/robot_nav_sim/lib/python3.12/site-packages/robot_nav_sim
[1.723s] copying /home/angelina_m_simon/robot-navigation-sim/build/robot_nav_sim/build/lib/robot_nav_sim/perception_node.py -> /home/angelina_m_simon/robot-navigation-sim/install/robot_nav_sim/lib/python3.12/site-packages/robot_nav_sim
[1.724s] copying /home/angelina_m_simon/robot-navigation-sim/build/robot_nav_sim/build/lib/robot_nav_sim/__init__.py -> /home/angelina_m_simon/robot-navigation-sim/install/robot_nav_sim/lib/python3.12/site-packages/robot_nav_sim
[1.724s] copying /home/angelina_m_simon/robot-navigation-sim/build/robot_nav_sim/build/lib/robot_nav_sim/robot_driver.py -> /home/angelina_m_simon/robot-navigation-sim/install/robot_nav_sim/lib/python3.12/site-packages/robot_nav_sim
[1.724s] copying /home/angelina_m_simon/robot-navigation-sim/build/robot_nav_sim/build/lib/robot_nav_sim/planner_node.py -> /home/angelina_m_simon/robot-navigation-sim/install/robot_nav_sim/lib/python3.12/site-packages/robot_nav_sim
[1.726s] byte-compiling /home/angelina_m_simon/robot-navigation-sim/install/robot_nav_sim/lib/python3.12/site-packages/robot_nav_sim/perception_node.py to perception_node.cpython-312.pyc
[1.727s] byte-compiling /home/angelina_m_simon/robot-navigation-sim/install/robot_nav_sim/lib/python3.12/site-packages/robot_nav_sim/__init__.py to __init__.cpython-312.pyc
[1.727s] byte-compiling /home/angelina_m_simon/robot-navigation-sim/install/robot_nav_sim/lib/python3.12/site-packages/robot_nav_sim/robot_driver.py to robot_driver.cpython-312.pyc
[1.728s] byte-compiling /home/angelina_m_simon/robot-navigation-sim/install/robot_nav_sim/lib/python3.12/site-packages/robot_nav_sim/planner_node.py to planner_node.cpython-312.pyc
[1.729s] running install_data
[1.729s] creating /home/angelina_m_simon/robot-navigation-sim/install/robot_nav_sim/share/ament_index
[1.730s] creating /home/angelina_m_simon/robot-navigation-sim/install/robot_nav_sim/share/ament_index/resource_index
[1.730s] creating /home/angelina_m_simon/robot-navigation-sim/install/robot_nav_sim/share/ament_index/resource_index/packages
[1.730s] copying resource/robot_nav_sim -> /home/angelina_m_simon/robot-navigation-sim/install/robot_nav_sim/share/ament_index/resource_index/packages
[1.730s] copying package.xml -> /home/angelina_m_simon/robot-navigation-sim/install/robot_nav_sim/share/robot_nav_sim
[1.731s] running install_egg_info
[1.757s] Copying ../../build/robot_nav_sim/robot_nav_sim.egg-info to /home/angelina_m_simon/robot-navigation-sim/install/robot_nav_sim/lib/python3.12/site-packages/robot_nav_sim-0.0.0-py3.12.egg-info
[1.759s] running install_scripts
[1.954s] Installing driver_node script to /home/angelina_m_simon/robot-navigation-sim/install/robot_nav_sim/lib/robot_nav_sim
[1.955s] Installing perception_node script to /home/angelina_m_simon/robot-navigation-sim/install/robot_nav_sim/lib/robot_nav_sim
[1.955s] Installing planner_node script to /home/angelina_m_simon/robot-navigation-sim/install/robot_nav_sim/lib/robot_nav_sim
[1.956s] writing list of installed files to '/home/angelina_m_simon/robot-navigation-sim/build/robot_nav_sim/install.log'
[2.013s] Invoked command in '/home/angelina_m_simon/robot-navigation-sim/src/robot_nav_sim' returned '0': PYTHONPATH=/home/angelina_m_simon/robot-navigation-sim/build/robot_nav_sim/prefix_override:/usr/lib/python3/dist-packages/colcon_core/task/python/colcon_distutils_commands:/home/angelina_m_simon/robot-navigation-sim/install/robot_nav_sim/lib/python3.12/site-packages:${PYTHONPATH} /usr/bin/python3 -W ignore:setup.py install is deprecated -W ignore:easy_install command is deprecated setup.py egg_info --egg-base ../../build/robot_nav_sim build --build-base /home/angelina_m_simon/robot-navigation-sim/build/robot_nav_sim/build install --record /home/angelina_m_simon/robot-navigation-sim/build/robot_nav_sim/install.log --single-version-externally-managed install_data
