[0.427s] DEBUG:colcon:Command line arguments: ['/usr/bin/colcon', 'build']
[0.427s] DEBUG:colcon:Parsed command line arguments: Namespace(log_base=None, log_level=None, verb_name='build', build_base='build', install_base='install', merge_install=False, symlink_install=False, test_result_base=None, continue_on_error=False, executor='parallel', parallel_workers=2, event_handlers=None, ignore_user_meta=False, metas=['./colcon.meta'], base_paths=['.'], packages_ignore=None, packages_ignore_regex=None, paths=None, packages_up_to=None, packages_up_to_regex=None, packages_above=None, packages_above_and_dependencies=None, packages_above_depth=None, packages_select_by_dep=None, packages_skip_by_dep=None, packages_skip_up_to=None, packages_select_build_failed=False, packages_skip_build_finished=False, packages_select_test_failures=False, packages_skip_test_passed=False, packages_select=None, packages_skip=None, packages_select_regex=None, packages_skip_regex=None, packages_start=None, packages_end=None, allow_overriding=[], cmake_args=None, cmake_target=None, cmake_target_skip_unavailable=False, cmake_clean_cache=False, cmake_clean_first=False, cmake_force_configure=False, ament_cmake_args=None, catkin_cmake_args=None, catkin_skip_building_tests=False, mixin_files=None, mixin=None, verb_parser=<colcon_mixin.mixin.mixin_argument.MixinArgumentDecorator object at 0x7060f506c7a0>, verb_extension=<colcon_core.verb.build.BuildVerb object at 0x7060f61007d0>, main=<bound method BuildVerb.main of <colcon_core.verb.build.BuildVerb object at 0x7060f61007d0>>, mixin_verb=('build',))
[0.530s] Level 1:colcon.colcon_core.package_discovery:discover_packages(colcon_meta) check parameters
[0.530s] Level 1:colcon.colcon_core.package_discovery:discover_packages(recursive) check parameters
[0.530s] Level 1:colcon.colcon_core.package_discovery:discover_packages(ignore) check parameters
[0.531s] Level 1:colcon.colcon_core.package_discovery:discover_packages(path) check parameters
[0.531s] Level 1:colcon.colcon_core.package_discovery:discover_packages(colcon_meta) discover
[0.531s] Level 1:colcon.colcon_core.package_discovery:discover_packages(recursive) discover
[0.531s] INFO:colcon.colcon_core.package_discovery:Crawling recursively for packages in '/home/angelina_m_simon/robot-navigation-sim'
[0.531s] Level 1:colcon.colcon_core.package_identification:_identify(.) by extensions ['ignore', 'ignore_ament_install']
[0.531s] Level 1:colcon.colcon_core.package_identification:_identify(.) by extension 'ignore'
[0.531s] Level 1:colcon.colcon_core.package_identification:_identify(.) by extension 'ignore_ament_install'
[0.531s] Level 1:colcon.colcon_core.package_identification:_identify(.) by extensions ['colcon_pkg']
[0.531s] Level 1:colcon.colcon_core.package_identification:_identify(.) by extension 'colcon_pkg'
[0.531s] Level 1:colcon.colcon_core.package_identification:_identify(.) by extensions ['colcon_meta']
[0.532s] Level 1:colcon.colcon_core.package_identification:_identify(.) by extension 'colcon_meta'
[0.532s] Level 1:colcon.colcon_core.package_identification:_identify(.) by extensions ['ros']
[0.532s] Level 1:colcon.colcon_core.package_identification:_identify(.) by extension 'ros'
[0.625s] Level 1:colcon.colcon_core.package_identification:_identify(.) by extensions ['cmake', 'python']
[0.625s] Level 1:colcon.colcon_core.package_identification:_identify(.) by extension 'cmake'
[0.626s] Level 1:colcon.colcon_core.package_identification:_identify(.) by extension 'python'
[0.626s] Level 1:colcon.colcon_core.package_identification:_identify(.) by extensions ['python_setup_py']
[0.626s] Level 1:colcon.colcon_core.package_identification:_identify(.) by extension 'python_setup_py'
[0.626s] Level 1:colcon.colcon_core.package_identification:_identify(build) by extensions ['ignore', 'ignore_ament_install']
[0.626s] Level 1:colcon.colcon_core.package_identification:_identify(build) by extension 'ignore'
[0.626s] Level 1:colcon.colcon_core.package_identification:_identify(build) ignored
[0.626s] Level 1:colcon.colcon_core.package_identification:_identify(docs) by extensions ['ignore', 'ignore_ament_install']
[0.627s] Level 1:colcon.colcon_core.package_identification:_identify(docs) by extension 'ignore'
[0.627s] Level 1:colcon.colcon_core.package_identification:_identify(docs) by extension 'ignore_ament_install'
[0.627s] Level 1:colcon.colcon_core.package_identification:_identify(docs) by extensions ['colcon_pkg']
[0.627s] Level 1:colcon.colcon_core.package_identification:_identify(docs) by extension 'colcon_pkg'
[0.627s] Level 1:colcon.colcon_core.package_identification:_identify(docs) by extensions ['colcon_meta']
[0.627s] Level 1:colcon.colcon_core.package_identification:_identify(docs) by extension 'colcon_meta'
[0.627s] Level 1:colcon.colcon_core.package_identification:_identify(docs) by extensions ['ros']
[0.627s] Level 1:colcon.colcon_core.package_identification:_identify(docs) by extension 'ros'
[0.627s] Level 1:colcon.colcon_core.package_identification:_identify(docs) by extensions ['cmake', 'python']
[0.627s] Level 1:colcon.colcon_core.package_identification:_identify(docs) by extension 'cmake'
[0.627s] Level 1:colcon.colcon_core.package_identification:_identify(docs) by extension 'python'
[0.627s] Level 1:colcon.colcon_core.package_identification:_identify(docs) by extensions ['python_setup_py']
[0.627s] Level 1:colcon.colcon_core.package_identification:_identify(docs) by extension 'python_setup_py'
[0.627s] Level 1:colcon.colcon_core.package_identification:_identify(install) by extensions ['ignore', 'ignore_ament_install']
[0.628s] Level 1:colcon.colcon_core.package_identification:_identify(install) by extension 'ignore'
[0.628s] Level 1:colcon.colcon_core.package_identification:_identify(install) ignored
[0.628s] Level 1:colcon.colcon_core.package_identification:_identify(log) by extensions ['ignore', 'ignore_ament_install']
[0.628s] Level 1:colcon.colcon_core.package_identification:_identify(log) by extension 'ignore'
[0.628s] Level 1:colcon.colcon_core.package_identification:_identify(log) ignored
[0.629s] Level 1:colcon.colcon_core.package_identification:_identify(notes) by extensions ['ignore', 'ignore_ament_install']
[0.629s] Level 1:colcon.colcon_core.package_identification:_identify(notes) by extension 'ignore'
[0.629s] Level 1:colcon.colcon_core.package_identification:_identify(notes) by extension 'ignore_ament_install'
[0.629s] Level 1:colcon.colcon_core.package_identification:_identify(notes) by extensions ['colcon_pkg']
[0.629s] Level 1:colcon.colcon_core.package_identification:_identify(notes) by extension 'colcon_pkg'
[0.630s] Level 1:colcon.colcon_core.package_identification:_identify(notes) by extensions ['colcon_meta']
[0.630s] Level 1:colcon.colcon_core.package_identification:_identify(notes) by extension 'colcon_meta'
[0.630s] Level 1:colcon.colcon_core.package_identification:_identify(notes) by extensions ['ros']
[0.630s] Level 1:colcon.colcon_core.package_identification:_identify(notes) by extension 'ros'
[0.630s] Level 1:colcon.colcon_core.package_identification:_identify(notes) by extensions ['cmake', 'python']
[0.630s] Level 1:colcon.colcon_core.package_identification:_identify(notes) by extension 'cmake'
[0.630s] Level 1:colcon.colcon_core.package_identification:_identify(notes) by extension 'python'
[0.630s] Level 1:colcon.colcon_core.package_identification:_identify(notes) by extensions ['python_setup_py']
[0.630s] Level 1:colcon.colcon_core.package_identification:_identify(notes) by extension 'python_setup_py'
[0.630s] Level 1:colcon.colcon_core.package_identification:_identify(src) by extensions ['ignore', 'ignore_ament_install']
[0.630s] Level 1:colcon.colcon_core.package_identification:_identify(src) by extension 'ignore'
[0.630s] Level 1:colcon.colcon_core.package_identification:_identify(src) by extension 'ignore_ament_install'
[0.631s] Level 1:colcon.colcon_core.package_identification:_identify(src) by extensions ['colcon_pkg']
[0.631s] Level 1:colcon.colcon_core.package_identification:_identify(src) by extension 'colcon_pkg'
[0.631s] Level 1:colcon.colcon_core.package_identification:_identify(src) by extensions ['colcon_meta']
[0.631s] Level 1:colcon.colcon_core.package_identification:_identify(src) by extension 'colcon_meta'
[0.631s] Level 1:colcon.colcon_core.package_identification:_identify(src) by extensions ['ros']
[0.631s] Level 1:colcon.colcon_core.package_identification:_identify(src) by extension 'ros'
[0.631s] Level 1:colcon.colcon_core.package_identification:_identify(src) by extensions ['cmake', 'python']
[0.631s] Level 1:colcon.colcon_core.package_identification:_identify(src) by extension 'cmake'
[0.631s] Level 1:colcon.colcon_core.package_identification:_identify(src) by extension 'python'
[0.631s] Level 1:colcon.colcon_core.package_identification:_identify(src) by extensions ['python_setup_py']
[0.631s] Level 1:colcon.colcon_core.package_identification:_identify(src) by extension 'python_setup_py'
[0.632s] Level 1:colcon.colcon_core.package_identification:_identify(src/robot_nav_interfaces) by extensions ['ignore', 'ignore_ament_install']
[0.632s] Level 1:colcon.colcon_core.package_identification:_identify(src/robot_nav_interfaces) by extension 'ignore'
[0.632s] Level 1:colcon.colcon_core.package_identification:_identify(src/robot_nav_interfaces) by extension 'ignore_ament_install'
[0.632s] Level 1:colcon.colcon_core.package_identification:_identify(src/robot_nav_interfaces) by extensions ['colcon_pkg']
[0.632s] Level 1:colcon.colcon_core.package_identification:_identify(src/robot_nav_interfaces) by extension 'colcon_pkg'
[0.632s] Level 1:colcon.colcon_core.package_identification:_identify(src/robot_nav_interfaces) by extensions ['colcon_meta']
[0.632s] Level 1:colcon.colcon_core.package_identification:_identify(src/robot_nav_interfaces) by extension 'colcon_meta'
[0.632s] Level 1:colcon.colcon_core.package_identification:_identify(src/robot_nav_interfaces) by extensions ['ros']
[0.632s] Level 1:colcon.colcon_core.package_identification:_identify(src/robot_nav_interfaces) by extension 'ros'
[0.641s] DEBUG:colcon.colcon_core.package_identification:Package 'src/robot_nav_interfaces' with type 'ros.ament_cmake' and name 'robot_nav_interfaces'
[0.641s] Level 1:colcon.colcon_core.package_identification:_identify(src/robot_nav_sim) by extensions ['ignore', 'ignore_ament_install']
[0.641s] Level 1:colcon.colcon_core.package_identification:_identify(src/robot_nav_sim) by extension 'ignore'
[0.641s] Level 1:colcon.colcon_core.package_identification:_identify(src/robot_nav_sim) by extension 'ignore_ament_install'
[0.641s] Level 1:colcon.colcon_core.package_identification:_identify(src/robot_nav_sim) by extensions ['colcon_pkg']
[0.641s] Level 1:colcon.colcon_core.package_identification:_identify(src/robot_nav_sim) by extension 'colcon_pkg'
[0.642s] Level 1:colcon.colcon_core.package_identification:_identify(src/robot_nav_sim) by extensions ['colcon_meta']
[0.642s] Level 1:colcon.colcon_core.package_identification:_identify(src/robot_nav_sim) by extension 'colcon_meta'
[0.642s] Level 1:colcon.colcon_core.package_identification:_identify(src/robot_nav_sim) by extensions ['ros']
[0.642s] Level 1:colcon.colcon_core.package_identification:_identify(src/robot_nav_sim) by extension 'ros'
[0.644s] DEBUG:colcon.colcon_core.package_identification:Package 'src/robot_nav_sim' with type 'ros.ament_python' and name 'robot_nav_sim'
[0.644s] Level 1:colcon.colcon_core.package_discovery:discover_packages(recursive) using defaults
[0.644s] Level 1:colcon.colcon_core.package_discovery:discover_packages(ignore) discover
[0.644s] Level 1:colcon.colcon_core.package_discovery:discover_packages(ignore) using defaults
[0.644s] Level 1:colcon.colcon_core.package_discovery:discover_packages(path) discover
[0.644s] Level 1:colcon.colcon_core.package_discovery:discover_packages(path) using defaults
[0.712s] Level 1:colcon.colcon_core.package_discovery:discover_packages(prefix_path) check parameters
[0.713s] Level 1:colcon.colcon_core.package_discovery:discover_packages(prefix_path) discover
[0.725s] DEBUG:colcon.colcon_installed_package_information.package_discovery:Found 2 installed packages in /home/angelina_m_simon/robot-navigation-sim/install
[0.728s] DEBUG:colcon.colcon_installed_package_information.package_discovery:Found 197 installed packages in /opt/ros/jazzy
[0.729s] Level 1:colcon.colcon_core.package_discovery:discover_packages(prefix_path) using defaults
[0.795s] Level 5:colcon.colcon_core.verb:set package 'robot_nav_interfaces' build argument 'cmake_args' from command line to 'None'
[0.795s] Level 5:colcon.colcon_core.verb:set package 'robot_nav_interfaces' build argument 'cmake_target' from command line to 'None'
[0.795s] Level 5:colcon.colcon_core.verb:set package 'robot_nav_interfaces' build argument 'cmake_target_skip_unavailable' from command line to 'False'
[0.795s] Level 5:colcon.colcon_core.verb:set package 'robot_nav_interfaces' build argument 'cmake_clean_cache' from command line to 'False'
[0.795s] Level 5:colcon.colcon_core.verb:set package 'robot_nav_interfaces' build argument 'cmake_clean_first' from command line to 'False'
[0.795s] Level 5:colcon.colcon_core.verb:set package 'robot_nav_interfaces' build argument 'cmake_force_configure' from command line to 'False'
[0.795s] Level 5:colcon.colcon_core.verb:set package 'robot_nav_interfaces' build argument 'ament_cmake_args' from command line to 'None'
[0.795s] Level 5:colcon.colcon_core.verb:set package 'robot_nav_interfaces' build argument 'catkin_cmake_args' from command line to 'None'
[0.795s] Level 5:colcon.colcon_core.verb:set package 'robot_nav_interfaces' build argument 'catkin_skip_building_tests' from command line to 'False'
[0.795s] DEBUG:colcon.colcon_core.verb:Building package 'robot_nav_interfaces' with the following arguments: {'ament_cmake_args': None, 'build_base': '/home/angelina_m_simon/robot-navigation-sim/build/robot_nav_interfaces', 'catkin_cmake_args': None, 'catkin_skip_building_tests': False, 'cmake_args': None, 'cmake_clean_cache': False, 'cmake_clean_first': False, 'cmake_force_configure': False, 'cmake_target': None, 'cmake_target_skip_unavailable': False, 'install_base': '/home/angelina_m_simon/robot-navigation-sim/install/robot_nav_interfaces', 'merge_install': False, 'path': '/home/angelina_m_simon/robot-navigation-sim/src/robot_nav_interfaces', 'symlink_install': False, 'test_result_base': None}
[0.796s] Level 5:colcon.colcon_core.verb:set package 'robot_nav_sim' build argument 'cmake_args' from command line to 'None'
[0.796s] Level 5:colcon.colcon_core.verb:set package 'robot_nav_sim' build argument 'cmake_target' from command line to 'None'
[0.796s] Level 5:colcon.colcon_core.verb:set package 'robot_nav_sim' build argument 'cmake_target_skip_unavailable' from command line to 'False'
[0.796s] Level 5:colcon.colcon_core.verb:set package 'robot_nav_sim' build argument 'cmake_clean_cache' from command line to 'False'
[0.796s] Level 5:colcon.colcon_core.verb:set package 'robot_nav_sim' build argument 'cmake_clean_first' from command line to 'False'
[0.796s] Level 5:colcon.colcon_core.verb:set package 'robot_nav_sim' build argument 'cmake_force_configure' from command line to 'False'
[0.796s] Level 5:colcon.colcon_core.verb:set package 'robot_nav_sim' build argument 'ament_cmake_args' from command line to 'None'
[0.796s] Level 5:colcon.colcon_core.verb:set package 'robot_nav_sim' build argument 'catkin_cmake_args' from command line to 'None'
[0.796s] Level 5:colcon.colcon_core.verb:set package 'robot_nav_sim' build argument 'catkin_skip_building_tests' from command line to 'False'
[0.796s] DEBUG:colcon.colcon_core.verb:Building package 'robot_nav_sim' with the following arguments: {'ament_cmake_args': None, 'build_base': '/home/angelina_m_simon/robot-navigation-sim/build/robot_nav_sim', 'catkin_cmake_args': None, 'catkin_skip_building_tests': False, 'cmake_args': None, 'cmake_clean_cache': False, 'cmake_clean_first': False, 'cmake_force_configure': False, 'cmake_target': None, 'cmake_target_skip_unavailable': False, 'install_base': '/home/angelina_m_simon/robot-navigation-sim/install/robot_nav_sim', 'merge_install': False, 'path': '/home/angelina_m_simon/robot-navigation-sim/src/robot_nav_sim', 'symlink_install': False, 'test_result_base': None}
[0.796s] INFO:colcon.colcon_core.executor:Executing jobs using 'parallel' executor
[0.798s] DEBUG:colcon.colcon_parallel_executor.executor.parallel:run_until_complete
[0.799s] INFO:colcon.colcon_ros.task.ament_cmake.build:Building ROS package in '/home/angelina_m_simon/robot-navigation-sim/src/robot_nav_interfaces' with build type 'ament_cmake'
[0.799s] INFO:colcon.colcon_cmake.task.cmake.build:Building CMake package in '/home/angelina_m_simon/robot-navigation-sim/src/robot_nav_interfaces'
[0.806s] INFO:colcon.colcon_core.plugin_system:Skipping extension 'colcon_core.shell.bat': Not used on non-Windows systems
[0.806s] INFO:colcon.colcon_core.shell:Skip shell extension 'powershell' for command environment: Not usable outside of PowerShell
[0.806s] DEBUG:colcon.colcon_core.shell:Skip shell extension 'dsv' for command environment
[0.823s] DEBUG:colcon.colcon_core.event_handler.log_command:Invoking command in '/home/angelina_m_simon/robot-navigation-sim/build/robot_nav_interfaces': CMAKE_PREFIX_PATH=${CMAKE_PREFIX_PATH}:/home/angelina_m_simon/robot-navigation-sim/install/robot_nav_sim:/opt/ros/jazzy /usr/bin/cmake --build /home/angelina_m_simon/robot-navigation-sim/build/robot_nav_interfaces -- -j2 -l2
[1.980s] DEBUG:colcon.colcon_core.event_handler.log_command:Invoked command in '/home/angelina_m_simon/robot-navigation-sim/build/robot_nav_interfaces' returned '0': CMAKE_PREFIX_PATH=${CMAKE_PREFIX_PATH}:/home/angelina_m_simon/robot-navigation-sim/install/robot_nav_sim:/opt/ros/jazzy /usr/bin/cmake --build /home/angelina_m_simon/robot-navigation-sim/build/robot_nav_interfaces -- -j2 -l2
[2.000s] DEBUG:colcon.colcon_core.event_handler.log_command:Invoking command in '/home/angelina_m_simon/robot-navigation-sim/build/robot_nav_interfaces': CMAKE_PREFIX_PATH=${CMAKE_PREFIX_PATH}:/home/angelina_m_simon/robot-navigation-sim/install/robot_nav_sim:/opt/ros/jazzy /usr/bin/cmake --install /home/angelina_m_simon/robot-navigation-sim/build/robot_nav_interfaces
[2.177s] Level 1:colcon.colcon_core.environment:create_environment_scripts_only(robot_nav_interfaces)
[2.178s] DEBUG:colcon.colcon_core.event_handler.log_command:Invoked command in '/home/angelina_m_simon/robot-navigation-sim/build/robot_nav_interfaces' returned '0': CMAKE_PREFIX_PATH=${CMAKE_PREFIX_PATH}:/home/angelina_m_simon/robot-navigation-sim/install/robot_nav_sim:/opt/ros/jazzy /usr/bin/cmake --install /home/angelina_m_simon/robot-navigation-sim/build/robot_nav_interfaces
[2.186s] Level 1:colcon.colcon_core.environment:checking '/home/angelina_m_simon/robot-navigation-sim/install/robot_nav_interfaces' for CMake module files
[2.187s] Level 1:colcon.colcon_core.environment:checking '/home/angelina_m_simon/robot-navigation-sim/install/robot_nav_interfaces' for CMake config files
[2.188s] Level 1:colcon.colcon_core.shell:create_environment_hook('robot_nav_interfaces', 'cmake_prefix_path')
[2.188s] INFO:colcon.colcon_core.shell:Creating environment hook '/home/angelina_m_simon/robot-navigation-sim/install/robot_nav_interfaces/share/robot_nav_interfaces/hook/cmake_prefix_path.ps1'
[2.189s] INFO:colcon.colcon_core.shell:Creating environment descriptor '/home/angelina_m_simon/robot-navigation-sim/install/robot_nav_interfaces/share/robot_nav_interfaces/hook/cmake_prefix_path.dsv'
[2.190s] INFO:colcon.colcon_core.shell:Creating environment hook '/home/angelina_m_simon/robot-navigation-sim/install/robot_nav_interfaces/share/robot_nav_interfaces/hook/cmake_prefix_path.sh'
[2.192s] Level 1:colcon.colcon_core.environment:checking '/home/angelina_m_simon/robot-navigation-sim/install/robot_nav_interfaces/lib'
[2.192s] Level 1:colcon.colcon_core.shell:create_environment_hook('robot_nav_interfaces', 'ld_library_path_lib')
[2.192s] INFO:colcon.colcon_core.shell:Creating environment hook '/home/angelina_m_simon/robot-navigation-sim/install/robot_nav_interfaces/share/robot_nav_interfaces/hook/ld_library_path_lib.ps1'
[2.193s] INFO:colcon.colcon_core.shell:Creating environment descriptor '/home/angelina_m_simon/robot-navigation-sim/install/robot_nav_interfaces/share/robot_nav_interfaces/hook/ld_library_path_lib.dsv'
[2.193s] INFO:colcon.colcon_core.shell:Creating environment hook '/home/angelina_m_simon/robot-navigation-sim/install/robot_nav_interfaces/share/robot_nav_interfaces/hook/ld_library_path_lib.sh'
[2.194s] Level 1:colcon.colcon_core.environment:checking '/home/angelina_m_simon/robot-navigation-sim/install/robot_nav_interfaces/bin'
[2.194s] Level 1:colcon.colcon_core.environment:checking '/home/angelina_m_simon/robot-navigation-sim/install/robot_nav_interfaces/lib/pkgconfig/robot_nav_interfaces.pc'
[2.195s] Level 1:colcon.colcon_core.environment:checking '/home/angelina_m_simon/robot-navigation-sim/install/robot_nav_interfaces/lib/python3.12/site-packages'
[2.195s] Level 1:colcon.colcon_core.shell:create_environment_hook('robot_nav_interfaces', 'pythonpath')
[2.195s] INFO:colcon.colcon_core.shell:Creating environment hook '/home/angelina_m_simon/robot-navigation-sim/install/robot_nav_interfaces/share/robot_nav_interfaces/hook/pythonpath.ps1'
[2.196s] INFO:colcon.colcon_core.shell:Creating environment descriptor '/home/angelina_m_simon/robot-navigation-sim/install/robot_nav_interfaces/share/robot_nav_interfaces/hook/pythonpath.dsv'
[2.197s] INFO:colcon.colcon_core.shell:Creating environment hook '/home/angelina_m_simon/robot-navigation-sim/install/robot_nav_interfaces/share/robot_nav_interfaces/hook/pythonpath.sh'
[2.198s] Level 1:colcon.colcon_core.environment:checking '/home/angelina_m_simon/robot-navigation-sim/install/robot_nav_interfaces/bin'
[2.198s] INFO:colcon.colcon_core.shell:Creating package script '/home/angelina_m_simon/robot-navigation-sim/install/robot_nav_interfaces/share/robot_nav_interfaces/package.ps1'
[2.200s] INFO:colcon.colcon_core.shell:Creating package descriptor '/home/angelina_m_simon/robot-navigation-sim/install/robot_nav_interfaces/share/robot_nav_interfaces/package.dsv'
[2.201s] INFO:colcon.colcon_core.shell:Creating package script '/home/angelina_m_simon/robot-navigation-sim/install/robot_nav_interfaces/share/robot_nav_interfaces/package.sh'
[2.202s] INFO:colcon.colcon_core.shell:Creating package script '/home/angelina_m_simon/robot-navigation-sim/install/robot_nav_interfaces/share/robot_nav_interfaces/package.bash'
[2.203s] INFO:colcon.colcon_core.shell:Creating package script '/home/angelina_m_simon/robot-navigation-sim/install/robot_nav_interfaces/share/robot_nav_interfaces/package.zsh'
[2.204s] Level 1:colcon.colcon_core.environment:create_file_with_runtime_dependencies(/home/angelina_m_simon/robot-navigation-sim/install/robot_nav_interfaces/share/colcon-core/packages/robot_nav_interfaces)
[2.206s] Level 1:colcon.colcon_core.environment:create_environment_scripts_only(robot_nav_interfaces)
[2.206s] Level 1:colcon.colcon_core.environment:checking '/home/angelina_m_simon/robot-navigation-sim/install/robot_nav_interfaces' for CMake module files
[2.207s] Level 1:colcon.colcon_core.environment:checking '/home/angelina_m_simon/robot-navigation-sim/install/robot_nav_interfaces' for CMake config files
[2.208s] Level 1:colcon.colcon_core.shell:create_environment_hook('robot_nav_interfaces', 'cmake_prefix_path')
[2.209s] INFO:colcon.colcon_core.shell:Creating environment hook '/home/angelina_m_simon/robot-navigation-sim/install/robot_nav_interfaces/share/robot_nav_interfaces/hook/cmake_prefix_path.ps1'
[2.209s] INFO:colcon.colcon_core.shell:Creating environment descriptor '/home/angelina_m_simon/robot-navigation-sim/install/robot_nav_interfaces/share/robot_nav_interfaces/hook/cmake_prefix_path.dsv'
[2.210s] INFO:colcon.colcon_core.shell:Creating environment hook '/home/angelina_m_simon/robot-navigation-sim/install/robot_nav_interfaces/share/robot_nav_interfaces/hook/cmake_prefix_path.sh'
[2.211s] Level 1:colcon.colcon_core.environment:checking '/home/angelina_m_simon/robot-navigation-sim/install/robot_nav_interfaces/lib'
[2.211s] Level 1:colcon.colcon_core.shell:create_environment_hook('robot_nav_interfaces', 'ld_library_path_lib')
[2.211s] INFO:colcon.colcon_core.shell:Creating environment hook '/home/angelina_m_simon/robot-navigation-sim/install/robot_nav_interfaces/share/robot_nav_interfaces/hook/ld_library_path_lib.ps1'
[2.212s] INFO:colcon.colcon_core.shell:Creating environment descriptor '/home/angelina_m_simon/robot-navigation-sim/install/robot_nav_interfaces/share/robot_nav_interfaces/hook/ld_library_path_lib.dsv'
[2.213s] INFO:colcon.colcon_core.shell:Creating environment hook '/home/angelina_m_simon/robot-navigation-sim/install/robot_nav_interfaces/share/robot_nav_interfaces/hook/ld_library_path_lib.sh'
[2.213s] Level 1:colcon.colcon_core.environment:checking '/home/angelina_m_simon/robot-navigation-sim/install/robot_nav_interfaces/bin'
[2.214s] Level 1:colcon.colcon_core.environment:checking '/home/angelina_m_simon/robot-navigation-sim/install/robot_nav_interfaces/lib/pkgconfig/robot_nav_interfaces.pc'
[2.214s] Level 1:colcon.colcon_core.environment:checking '/home/angelina_m_simon/robot-navigation-sim/install/robot_nav_interfaces/lib/python3.12/site-packages'
[2.214s] Level 1:colcon.colcon_core.shell:create_environment_hook('robot_nav_interfaces', 'pythonpath')
[2.214s] INFO:colcon.colcon_core.shell:Creating environment hook '/home/angelina_m_simon/robot-navigation-sim/install/robot_nav_interfaces/share/robot_nav_interfaces/hook/pythonpath.ps1'
[2.215s] INFO:colcon.colcon_core.shell:Creating environment descriptor '/home/angelina_m_simon/robot-navigation-sim/install/robot_nav_interfaces/share/robot_nav_interfaces/hook/pythonpath.dsv'
[2.216s] INFO:colcon.colcon_core.shell:Creating environment hook '/home/angelina_m_simon/robot-navigation-sim/install/robot_nav_interfaces/share/robot_nav_interfaces/hook/pythonpath.sh'
[2.217s] Level 1:colcon.colcon_core.environment:checking '/home/angelina_m_simon/robot-navigation-sim/install/robot_nav_interfaces/bin'
[2.217s] INFO:colcon.colcon_core.shell:Creating package script '/home/angelina_m_simon/robot-navigation-sim/install/robot_nav_interfaces/share/robot_nav_interfaces/package.ps1'
[2.218s] INFO:colcon.colcon_core.shell:Creating package descriptor '/home/angelina_m_simon/robot-navigation-sim/install/robot_nav_interfaces/share/robot_nav_interfaces/package.dsv'
[2.219s] INFO:colcon.colcon_core.shell:Creating package script '/home/angelina_m_simon/robot-navigation-sim/install/robot_nav_interfaces/share/robot_nav_interfaces/package.sh'
[2.220s] INFO:colcon.colcon_core.shell:Creating package script '/home/angelina_m_simon/robot-navigation-sim/install/robot_nav_interfaces/share/robot_nav_interfaces/package.bash'
[2.221s] INFO:colcon.colcon_core.shell:Creating package script '/home/angelina_m_simon/robot-navigation-sim/install/robot_nav_interfaces/share/robot_nav_interfaces/package.zsh'
[2.221s] Level 1:colcon.colcon_core.environment:create_file_with_runtime_dependencies(/home/angelina_m_simon/robot-navigation-sim/install/robot_nav_interfaces/share/colcon-core/packages/robot_nav_interfaces)
[2.222s] INFO:colcon.colcon_ros.task.ament_python.build:Building ROS package in '/home/angelina_m_simon/robot-navigation-sim/src/robot_nav_sim' with build type 'ament_python'
[2.222s] Level 1:colcon.colcon_core.shell:create_environment_hook('robot_nav_sim', 'ament_prefix_path')
[2.223s] INFO:colcon.colcon_core.shell:Creating environment hook '/home/angelina_m_simon/robot-navigation-sim/install/robot_nav_sim/share/robot_nav_sim/hook/ament_prefix_path.ps1'
[2.226s] INFO:colcon.colcon_core.shell:Creating environment descriptor '/home/angelina_m_simon/robot-navigation-sim/install/robot_nav_sim/share/robot_nav_sim/hook/ament_prefix_path.dsv'
[2.228s] INFO:colcon.colcon_core.shell:Creating environment hook '/home/angelina_m_simon/robot-navigation-sim/install/robot_nav_sim/share/robot_nav_sim/hook/ament_prefix_path.sh'
[2.229s] INFO:colcon.colcon_core.shell:Skip shell extension 'powershell' for command environment: Not usable outside of PowerShell
[2.229s] DEBUG:colcon.colcon_core.shell:Skip shell extension 'dsv' for command environment
[2.569s] INFO:colcon.colcon_core.task.python.build:Building Python package in '/home/angelina_m_simon/robot-navigation-sim/src/robot_nav_sim'
[2.569s] INFO:colcon.colcon_core.shell:Skip shell extension 'powershell' for command environment: Not usable outside of PowerShell
[2.569s] DEBUG:colcon.colcon_core.shell:Skip shell extension 'dsv' for command environment
[3.460s] DEBUG:colcon.colcon_core.event_handler.log_command:Invoking command in '/home/angelina_m_simon/robot-navigation-sim/src/robot_nav_sim': PYTHONPATH=/home/angelina_m_simon/robot-navigation-sim/build/robot_nav_sim/prefix_override:/usr/lib/python3/dist-packages/colcon_core/task/python/colcon_distutils_commands:/home/angelina_m_simon/robot-navigation-sim/install/robot_nav_sim/lib/python3.12/site-packages:/home/angelina_m_simon/robot-navigation-sim/install/robot_nav_interfaces/lib/python3.12/site-packages:/home/angelina_m_simon/robot-navigation-sim/install/robot_nav_sim/lib/python3.12/site-packages:/opt/ros/jazzy/lib/python3.12/site-packages /usr/bin/python3 -W ignore:setup.py install is deprecated -W ignore:easy_install command is deprecated setup.py egg_info --egg-base ../../build/robot_nav_sim build --build-base /home/angelina_m_simon/robot-navigation-sim/build/robot_nav_sim/build install --record /home/angelina_m_simon/robot-navigation-sim/build/robot_nav_sim/install.log --single-version-externally-managed install_data
[4.246s] Level 1:colcon.colcon_core.environment:checking '/home/angelina_m_simon/robot-navigation-sim/install/robot_nav_sim' for CMake module files
[4.247s] DEBUG:colcon.colcon_core.event_handler.log_command:Invoked command in '/home/angelina_m_simon/robot-navigation-sim/src/robot_nav_sim' returned '0': PYTHONPATH=/home/angelina_m_simon/robot-navigation-sim/build/robot_nav_sim/prefix_override:/usr/lib/python3/dist-packages/colcon_core/task/python/colcon_distutils_commands:/home/angelina_m_simon/robot-navigation-sim/install/robot_nav_sim/lib/python3.12/site-packages:/home/angelina_m_simon/robot-navigation-sim/install/robot_nav_interfaces/lib/python3.12/site-packages:/home/angelina_m_simon/robot-navigation-sim/install/robot_nav_sim/lib/python3.12/site-packages:/opt/ros/jazzy/lib/python3.12/site-packages /usr/bin/python3 -W ignore:setup.py install is deprecated -W ignore:easy_install command is deprecated setup.py egg_info --egg-base ../../build/robot_nav_sim build --build-base /home/angelina_m_simon/robot-navigation-sim/build/robot_nav_sim/build install --record /home/angelina_m_simon/robot-navigation-sim/build/robot_nav_sim/install.log --single-version-externally-managed install_data
[4.248s] Level 1:colcon.colcon_core.environment:checking '/home/angelina_m_simon/robot-navigation-sim/install/robot_nav_sim' for CMake config files
[4.249s] Level 1:colcon.colcon_core.environment:checking '/home/angelina_m_simon/robot-navigation-sim/install/robot_nav_sim/lib'
[4.250s] Level 1:colcon.colcon_core.environment:checking '/home/angelina_m_simon/robot-navigation-sim/install/robot_nav_sim/bin'
[4.250s] Level 1:colcon.colcon_core.environment:checking '/home/angelina_m_simon/robot-navigation-sim/install/robot_nav_sim/lib/pkgconfig/robot_nav_sim.pc'
[4.250s] Level 1:colcon.colcon_core.environment:checking '/home/angelina_m_simon/robot-navigation-sim/install/robot_nav_sim/lib/python3.12/site-packages'
[4.250s] Level 1:colcon.colcon_core.shell:create_environment_hook('robot_nav_sim', 'pythonpath')
[4.251s] INFO:colcon.colcon_core.shell:Creating environment hook '/home/angelina_m_simon/robot-navigation-sim/install/robot_nav_sim/share/robot_nav_sim/hook/pythonpath.ps1'
[4.251s] INFO:colcon.colcon_core.shell:Creating environment descriptor '/home/angelina_m_simon/robot-navigation-sim/install/robot_nav_sim/share/robot_nav_sim/hook/pythonpath.dsv'
[4.252s] INFO:colcon.colcon_core.shell:Creating environment hook '/home/angelina_m_simon/robot-navigation-sim/install/robot_nav_sim/share/robot_nav_sim/hook/pythonpath.sh'
[4.253s] Level 1:colcon.colcon_core.environment:checking '/home/angelina_m_simon/robot-navigation-sim/install/robot_nav_sim/bin'
[4.253s] Level 1:colcon.colcon_core.environment:create_environment_scripts_only(robot_nav_sim)
[4.254s] INFO:colcon.colcon_core.shell:Creating package script '/home/angelina_m_simon/robot-navigation-sim/install/robot_nav_sim/share/robot_nav_sim/package.ps1'
[4.254s] INFO:colcon.colcon_core.shell:Creating package descriptor '/home/angelina_m_simon/robot-navigation-sim/install/robot_nav_sim/share/robot_nav_sim/package.dsv'
[4.255s] INFO:colcon.colcon_core.shell:Creating package script '/home/angelina_m_simon/robot-navigation-sim/install/robot_nav_sim/share/robot_nav_sim/package.sh'
[4.256s] INFO:colcon.colcon_core.shell:Creating package script '/home/angelina_m_simon/robot-navigation-sim/install/robot_nav_sim/share/robot_nav_sim/package.bash'
[4.257s] INFO:colcon.colcon_core.shell:Creating package script '/home/angelina_m_simon/robot-navigation-sim/install/robot_nav_sim/share/robot_nav_sim/package.zsh'
[4.257s] Level 1:colcon.colcon_core.environment:create_file_with_runtime_dependencies(/home/angelina_m_simon/robot-navigation-sim/install/robot_nav_sim/share/colcon-core/packages/robot_nav_sim)
[4.258s] DEBUG:colcon.colcon_parallel_executor.executor.parallel:closing loop
[4.259s] DEBUG:colcon.colcon_parallel_executor.executor.parallel:loop closed
[4.259s] DEBUG:colcon.colcon_parallel_executor.executor.parallel:run_until_complete finished with '0'
[4.259s] DEBUG:colcon.colcon_core.event_reactor:joining thread
[4.260s] DEBUG:colcon.colcon_core.event_reactor:joined thread
[4.261s] INFO:colcon.colcon_core.shell:Creating prefix script '/home/angelina_m_simon/robot-navigation-sim/install/local_setup.ps1'
[4.262s] INFO:colcon.colcon_core.shell:Creating prefix util module '/home/angelina_m_simon/robot-navigation-sim/install/_local_setup_util_ps1.py'
[4.264s] INFO:colcon.colcon_core.shell:Creating prefix chain script '/home/angelina_m_simon/robot-navigation-sim/install/setup.ps1'
[4.265s] INFO:colcon.colcon_core.shell:Creating prefix script '/home/angelina_m_simon/robot-navigation-sim/install/local_setup.sh'
[4.266s] INFO:colcon.colcon_core.shell:Creating prefix util module '/home/angelina_m_simon/robot-navigation-sim/install/_local_setup_util_sh.py'
[4.267s] INFO:colcon.colcon_core.shell:Creating prefix chain script '/home/angelina_m_simon/robot-navigation-sim/install/setup.sh'
[4.269s] INFO:colcon.colcon_core.shell:Creating prefix script '/home/angelina_m_simon/robot-navigation-sim/install/local_setup.bash'
[4.269s] INFO:colcon.colcon_core.shell:Creating prefix chain script '/home/angelina_m_simon/robot-navigation-sim/install/setup.bash'
[4.271s] INFO:colcon.colcon_core.shell:Creating prefix script '/home/angelina_m_simon/robot-navigation-sim/install/local_setup.zsh'
[4.272s] INFO:colcon.colcon_core.shell:Creating prefix chain script '/home/angelina_m_simon/robot-navigation-sim/install/setup.zsh'
