[0.225s] DEBUG:colcon:Command line arguments: ['/usr/bin/colcon', 'build', '--packages-select', 'robot_nav_interfaces']
[0.225s] DEBUG:colcon:Parsed command line arguments: Namespace(log_base=None, log_level=None, verb_name='build', build_base='build', install_base='install', merge_install=False, symlink_install=False, test_result_base=None, continue_on_error=False, executor='parallel', parallel_workers=2, event_handlers=None, ignore_user_meta=False, metas=['./colcon.meta'], base_paths=['.'], packages_ignore=None, packages_ignore_regex=None, paths=None, packages_up_to=None, packages_up_to_regex=None, packages_above=None, packages_above_and_dependencies=None, packages_above_depth=None, packages_select_by_dep=None, packages_skip_by_dep=None, packages_skip_up_to=None, packages_select_build_failed=False, packages_skip_build_finished=False, packages_select_test_failures=False, packages_skip_test_passed=False, packages_select=['robot_nav_interfaces'], packages_skip=None, packages_select_regex=None, packages_skip_regex=None, packages_start=None, packages_end=None, allow_overriding=[], cmake_args=None, cmake_target=None, cmake_target_skip_unavailable=False, cmake_clean_cache=False, cmake_clean_first=False, cmake_force_configure=False, ament_cmake_args=None, catkin_cmake_args=None, catkin_skip_building_tests=False, mixin_files=None, mixin=None, verb_parser=<colcon_mixin.mixin.mixin_argument.MixinArgumentDecorator object at 0x799513b745c0>, verb_extension=<colcon_core.verb.build.BuildVerb object at 0x799513c98230>, main=<bound method BuildVerb.main of <colcon_core.verb.build.BuildVerb object at 0x799513c98230>>, mixin_verb=('build',))
[0.315s] Level 1:colcon.colcon_core.package_discovery:discover_packages(colcon_meta) check parameters
[0.316s] Level 1:colcon.colcon_core.package_discovery:discover_packages(recursive) check parameters
[0.316s] Level 1:colcon.colcon_core.package_discovery:discover_packages(ignore) check parameters
[0.316s] Level 1:colcon.colcon_core.package_discovery:discover_packages(path) check parameters
[0.316s] Level 1:colcon.colcon_core.package_discovery:discover_packages(colcon_meta) discover
[0.316s] Level 1:colcon.colcon_core.package_discovery:discover_packages(recursive) discover
[0.316s] INFO:colcon.colcon_core.package_discovery:Crawling recursively for packages in '/home/angelina_m_simon/robot-navigation-sim'
[0.316s] Level 1:colcon.colcon_core.package_identification:_identify(.) by extensions ['ignore', 'ignore_ament_install']
[0.317s] Level 1:colcon.colcon_core.package_identification:_identify(.) by extension 'ignore'
[0.317s] Level 1:colcon.colcon_core.package_identification:_identify(.) by extension 'ignore_ament_install'
[0.317s] Level 1:colcon.colcon_core.package_identification:_identify(.) by extensions ['colcon_pkg']
[0.317s] Level 1:colcon.colcon_core.package_identification:_identify(.) by extension 'colcon_pkg'
[0.317s] Level 1:colcon.colcon_core.package_identification:_identify(.) by extensions ['colcon_meta']
[0.317s] Level 1:colcon.colcon_core.package_identification:_identify(.) by extension 'colcon_meta'
[0.317s] Level 1:colcon.colcon_core.package_identification:_identify(.) by extensions ['ros']
[0.317s] Level 1:colcon.colcon_core.package_identification:_identify(.) by extension 'ros'
[0.363s] Level 1:colcon.colcon_core.package_identification:_identify(.) by extensions ['cmake', 'python']
[0.363s] Level 1:colcon.colcon_core.package_identification:_identify(.) by extension 'cmake'
[0.363s] Level 1:colcon.colcon_core.package_identification:_identify(.) by extension 'python'
[0.363s] Level 1:colcon.colcon_core.package_identification:_identify(.) by extensions ['python_setup_py']
[0.363s] Level 1:colcon.colcon_core.package_identification:_identify(.) by extension 'python_setup_py'
[0.364s] Level 1:colcon.colcon_core.package_identification:_identify(build) by extensions ['ignore', 'ignore_ament_install']
[0.364s] Level 1:colcon.colcon_core.package_identification:_identify(build) by extension 'ignore'
[0.364s] Level 1:colcon.colcon_core.package_identification:_identify(build) ignored
[0.364s] Level 1:colcon.colcon_core.package_identification:_identify(docs) by extensions ['ignore', 'ignore_ament_install']
[0.364s] Level 1:colcon.colcon_core.package_identification:_identify(docs) by extension 'ignore'
[0.365s] Level 1:colcon.colcon_core.package_identification:_identify(docs) by extension 'ignore_ament_install'
[0.365s] Level 1:colcon.colcon_core.package_identification:_identify(docs) by extensions ['colcon_pkg']
[0.365s] Level 1:colcon.colcon_core.package_identification:_identify(docs) by extension 'colcon_pkg'
[0.365s] Level 1:colcon.colcon_core.package_identification:_identify(docs) by extensions ['colcon_meta']
[0.365s] Level 1:colcon.colcon_core.package_identification:_identify(docs) by extension 'colcon_meta'
[0.365s] Level 1:colcon.colcon_core.package_identification:_identify(docs) by extensions ['ros']
[0.365s] Level 1:colcon.colcon_core.package_identification:_identify(docs) by extension 'ros'
[0.365s] Level 1:colcon.colcon_core.package_identification:_identify(docs) by extensions ['cmake', 'python']
[0.365s] Level 1:colcon.colcon_core.package_identification:_identify(docs) by extension 'cmake'
[0.365s] Level 1:colcon.colcon_core.package_identification:_identify(docs) by extension 'python'
[0.365s] Level 1:colcon.colcon_core.package_identification:_identify(docs) by extensions ['python_setup_py']
[0.365s] Level 1:colcon.colcon_core.package_identification:_identify(docs) by extension 'python_setup_py'
[0.366s] Level 1:colcon.colcon_core.package_identification:_identify(install) by extensions ['ignore', 'ignore_ament_install']
[0.366s] Level 1:colcon.colcon_core.package_identification:_identify(install) by extension 'ignore'
[0.366s] Level 1:colcon.colcon_core.package_identification:_identify(install) ignored
[0.366s] Level 1:colcon.colcon_core.package_identification:_identify(log) by extensions ['ignore', 'ignore_ament_install']
[0.366s] Level 1:colcon.colcon_core.package_identification:_identify(log) by extension 'ignore'
[0.366s] Level 1:colcon.colcon_core.package_identification:_identify(log) ignored
[0.366s] Level 1:colcon.colcon_core.package_identification:_identify(notes) by extensions ['ignore', 'ignore_ament_install']
[0.366s] Level 1:colcon.colcon_core.package_identification:_identify(notes) by extension 'ignore'
[0.366s] Level 1:colcon.colcon_core.package_identification:_identify(notes) by extension 'ignore_ament_install'
[0.367s] Level 1:colcon.colcon_core.package_identification:_identify(notes) by extensions ['colcon_pkg']
[0.367s] Level 1:colcon.colcon_core.package_identification:_identify(notes) by extension 'colcon_pkg'
[0.367s] Level 1:colcon.colcon_core.package_identification:_identify(notes) by extensions ['colcon_meta']
[0.367s] Level 1:colcon.colcon_core.package_identification:_identify(notes) by extension 'colcon_meta'
[0.367s] Level 1:colcon.colcon_core.package_identification:_identify(notes) by extensions ['ros']
[0.367s] Level 1:colcon.colcon_core.package_identification:_identify(notes) by extension 'ros'
[0.367s] Level 1:colcon.colcon_core.package_identification:_identify(notes) by extensions ['cmake', 'python']
[0.367s] Level 1:colcon.colcon_core.package_identification:_identify(notes) by extension 'cmake'
[0.367s] Level 1:colcon.colcon_core.package_identification:_identify(notes) by extension 'python'
[0.367s] Level 1:colcon.colcon_core.package_identification:_identify(notes) by extensions ['python_setup_py']
[0.367s] Level 1:colcon.colcon_core.package_identification:_identify(notes) by extension 'python_setup_py'
[0.367s] Level 1:colcon.colcon_core.package_identification:_identify(src) by extensions ['ignore', 'ignore_ament_install']
[0.367s] Level 1:colcon.colcon_core.package_identification:_identify(src) by extension 'ignore'
[0.367s] Level 1:colcon.colcon_core.package_identification:_identify(src) by extension 'ignore_ament_install'
[0.367s] Level 1:colcon.colcon_core.package_identification:_identify(src) by extensions ['colcon_pkg']
[0.368s] Level 1:colcon.colcon_core.package_identification:_identify(src) by extension 'colcon_pkg'
[0.368s] Level 1:colcon.colcon_core.package_identification:_identify(src) by extensions ['colcon_meta']
[0.368s] Level 1:colcon.colcon_core.package_identification:_identify(src) by extension 'colcon_meta'
[0.368s] Level 1:colcon.colcon_core.package_identification:_identify(src) by extensions ['ros']
[0.368s] Level 1:colcon.colcon_core.package_identification:_identify(src) by extension 'ros'
[0.368s] Level 1:colcon.colcon_core.package_identification:_identify(src) by extensions ['cmake', 'python']
[0.368s] Level 1:colcon.colcon_core.package_identification:_identify(src) by extension 'cmake'
[0.368s] Level 1:colcon.colcon_core.package_identification:_identify(src) by extension 'python'
[0.368s] Level 1:colcon.colcon_core.package_identification:_identify(src) by extensions ['python_setup_py']
[0.368s] Level 1:colcon.colcon_core.package_identification:_identify(src) by extension 'python_setup_py'
[0.368s] Level 1:colcon.colcon_core.package_identification:_identify(src/robot_nav_interfaces) by extensions ['ignore', 'ignore_ament_install']
[0.368s] Level 1:colcon.colcon_core.package_identification:_identify(src/robot_nav_interfaces) by extension 'ignore'
[0.369s] Level 1:colcon.colcon_core.package_identification:_identify(src/robot_nav_interfaces) by extension 'ignore_ament_install'
[0.369s] Level 1:colcon.colcon_core.package_identification:_identify(src/robot_nav_interfaces) by extensions ['colcon_pkg']
[0.369s] Level 1:colcon.colcon_core.package_identification:_identify(src/robot_nav_interfaces) by extension 'colcon_pkg'
[0.369s] Level 1:colcon.colcon_core.package_identification:_identify(src/robot_nav_interfaces) by extensions ['colcon_meta']
[0.369s] Level 1:colcon.colcon_core.package_identification:_identify(src/robot_nav_interfaces) by extension 'colcon_meta'
[0.369s] Level 1:colcon.colcon_core.package_identification:_identify(src/robot_nav_interfaces) by extensions ['ros']
[0.369s] Level 1:colcon.colcon_core.package_identification:_identify(src/robot_nav_interfaces) by extension 'ros'
[0.374s] DEBUG:colcon.colcon_core.package_identification:Package 'src/robot_nav_interfaces' with type 'ros.ament_cmake' and name 'robot_nav_interfaces'
[0.375s] Level 1:colcon.colcon_core.package_identification:_identify(src/robot_nav_sim) by extensions ['ignore', 'ignore_ament_install']
[0.375s] Level 1:colcon.colcon_core.package_identification:_identify(src/robot_nav_sim) by extension 'ignore'
[0.375s] Level 1:colcon.colcon_core.package_identification:_identify(src/robot_nav_sim) by extension 'ignore_ament_install'
[0.375s] Level 1:colcon.colcon_core.package_identification:_identify(src/robot_nav_sim) by extensions ['colcon_pkg']
[0.375s] Level 1:colcon.colcon_core.package_identification:_identify(src/robot_nav_sim) by extension 'colcon_pkg'
[0.375s] Level 1:colcon.colcon_core.package_identification:_identify(src/robot_nav_sim) by extensions ['colcon_meta']
[0.375s] Level 1:colcon.colcon_core.package_identification:_identify(src/robot_nav_sim) by extension 'colcon_meta'
[0.375s] Level 1:colcon.colcon_core.package_identification:_identify(src/robot_nav_sim) by extensions ['ros']
[0.375s] Level 1:colcon.colcon_core.package_identification:_identify(src/robot_nav_sim) by extension 'ros'
[0.376s] DEBUG:colcon.colcon_core.package_identification:Package 'src/robot_nav_sim' with type 'ros.ament_python' and name 'robot_nav_sim'
[0.377s] Level 1:colcon.colcon_core.package_discovery:discover_packages(recursive) using defaults
[0.377s] Level 1:colcon.colcon_core.package_discovery:discover_packages(ignore) discover
[0.377s] Level 1:colcon.colcon_core.package_discovery:discover_packages(ignore) using defaults
[0.377s] Level 1:colcon.colcon_core.package_discovery:discover_packages(path) discover
[0.377s] Level 1:colcon.colcon_core.package_discovery:discover_packages(path) using defaults
[0.417s] INFO:colcon.colcon_core.package_selection:Skipping not selected package 'robot_nav_sim' in 'src/robot_nav_sim'
[0.418s] Level 1:colcon.colcon_core.package_discovery:discover_packages(prefix_path) check parameters
[0.418s] Level 1:colcon.colcon_core.package_discovery:discover_packages(prefix_path) discover
[0.425s] DEBUG:colcon.colcon_installed_package_information.package_discovery:Found 197 installed packages in /opt/ros/jazzy
[0.426s] Level 1:colcon.colcon_core.package_discovery:discover_packages(prefix_path) using defaults
[0.477s] Level 5:colcon.colcon_core.verb:set package 'robot_nav_interfaces' build argument 'cmake_args' from command line to 'None'
[0.477s] Level 5:colcon.colcon_core.verb:set package 'robot_nav_interfaces' build argument 'cmake_target' from command line to 'None'
[0.478s] Level 5:colcon.colcon_core.verb:set package 'robot_nav_interfaces' build argument 'cmake_target_skip_unavailable' from command line to 'False'
[0.478s] Level 5:colcon.colcon_core.verb:set package 'robot_nav_interfaces' build argument 'cmake_clean_cache' from command line to 'False'
[0.478s] Level 5:colcon.colcon_core.verb:set package 'robot_nav_interfaces' build argument 'cmake_clean_first' from command line to 'False'
[0.478s] Level 5:colcon.colcon_core.verb:set package 'robot_nav_interfaces' build argument 'cmake_force_configure' from command line to 'False'
[0.478s] Level 5:colcon.colcon_core.verb:set package 'robot_nav_interfaces' build argument 'ament_cmake_args' from command line to 'None'
[0.478s] Level 5:colcon.colcon_core.verb:set package 'robot_nav_interfaces' build argument 'catkin_cmake_args' from command line to 'None'
[0.478s] Level 5:colcon.colcon_core.verb:set package 'robot_nav_interfaces' build argument 'catkin_skip_building_tests' from command line to 'False'
[0.478s] DEBUG:colcon.colcon_core.verb:Building package 'robot_nav_interfaces' with the following arguments: {'ament_cmake_args': None, 'build_base': '/home/angelina_m_simon/robot-navigation-sim/build/robot_nav_interfaces', 'catkin_cmake_args': None, 'catkin_skip_building_tests': False, 'cmake_args': None, 'cmake_clean_cache': False, 'cmake_clean_first': False, 'cmake_force_configure': False, 'cmake_target': None, 'cmake_target_skip_unavailable': False, 'install_base': '/home/angelina_m_simon/robot-navigation-sim/install/robot_nav_interfaces', 'merge_install': False, 'path': '/home/angelina_m_simon/robot-navigation-sim/src/robot_nav_interfaces', 'symlink_install': False, 'test_result_base': None}
[0.478s] INFO:colcon.colcon_core.executor:Executing jobs using 'parallel' executor
[0.480s] DEBUG:colcon.colcon_parallel_executor.executor.parallel:run_until_complete
[0.481s] INFO:colcon.colcon_ros.task.ament_cmake.build:Building ROS package in '/home/angelina_m_simon/robot-navigation-sim/src/robot_nav_interfaces' with build type 'ament_cmake'
[0.482s] INFO:colcon.colcon_cmake.task.cmake.build:Building CMake package in '/home/angelina_m_simon/robot-navigation-sim/src/robot_nav_interfaces'
[0.487s] INFO:colcon.colcon_core.plugin_system:Skipping extension 'colcon_core.shell.bat': Not used on non-Windows systems
[0.487s] INFO:colcon.colcon_core.shell:Skip shell extension 'powershell' for command environment: Not usable outside of PowerShell
[0.487s] DEBUG:colcon.colcon_core.shell:Skip shell extension 'dsv' for command environment
[0.501s] DEBUG:colcon.colcon_core.event_handler.log_command:Invoking command in '/home/angelina_m_simon/robot-navigation-sim/build/robot_nav_interfaces': CMAKE_PREFIX_PATH=/opt/ros/jazzy /usr/bin/cmake /home/angelina_m_simon/robot-navigation-sim/src/robot_nav_interfaces -DCMAKE_INSTALL_PREFIX=/home/angelina_m_simon/robot-navigation-sim/install/robot_nav_interfaces
[6.459s] DEBUG:colcon.colcon_core.event_handler.log_command:Invoked command in '/home/angelina_m_simon/robot-navigation-sim/build/robot_nav_interfaces' returned '0': CMAKE_PREFIX_PATH=/opt/ros/jazzy /usr/bin/cmake /home/angelina_m_simon/robot-navigation-sim/src/robot_nav_interfaces -DCMAKE_INSTALL_PREFIX=/home/angelina_m_simon/robot-navigation-sim/install/robot_nav_interfaces
[6.462s] DEBUG:colcon.colcon_core.event_handler.log_command:Invoking command in '/home/angelina_m_simon/robot-navigation-sim/build/robot_nav_interfaces': CMAKE_PREFIX_PATH=/opt/ros/jazzy /usr/bin/cmake --build /home/angelina_m_simon/robot-navigation-sim/build/robot_nav_interfaces -- -j2 -l2
[15.007s] DEBUG:colcon.colcon_core.event_handler.log_command:Invoked command in '/home/angelina_m_simon/robot-navigation-sim/build/robot_nav_interfaces' returned '0': CMAKE_PREFIX_PATH=/opt/ros/jazzy /usr/bin/cmake --build /home/angelina_m_simon/robot-navigation-sim/build/robot_nav_interfaces -- -j2 -l2
[15.025s] DEBUG:colcon.colcon_core.event_handler.log_command:Invoking command in '/home/angelina_m_simon/robot-navigation-sim/build/robot_nav_interfaces': CMAKE_PREFIX_PATH=/opt/ros/jazzy /usr/bin/cmake --install /home/angelina_m_simon/robot-navigation-sim/build/robot_nav_interfaces
[15.169s] Level 1:colcon.colcon_core.environment:create_environment_scripts_only(robot_nav_interfaces)
[15.170s] DEBUG:colcon.colcon_core.event_handler.log_command:Invoked command in '/home/angelina_m_simon/robot-navigation-sim/build/robot_nav_interfaces' returned '0': CMAKE_PREFIX_PATH=/opt/ros/jazzy /usr/bin/cmake --install /home/angelina_m_simon/robot-navigation-sim/build/robot_nav_interfaces
[15.178s] Level 1:colcon.colcon_core.environment:checking '/home/angelina_m_simon/robot-navigation-sim/install/robot_nav_interfaces' for CMake module files
[15.179s] Level 1:colcon.colcon_core.environment:checking '/home/angelina_m_simon/robot-navigation-sim/install/robot_nav_interfaces' for CMake config files
[15.180s] Level 1:colcon.colcon_core.shell:create_environment_hook('robot_nav_interfaces', 'cmake_prefix_path')
[15.180s] INFO:colcon.colcon_core.shell:Creating environment hook '/home/angelina_m_simon/robot-navigation-sim/install/robot_nav_interfaces/share/robot_nav_interfaces/hook/cmake_prefix_path.ps1'
[15.181s] INFO:colcon.colcon_core.shell:Creating environment descriptor '/home/angelina_m_simon/robot-navigation-sim/install/robot_nav_interfaces/share/robot_nav_interfaces/hook/cmake_prefix_path.dsv'
[15.182s] INFO:colcon.colcon_core.shell:Creating environment hook '/home/angelina_m_simon/robot-navigation-sim/install/robot_nav_interfaces/share/robot_nav_interfaces/hook/cmake_prefix_path.sh'
[15.183s] Level 1:colcon.colcon_core.environment:checking '/home/angelina_m_simon/robot-navigation-sim/install/robot_nav_interfaces/lib'
[15.183s] Level 1:colcon.colcon_core.shell:create_environment_hook('robot_nav_interfaces', 'ld_library_path_lib')
[15.183s] INFO:colcon.colcon_core.shell:Creating environment hook '/home/angelina_m_simon/robot-navigation-sim/install/robot_nav_interfaces/share/robot_nav_interfaces/hook/ld_library_path_lib.ps1'
[15.184s] INFO:colcon.colcon_core.shell:Creating environment descriptor '/home/angelina_m_simon/robot-navigation-sim/install/robot_nav_interfaces/share/robot_nav_interfaces/hook/ld_library_path_lib.dsv'
[15.185s] INFO:colcon.colcon_core.shell:Creating environment hook '/home/angelina_m_simon/robot-navigation-sim/install/robot_nav_interfaces/share/robot_nav_interfaces/hook/ld_library_path_lib.sh'
[15.186s] Level 1:colcon.colcon_core.environment:checking '/home/angelina_m_simon/robot-navigation-sim/install/robot_nav_interfaces/bin'
[15.186s] Level 1:colcon.colcon_core.environment:checking '/home/angelina_m_simon/robot-navigation-sim/install/robot_nav_interfaces/lib/pkgconfig/robot_nav_interfaces.pc'
[15.186s] Level 1:colcon.colcon_core.environment:checking '/home/angelina_m_simon/robot-navigation-sim/install/robot_nav_interfaces/lib/python3.12/site-packages'
[15.187s] Level 1:colcon.colcon_core.shell:create_environment_hook('robot_nav_interfaces', 'pythonpath')
[15.187s] INFO:colcon.colcon_core.shell:Creating environment hook '/home/angelina_m_simon/robot-navigation-sim/install/robot_nav_interfaces/share/robot_nav_interfaces/hook/pythonpath.ps1'
[15.188s] INFO:colcon.colcon_core.shell:Creating environment descriptor '/home/angelina_m_simon/robot-navigation-sim/install/robot_nav_interfaces/share/robot_nav_interfaces/hook/pythonpath.dsv'
[15.188s] INFO:colcon.colcon_core.shell:Creating environment hook '/home/angelina_m_simon/robot-navigation-sim/install/robot_nav_interfaces/share/robot_nav_interfaces/hook/pythonpath.sh'
[15.189s] Level 1:colcon.colcon_core.environment:checking '/home/angelina_m_simon/robot-navigation-sim/install/robot_nav_interfaces/bin'
[15.189s] INFO:colcon.colcon_core.shell:Creating package script '/home/angelina_m_simon/robot-navigation-sim/install/robot_nav_interfaces/share/robot_nav_interfaces/package.ps1'
[15.191s] INFO:colcon.colcon_core.shell:Creating package descriptor '/home/angelina_m_simon/robot-navigation-sim/install/robot_nav_interfaces/share/robot_nav_interfaces/package.dsv'
[15.192s] INFO:colcon.colcon_core.shell:Creating package script '/home/angelina_m_simon/robot-navigation-sim/install/robot_nav_interfaces/share/robot_nav_interfaces/package.sh'
[15.193s] INFO:colcon.colcon_core.shell:Creating package script '/home/angelina_m_simon/robot-navigation-sim/install/robot_nav_interfaces/share/robot_nav_interfaces/package.bash'
[15.194s] INFO:colcon.colcon_core.shell:Creating package script '/home/angelina_m_simon/robot-navigation-sim/install/robot_nav_interfaces/share/robot_nav_interfaces/package.zsh'
[15.195s] Level 1:colcon.colcon_core.environment:create_file_with_runtime_dependencies(/home/angelina_m_simon/robot-navigation-sim/install/robot_nav_interfaces/share/colcon-core/packages/robot_nav_interfaces)
[15.196s] Level 1:colcon.colcon_core.environment:create_environment_scripts_only(robot_nav_interfaces)
[15.196s] Level 1:colcon.colcon_core.environment:checking '/home/angelina_m_simon/robot-navigation-sim/install/robot_nav_interfaces' for CMake module files
[15.197s] Level 1:colcon.colcon_core.environment:checking '/home/angelina_m_simon/robot-navigation-sim/install/robot_nav_interfaces' for CMake config files
[15.198s] Level 1:colcon.colcon_core.shell:create_environment_hook('robot_nav_interfaces', 'cmake_prefix_path')
[15.198s] INFO:colcon.colcon_core.shell:Creating environment hook '/home/angelina_m_simon/robot-navigation-sim/install/robot_nav_interfaces/share/robot_nav_interfaces/hook/cmake_prefix_path.ps1'
[15.199s] INFO:colcon.colcon_core.shell:Creating environment descriptor '/home/angelina_m_simon/robot-navigation-sim/install/robot_nav_interfaces/share/robot_nav_interfaces/hook/cmake_prefix_path.dsv'
[15.199s] INFO:colcon.colcon_core.shell:Creating environment hook '/home/angelina_m_simon/robot-navigation-sim/install/robot_nav_interfaces/share/robot_nav_interfaces/hook/cmake_prefix_path.sh'
[15.201s] Level 1:colcon.colcon_core.environment:checking '/home/angelina_m_simon/robot-navigation-sim/install/robot_nav_interfaces/lib'
[15.201s] Level 1:colcon.colcon_core.shell:create_environment_hook('robot_nav_interfaces', 'ld_library_path_lib')
[15.202s] INFO:colcon.colcon_core.shell:Creating environment hook '/home/angelina_m_simon/robot-navigation-sim/install/robot_nav_interfaces/share/robot_nav_interfaces/hook/ld_library_path_lib.ps1'
[15.202s] INFO:colcon.colcon_core.shell:Creating environment descriptor '/home/angelina_m_simon/robot-navigation-sim/install/robot_nav_interfaces/share/robot_nav_interfaces/hook/ld_library_path_lib.dsv'
[15.203s] INFO:colcon.colcon_core.shell:Creating environment hook '/home/angelina_m_simon/robot-navigation-sim/install/robot_nav_interfaces/share/robot_nav_interfaces/hook/ld_library_path_lib.sh'
[15.203s] Level 1:colcon.colcon_core.environment:checking '/home/angelina_m_simon/robot-navigation-sim/install/robot_nav_interfaces/bin'
[15.203s] Level 1:colcon.colcon_core.environment:checking '/home/angelina_m_simon/robot-navigation-sim/install/robot_nav_interfaces/lib/pkgconfig/robot_nav_interfaces.pc'
[15.204s] Level 1:colcon.colcon_core.environment:checking '/home/angelina_m_simon/robot-navigation-sim/install/robot_nav_interfaces/lib/python3.12/site-packages'
[15.204s] Level 1:colcon.colcon_core.shell:create_environment_hook('robot_nav_interfaces', 'pythonpath')
[15.204s] INFO:colcon.colcon_core.shell:Creating environment hook '/home/angelina_m_simon/robot-navigation-sim/install/robot_nav_interfaces/share/robot_nav_interfaces/hook/pythonpath.ps1'
[15.205s] INFO:colcon.colcon_core.shell:Creating environment descriptor '/home/angelina_m_simon/robot-navigation-sim/install/robot_nav_interfaces/share/robot_nav_interfaces/hook/pythonpath.dsv'
[15.205s] INFO:colcon.colcon_core.shell:Creating environment hook '/home/angelina_m_simon/robot-navigation-sim/install/robot_nav_interfaces/share/robot_nav_interfaces/hook/pythonpath.sh'
[15.207s] Level 1:colcon.colcon_core.environment:checking '/home/angelina_m_simon/robot-navigation-sim/install/robot_nav_interfaces/bin'
[15.207s] INFO:colcon.colcon_core.shell:Creating package script '/home/angelina_m_simon/robot-navigation-sim/install/robot_nav_interfaces/share/robot_nav_interfaces/package.ps1'
[15.208s] INFO:colcon.colcon_core.shell:Creating package descriptor '/home/angelina_m_simon/robot-navigation-sim/install/robot_nav_interfaces/share/robot_nav_interfaces/package.dsv'
[15.209s] INFO:colcon.colcon_core.shell:Creating package script '/home/angelina_m_simon/robot-navigation-sim/install/robot_nav_interfaces/share/robot_nav_interfaces/package.sh'
[15.210s] INFO:colcon.colcon_core.shell:Creating package script '/home/angelina_m_simon/robot-navigation-sim/install/robot_nav_interfaces/share/robot_nav_interfaces/package.bash'
[15.211s] INFO:colcon.colcon_core.shell:Creating package script '/home/angelina_m_simon/robot-navigation-sim/install/robot_nav_interfaces/share/robot_nav_interfaces/package.zsh'
[15.211s] Level 1:colcon.colcon_core.environment:create_file_with_runtime_dependencies(/home/angelina_m_simon/robot-navigation-sim/install/robot_nav_interfaces/share/colcon-core/packages/robot_nav_interfaces)
[15.212s] DEBUG:colcon.colcon_parallel_executor.executor.parallel:closing loop
[15.213s] DEBUG:colcon.colcon_parallel_executor.executor.parallel:loop closed
[15.213s] DEBUG:colcon.colcon_parallel_executor.executor.parallel:run_until_complete finished with '0'
[15.213s] DEBUG:colcon.colcon_core.event_reactor:joining thread
[15.215s] DEBUG:colcon.colcon_core.event_reactor:joined thread
[15.216s] INFO:colcon.colcon_core.shell:Creating prefix script '/home/angelina_m_simon/robot-navigation-sim/install/local_setup.ps1'
[15.217s] INFO:colcon.colcon_core.shell:Creating prefix util module '/home/angelina_m_simon/robot-navigation-sim/install/_local_setup_util_ps1.py'
[15.219s] INFO:colcon.colcon_core.shell:Creating prefix chain script '/home/angelina_m_simon/robot-navigation-sim/install/setup.ps1'
[15.221s] INFO:colcon.colcon_core.shell:Creating prefix script '/home/angelina_m_simon/robot-navigation-sim/install/local_setup.sh'
[15.222s] INFO:colcon.colcon_core.shell:Creating prefix util module '/home/angelina_m_simon/robot-navigation-sim/install/_local_setup_util_sh.py'
[15.224s] INFO:colcon.colcon_core.shell:Creating prefix chain script '/home/angelina_m_simon/robot-navigation-sim/install/setup.sh'
[15.226s] INFO:colcon.colcon_core.shell:Creating prefix script '/home/angelina_m_simon/robot-navigation-sim/install/local_setup.bash'
[15.227s] INFO:colcon.colcon_core.shell:Creating prefix chain script '/home/angelina_m_simon/robot-navigation-sim/install/setup.bash'
[15.228s] INFO:colcon.colcon_core.shell:Creating prefix script '/home/angelina_m_simon/robot-navigation-sim/install/local_setup.zsh'
[15.229s] INFO:colcon.colcon_core.shell:Creating prefix chain script '/home/angelina_m_simon/robot-navigation-sim/install/setup.zsh'
