/home/angelina_m_simon/robot-navigation-sim/install/robot_nav_sim/lib/python3.12/site-packages/robot_nav_sim/perception_node.py
/home/angelina_m_simon/robot-navigation-sim/install/robot_nav_sim/lib/python3.12/site-packages/robot_nav_sim/__init__.py
/home/angelina_m_simon/robot-navigation-sim/install/robot_nav_sim/lib/python3.12/site-packages/robot_nav_sim/robot_driver.py
/home/angelina_m_simon/robot-navigation-sim/install/robot_nav_sim/lib/python3.12/site-packages/robot_nav_sim/planner_node.py
/home/angelina_m_simon/robot-navigation-sim/install/robot_nav_sim/lib/python3.12/site-packages/robot_nav_sim/__pycache__/perception_node.cpython-312.pyc
/home/angelina_m_simon/robot-navigation-sim/install/robot_nav_sim/lib/python3.12/site-packages/robot_nav_sim/__pycache__/__init__.cpython-312.pyc
/home/angelina_m_simon/robot-navigation-sim/install/robot_nav_sim/lib/python3.12/site-packages/robot_nav_sim/__pycache__/robot_driver.cpython-312.pyc
/home/angelina_m_simon/robot-navigation-sim/install/robot_nav_sim/lib/python3.12/site-packages/robot_nav_sim/__pycache__/planner_node.cpython-312.pyc
/home/angelina_m_simon/robot-navigation-sim/install/robot_nav_sim/share/ament_index/resource_index/packages/robot_nav_sim
/home/angelina_m_simon/robot-navigation-sim/install/robot_nav_sim/share/robot_nav_sim/package.xml
/home/angelina_m_simon/robot-navigation-sim/install/robot_nav_sim/lib/python3.12/site-packages/robot_nav_sim-0.0.0-py3.12.egg-info/SOURCES.txt
/home/angelina_m_simon/robot-navigation-sim/install/robot_nav_sim/lib/python3.12/site-packages/robot_nav_sim-0.0.0-py3.12.egg-info/PKG-INFO
/home/angelina_m_simon/robot-navigation-sim/install/robot_nav_sim/lib/python3.12/site-packages/robot_nav_sim-0.0.0-py3.12.egg-info/requires.txt
/home/angelina_m_simon/robot-navigation-sim/install/robot_nav_sim/lib/python3.12/site-packages/robot_nav_sim-0.0.0-py3.12.egg-info/dependency_links.txt
/home/angelina_m_simon/robot-navigation-sim/install/robot_nav_sim/lib/python3.12/site-packages/robot_nav_sim-0.0.0-py3.12.egg-info/top_level.txt
/home/angelina_m_simon/robot-navigation-sim/install/robot_nav_sim/lib/python3.12/site-packages/robot_nav_sim-0.0.0-py3.12.egg-info/zip-safe
/home/angelina_m_simon/robot-navigation-sim/install/robot_nav_sim/lib/python3.12/site-packages/robot_nav_sim-0.0.0-py3.12.egg-info/entry_points.txt
/home/angelina_m_simon/robot-navigation-sim/install/robot_nav_sim/lib/robot_nav_sim/perception_node
/home/angelina_m_simon/robot-navigation-sim/install/robot_nav_sim/lib/robot_nav_sim/planner_node
/home/angelina_m_simon/robot-navigation-sim/install/robot_nav_sim/lib/robot_nav_sim/robot_driver
