-- The C compiler identification is GNU 13.3.0
-- The CXX compiler identification is GNU 13.3.0
-- Detecting C compiler ABI info
-- Detecting C compiler ABI info - done
-- Check for working C compiler: /usr/bin/cc - skipped
-- Detecting C compile features
-- Detecting C compile features - done
-- Detecting CXX compiler ABI info
-- Detecting CXX compiler ABI info - done
-- Check for working CXX compiler: /usr/bin/c++ - skipped
-- Detecting CXX compile features
-- Detecting CXX compile features - done
-- Found ament_cmake: 2.5.6 (/opt/ros/jazzy/share/ament_cmake/cmake)
-- Found Python3: /usr/bin/python3 (found version "3.12.3") found components: Interpreter 
-- Found rosidl_default_generators: 1.6.0 (/opt/ros/jazzy/share/rosidl_default_generators/cmake)
-- Using all available rosidl_typesupport_c: rosidl_typesupport_fastrtps_c;rosidl_typesupport_introspection_c
-- Using all available rosidl_typesupport_cpp: rosidl_typesupport_fastrtps_cpp;rosidl_typesupport_introspection_cpp
-- Found rosidl_adapter: 4.6.7 (/opt/ros/jazzy/share/rosidl_adapter/cmake)
-- Found ament_cmake_ros: 0.12.0 (/opt/ros/jazzy/share/ament_cmake_ros/cmake)
-- Using all available rosidl_typesupport_c: rosidl_typesupport_fastrtps_c;rosidl_typesupport_introspection_c
-- Using all available rosidl_typesupport_cpp: rosidl_typesupport_fastrtps_cpp;rosidl_typesupport_introspection_cpp
-- Found python_cmake_module: 0.11.1 (/opt/ros/jazzy/share/python_cmake_module/cmake)
-- Found PythonExtra: /usr/bin/python3  
-- Found Python3: /usr/bin/python3 (found version "3.12.3") found components: Interpreter Development NumPy Development.Module Development.Embed 
-- Found Python3: /usr/bin/python3 (found version "3.12.3") found components: Interpreter 
-- Found ament_lint_auto: 0.17.5 (/opt/ros/jazzy/share/ament_lint_auto/cmake)
-- Added test 'lint_cmake' to check CMake code style
-- Added test 'xmllint' to check XML markup files
-- Configuring done (5.7s)
-- Generating done (0.1s)
-- Build files have been written to: /home/angelina_m_simon/robot-navigation-sim/build/robot_nav_interfaces
[  5%] [34m[1mGenerating Rust code for ROS interfaces[0m
[  5%] [34m[1mGenerating type hashes for ROS interfaces[0m
[  5%] Built target robot_nav_interfaces__rosidl_generator_type_description
[  5%] Built target ament_cmake_python_copy_robot_nav_interfaces
[  5%] Built target robot_nav_interfaces__rs
[  8%] [34m[1mGenerating C code for ROS interfaces[0m
[ 11%] [34m[1mGenerating C++ code for ROS interfaces[0m
[ 11%] Built target robot_nav_interfaces__cpp
[ 14%] [32mBuilding C object CMakeFiles/robot_nav_interfaces__rosidl_generator_c.dir/rosidl_generator_c/robot_nav_interfaces/msg/detail/detection__description.c.o[0m
[ 17%] [32mBuilding C object CMakeFiles/robot_nav_interfaces__rosidl_generator_c.dir/rosidl_generator_c/robot_nav_interfaces/msg/detail/detection__functions.c.o[0m
[ 20%] [32mBuilding C object CMakeFiles/robot_nav_interfaces__rosidl_generator_c.dir/rosidl_generator_c/robot_nav_interfaces/msg/detail/detection__type_support.c.o[0m
[ 22%] [32m[1mLinking C shared library librobot_nav_interfaces__rosidl_generator_c.so[0m
running egg_info
creating robot_nav_interfaces.egg-info
[ 22%] Built target robot_nav_interfaces__rosidl_generator_c
[ 25%] [34m[1mGenerating C type support dispatch for ROS interfaces[0m
writing robot_nav_interfaces.egg-info/PKG-INFO
writing dependency_links to robot_nav_interfaces.egg-info/dependency_links.txt
writing top-level names to robot_nav_interfaces.egg-info/top_level.txt
writing manifest file 'robot_nav_interfaces.egg-info/SOURCES.txt'
reading manifest file 'robot_nav_interfaces.egg-info/SOURCES.txt'
writing manifest file 'robot_nav_interfaces.egg-info/SOURCES.txt'
[ 25%] Built target ament_cmake_python_build_robot_nav_interfaces_egg
[ 28%] [34m[1mGenerating C++ type support for eProsima Fast-RTPS[0m
[ 31%] [32mBuilding CXX object CMakeFiles/robot_nav_interfaces__rosidl_typesupport_c.dir/rosidl_typesupport_c/robot_nav_interfaces/msg/detection__type_support.cpp.o[0m
[ 34%] [32m[1mLinking CXX shared library librobot_nav_interfaces__rosidl_typesupport_c.so[0m
[ 34%] Built target robot_nav_interfaces__rosidl_typesupport_c
[ 37%] [34m[1mGenerating C++ introspection for ROS interfaces[0m
[ 40%] [32mBuilding CXX object CMakeFiles/robot_nav_interfaces__rosidl_typesupport_fastrtps_cpp.dir/rosidl_typesupport_fastrtps_cpp/robot_nav_interfaces/msg/detail/dds_fastrtps/detection__type_support.cpp.o[0m
[ 42%] [32mBuilding CXX object CMakeFiles/robot_nav_interfaces__rosidl_typesupport_introspection_cpp.dir/rosidl_typesupport_introspection_cpp/robot_nav_interfaces/msg/detail/detection__type_support.cpp.o[0m
[ 45%] [32m[1mLinking CXX shared library librobot_nav_interfaces__rosidl_typesupport_introspection_cpp.so[0m
[ 45%] Built target robot_nav_interfaces__rosidl_typesupport_introspection_cpp
[ 48%] [34m[1mGenerating C++ type support dispatch for ROS interfaces[0m
[ 51%] [32m[1mLinking CXX shared library librobot_nav_interfaces__rosidl_typesupport_fastrtps_cpp.so[0m
[ 51%] Built target robot_nav_interfaces__rosidl_typesupport_fastrtps_cpp
[ 54%] [34m[1mGenerating C type support for eProsima Fast-RTPS[0m
[ 57%] [32mBuilding CXX object CMakeFiles/robot_nav_interfaces__rosidl_typesupport_cpp.dir/rosidl_typesupport_cpp/robot_nav_interfaces/msg/detection__type_support.cpp.o[0m
[ 60%] [32mBuilding CXX object CMakeFiles/robot_nav_interfaces__rosidl_typesupport_fastrtps_c.dir/rosidl_typesupport_fastrtps_c/robot_nav_interfaces/msg/detail/detection__type_support_c.cpp.o[0m
[ 62%] [32m[1mLinking CXX shared library librobot_nav_interfaces__rosidl_typesupport_cpp.so[0m
[ 62%] Built target robot_nav_interfaces__rosidl_typesupport_cpp
[ 65%] [34m[1mGenerating C introspection for ROS interfaces[0m
[ 68%] [32mBuilding C object CMakeFiles/robot_nav_interfaces__rosidl_typesupport_introspection_c.dir/rosidl_typesupport_introspection_c/robot_nav_interfaces/msg/detail/detection__type_support.c.o[0m
[ 71%] [32m[1mLinking CXX shared library librobot_nav_interfaces__rosidl_typesupport_fastrtps_c.so[0m
[ 74%] [32m[1mLinking C shared library librobot_nav_interfaces__rosidl_typesupport_introspection_c.so[0m
[ 74%] Built target robot_nav_interfaces__rosidl_typesupport_introspection_c
[ 74%] Built target robot_nav_interfaces__rosidl_typesupport_fastrtps_c
[ 74%] Built target robot_nav_interfaces
[ 77%] [34m[1mGenerating Python code for ROS interfaces[0m
[ 77%] Built target robot_nav_interfaces__py
[ 80%] [32mBuilding C object CMakeFiles/robot_nav_interfaces__rosidl_generator_py.dir/rosidl_generator_py/robot_nav_interfaces/msg/_detection_s.c.o[0m
[ 82%] [32m[1mLinking C shared library librobot_nav_interfaces__rosidl_generator_py.so[0m
[ 82%] Built target robot_nav_interfaces__rosidl_generator_py
[ 88%] [32mBuilding C object CMakeFiles/robot_nav_interfaces_s__rosidl_typesupport_introspection_c.dir/rosidl_generator_py/robot_nav_interfaces/_robot_nav_interfaces_s.ep.rosidl_typesupport_introspection_c.c.o[0m
[ 88%] [32mBuilding C object CMakeFiles/robot_nav_interfaces_s__rosidl_typesupport_fastrtps_c.dir/rosidl_generator_py/robot_nav_interfaces/_robot_nav_interfaces_s.ep.rosidl_typesupport_fastrtps_c.c.o[0m
[ 91%] [32m[1mLinking C shared module rosidl_generator_py/robot_nav_interfaces/robot_nav_interfaces_s__rosidl_typesupport_introspection_c.so[0m
[ 94%] [32m[1mLinking C shared module rosidl_generator_py/robot_nav_interfaces/robot_nav_interfaces_s__rosidl_typesupport_fastrtps_c.so[0m
[ 94%] Built target robot_nav_interfaces_s__rosidl_typesupport_introspection_c
[ 94%] Built target robot_nav_interfaces_s__rosidl_typesupport_fastrtps_c
[ 97%] [32mBuilding C object CMakeFiles/robot_nav_interfaces_s__rosidl_typesupport_c.dir/rosidl_generator_py/robot_nav_interfaces/_robot_nav_interfaces_s.ep.rosidl_typesupport_c.c.o[0m
[100%] [32m[1mLinking C shared module rosidl_generator_py/robot_nav_interfaces/robot_nav_interfaces_s__rosidl_typesupport_c.so[0m
[100%] Built target robot_nav_interfaces_s__rosidl_typesupport_c
-- Install configuration: ""
-- Installing: /home/angelina_m_simon/robot-navigation-sim/install/robot_nav_interfaces/share/ament_index/resource_index/rosidl_interfaces/robot_nav_interfaces
-- Installing: /home/angelina_m_simon/robot-navigation-sim/install/robot_nav_interfaces/share/robot_nav_interfaces/msg/Detection.json
-- Installing: /home/angelina_m_simon/robot-navigation-sim/install/robot_nav_interfaces/include/robot_nav_interfaces/robot_nav_interfaces
-- Installing: /home/angelina_m_simon/robot-navigation-sim/install/robot_nav_interfaces/include/robot_nav_interfaces/robot_nav_interfaces/msg
-- Installing: /home/angelina_m_simon/robot-navigation-sim/install/robot_nav_interfaces/include/robot_nav_interfaces/robot_nav_interfaces/msg/detail
-- Installing: /home/angelina_m_simon/robot-navigation-sim/install/robot_nav_interfaces/include/robot_nav_interfaces/robot_nav_interfaces/msg/detail/detection__description.c
-- Installing: /home/angelina_m_simon/robot-navigation-sim/install/robot_nav_interfaces/include/robot_nav_interfaces/robot_nav_interfaces/msg/detail/detection__type_support.h
-- Installing: /home/angelina_m_simon/robot-navigation-sim/install/robot_nav_interfaces/include/robot_nav_interfaces/robot_nav_interfaces/msg/detail/detection__functions.h
-- Installing: /home/angelina_m_simon/robot-navigation-sim/install/robot_nav_interfaces/include/robot_nav_interfaces/robot_nav_interfaces/msg/detail/detection__functions.c
-- Installing: /home/angelina_m_simon/robot-navigation-sim/install/robot_nav_interfaces/include/robot_nav_interfaces/robot_nav_interfaces/msg/detail/detection__type_support.c
-- Installing: /home/angelina_m_simon/robot-navigation-sim/install/robot_nav_interfaces/include/robot_nav_interfaces/robot_nav_interfaces/msg/detail/detection__struct.h
-- Installing: /home/angelina_m_simon/robot-navigation-sim/install/robot_nav_interfaces/include/robot_nav_interfaces/robot_nav_interfaces/msg/detection.h
-- Installing: /home/angelina_m_simon/robot-navigation-sim/install/robot_nav_interfaces/include/robot_nav_interfaces/robot_nav_interfaces/msg/rosidl_generator_c__visibility_control.h
-- Installing: /home/angelina_m_simon/robot-navigation-sim/install/robot_nav_interfaces/share/robot_nav_interfaces/environment/library_path.sh
-- Installing: /home/angelina_m_simon/robot-navigation-sim/install/robot_nav_interfaces/share/robot_nav_interfaces/environment/library_path.dsv
-- Installing: /home/angelina_m_simon/robot-navigation-sim/install/robot_nav_interfaces/lib/librobot_nav_interfaces__rosidl_generator_c.so
-- Set non-toolchain portion of runtime path of "/home/angelina_m_simon/robot-navigation-sim/install/robot_nav_interfaces/lib/librobot_nav_interfaces__rosidl_generator_c.so" to ""
-- Up-to-date: /home/angelina_m_simon/robot-navigation-sim/install/robot_nav_interfaces/include/robot_nav_interfaces/robot_nav_interfaces
-- Up-to-date: /home/angelina_m_simon/robot-navigation-sim/install/robot_nav_interfaces/include/robot_nav_interfaces/robot_nav_interfaces/msg
-- Up-to-date: /home/angelina_m_simon/robot-navigation-sim/install/robot_nav_interfaces/include/robot_nav_interfaces/robot_nav_interfaces/msg/detail
-- Installing: /home/angelina_m_simon/robot-navigation-sim/install/robot_nav_interfaces/include/robot_nav_interfaces/robot_nav_interfaces/msg/detail/detection__rosidl_typesupport_fastrtps_c.h
-- Installing: /home/angelina_m_simon/robot-navigation-sim/install/robot_nav_interfaces/include/robot_nav_interfaces/robot_nav_interfaces/msg/rosidl_typesupport_fastrtps_c__visibility_control.h
-- Installing: /home/angelina_m_simon/robot-navigation-sim/install/robot_nav_interfaces/lib/librobot_nav_interfaces__rosidl_typesupport_fastrtps_c.so
-- Set non-toolchain portion of runtime path of "/home/angelina_m_simon/robot-navigation-sim/install/robot_nav_interfaces/lib/librobot_nav_interfaces__rosidl_typesupport_fastrtps_c.so" to ""
-- Up-to-date: /home/angelina_m_simon/robot-navigation-sim/install/robot_nav_interfaces/include/robot_nav_interfaces/robot_nav_interfaces
-- Up-to-date: /home/angelina_m_simon/robot-navigation-sim/install/robot_nav_interfaces/include/robot_nav_interfaces/robot_nav_interfaces/msg
-- Installing: /home/angelina_m_simon/robot-navigation-sim/install/robot_nav_interfaces/include/robot_nav_interfaces/robot_nav_interfaces/msg/rosidl_typesupport_introspection_c__visibility_control.h
-- Up-to-date: /home/angelina_m_simon/robot-navigation-sim/install/robot_nav_interfaces/include/robot_nav_interfaces/robot_nav_interfaces/msg/detail
-- Installing: /home/angelina_m_simon/robot-navigation-sim/install/robot_nav_interfaces/include/robot_nav_interfaces/robot_nav_interfaces/msg/detail/detection__rosidl_typesupport_introspection_c.h
-- Installing: /home/angelina_m_simon/robot-navigation-sim/install/robot_nav_interfaces/include/robot_nav_interfaces/robot_nav_interfaces/msg/detail/detection__type_support.c
-- Installing: /home/angelina_m_simon/robot-navigation-sim/install/robot_nav_interfaces/lib/librobot_nav_interfaces__rosidl_typesupport_introspection_c.so
-- Set non-toolchain portion of runtime path of "/home/angelina_m_simon/robot-navigation-sim/install/robot_nav_interfaces/lib/librobot_nav_interfaces__rosidl_typesupport_introspection_c.so" to ""
-- Installing: /home/angelina_m_simon/robot-navigation-sim/install/robot_nav_interfaces/lib/librobot_nav_interfaces__rosidl_typesupport_c.so
-- Set non-toolchain portion of runtime path of "/home/angelina_m_simon/robot-navigation-sim/install/robot_nav_interfaces/lib/librobot_nav_interfaces__rosidl_typesupport_c.so" to ""
-- Up-to-date: /home/angelina_m_simon/robot-navigation-sim/install/robot_nav_interfaces/include/robot_nav_interfaces/robot_nav_interfaces
-- Up-to-date: /home/angelina_m_simon/robot-navigation-sim/install/robot_nav_interfaces/include/robot_nav_interfaces/robot_nav_interfaces/msg
-- Installing: /home/angelina_m_simon/robot-navigation-sim/install/robot_nav_interfaces/include/robot_nav_interfaces/robot_nav_interfaces/msg/rosidl_generator_cpp__visibility_control.hpp
-- Up-to-date: /home/angelina_m_simon/robot-navigation-sim/install/robot_nav_interfaces/include/robot_nav_interfaces/robot_nav_interfaces/msg/detail
-- Installing: /home/angelina_m_simon/robot-navigation-sim/install/robot_nav_interfaces/include/robot_nav_interfaces/robot_nav_interfaces/msg/detail/detection__type_support.hpp
-- Installing: /home/angelina_m_simon/robot-navigation-sim/install/robot_nav_interfaces/include/robot_nav_interfaces/robot_nav_interfaces/msg/detail/detection__struct.hpp
-- Installing: /home/angelina_m_simon/robot-navigation-sim/install/robot_nav_interfaces/include/robot_nav_interfaces/robot_nav_interfaces/msg/detail/detection__builder.hpp
-- Installing: /home/angelina_m_simon/robot-navigation-sim/install/robot_nav_interfaces/include/robot_nav_interfaces/robot_nav_interfaces/msg/detail/detection__traits.hpp
-- Installing: /home/angelina_m_simon/robot-navigation-sim/install/robot_nav_interfaces/include/robot_nav_interfaces/robot_nav_interfaces/msg/detection.hpp
-- Up-to-date: /home/angelina_m_simon/robot-navigation-sim/install/robot_nav_interfaces/include/robot_nav_interfaces/robot_nav_interfaces
-- Up-to-date: /home/angelina_m_simon/robot-navigation-sim/install/robot_nav_interfaces/include/robot_nav_interfaces/robot_nav_interfaces/msg
-- Up-to-date: /home/angelina_m_simon/robot-navigation-sim/install/robot_nav_interfaces/include/robot_nav_interfaces/robot_nav_interfaces/msg/detail
-- Installing: /home/angelina_m_simon/robot-navigation-sim/install/robot_nav_interfaces/include/robot_nav_interfaces/robot_nav_interfaces/msg/detail/dds_fastrtps
-- Installing: /home/angelina_m_simon/robot-navigation-sim/install/robot_nav_interfaces/include/robot_nav_interfaces/robot_nav_interfaces/msg/detail/detection__rosidl_typesupport_fastrtps_cpp.hpp
-- Installing: /home/angelina_m_simon/robot-navigation-sim/install/robot_nav_interfaces/include/robot_nav_interfaces/robot_nav_interfaces/msg/rosidl_typesupport_fastrtps_cpp__visibility_control.h
-- Installing: /home/angelina_m_simon/robot-navigation-sim/install/robot_nav_interfaces/lib/librobot_nav_interfaces__rosidl_typesupport_fastrtps_cpp.so
-- Set non-toolchain portion of runtime path of "/home/angelina_m_simon/robot-navigation-sim/install/robot_nav_interfaces/lib/librobot_nav_interfaces__rosidl_typesupport_fastrtps_cpp.so" to ""
-- Up-to-date: /home/angelina_m_simon/robot-navigation-sim/install/robot_nav_interfaces/include/robot_nav_interfaces/robot_nav_interfaces
-- Up-to-date: /home/angelina_m_simon/robot-navigation-sim/install/robot_nav_interfaces/include/robot_nav_interfaces/robot_nav_interfaces/msg
-- Up-to-date: /home/angelina_m_simon/robot-navigation-sim/install/robot_nav_interfaces/include/robot_nav_interfaces/robot_nav_interfaces/msg/detail
-- Installing: /home/angelina_m_simon/robot-navigation-sim/install/robot_nav_interfaces/include/robot_nav_interfaces/robot_nav_interfaces/msg/detail/detection__type_support.cpp
-- Installing: /home/angelina_m_simon/robot-navigation-sim/install/robot_nav_interfaces/include/robot_nav_interfaces/robot_nav_interfaces/msg/detail/detection__rosidl_typesupport_introspection_cpp.hpp
-- Installing: /home/angelina_m_simon/robot-navigation-sim/install/robot_nav_interfaces/lib/librobot_nav_interfaces__rosidl_typesupport_introspection_cpp.so
-- Set non-toolchain portion of runtime path of "/home/angelina_m_simon/robot-navigation-sim/install/robot_nav_interfaces/lib/librobot_nav_interfaces__rosidl_typesupport_introspection_cpp.so" to ""
-- Installing: /home/angelina_m_simon/robot-navigation-sim/install/robot_nav_interfaces/lib/librobot_nav_interfaces__rosidl_typesupport_cpp.so
-- Set non-toolchain portion of runtime path of "/home/angelina_m_simon/robot-navigation-sim/install/robot_nav_interfaces/lib/librobot_nav_interfaces__rosidl_typesupport_cpp.so" to ""
-- Installing: /home/angelina_m_simon/robot-navigation-sim/install/robot_nav_interfaces/share/robot_nav_interfaces/environment/pythonpath.sh
-- Installing: /home/angelina_m_simon/robot-navigation-sim/install/robot_nav_interfaces/share/robot_nav_interfaces/environment/pythonpath.dsv
-- Installing: /home/angelina_m_simon/robot-navigation-sim/install/robot_nav_interfaces/lib/python3.12/site-packages/robot_nav_interfaces-0.0.0-py3.12.egg-info
-- Installing: /home/angelina_m_simon/robot-navigation-sim/install/robot_nav_interfaces/lib/python3.12/site-packages/robot_nav_interfaces-0.0.0-py3.12.egg-info/SOURCES.txt
-- Installing: /home/angelina_m_simon/robot-navigation-sim/install/robot_nav_interfaces/lib/python3.12/site-packages/robot_nav_interfaces-0.0.0-py3.12.egg-info/PKG-INFO
-- Installing: /home/angelina_m_simon/robot-navigation-sim/install/robot_nav_interfaces/lib/python3.12/site-packages/robot_nav_interfaces-0.0.0-py3.12.egg-info/dependency_links.txt
-- Installing: /home/angelina_m_simon/robot-navigation-sim/install/robot_nav_interfaces/lib/python3.12/site-packages/robot_nav_interfaces-0.0.0-py3.12.egg-info/top_level.txt
-- Installing: /home/angelina_m_simon/robot-navigation-sim/install/robot_nav_interfaces/lib/python3.12/site-packages/robot_nav_interfaces
-- Installing: /home/angelina_m_simon/robot-navigation-sim/install/robot_nav_interfaces/lib/python3.12/site-packages/robot_nav_interfaces/msg
-- Installing: /home/angelina_m_simon/robot-navigation-sim/install/robot_nav_interfaces/lib/python3.12/site-packages/robot_nav_interfaces/msg/__init__.py
-- Installing: /home/angelina_m_simon/robot-navigation-sim/install/robot_nav_interfaces/lib/python3.12/site-packages/robot_nav_interfaces/msg/_detection.py
-- Installing: /home/angelina_m_simon/robot-navigation-sim/install/robot_nav_interfaces/lib/python3.12/site-packages/robot_nav_interfaces/msg/_detection_s.c
-- Installing: /home/angelina_m_simon/robot-navigation-sim/install/robot_nav_interfaces/lib/python3.12/site-packages/robot_nav_interfaces/_robot_nav_interfaces_s.ep.rosidl_typesupport_introspection_c.c
-- Installing: /home/angelina_m_simon/robot-navigation-sim/install/robot_nav_interfaces/lib/python3.12/site-packages/robot_nav_interfaces/__init__.py
-- Installing: /home/angelina_m_simon/robot-navigation-sim/install/robot_nav_interfaces/lib/python3.12/site-packages/robot_nav_interfaces/robot_nav_interfaces_s__rosidl_typesupport_fastrtps_c.so
-- Installing: /home/angelina_m_simon/robot-navigation-sim/install/robot_nav_interfaces/lib/python3.12/site-packages/robot_nav_interfaces/_robot_nav_interfaces_s.ep.rosidl_typesupport_c.c
-- Installing: /home/angelina_m_simon/robot-navigation-sim/install/robot_nav_interfaces/lib/python3.12/site-packages/robot_nav_interfaces/robot_nav_interfaces_s__rosidl_typesupport_introspection_c.so
-- Installing: /home/angelina_m_simon/robot-navigation-sim/install/robot_nav_interfaces/lib/python3.12/site-packages/robot_nav_interfaces/_robot_nav_interfaces_s.ep.rosidl_typesupport_fastrtps_c.c
-- Installing: /home/angelina_m_simon/robot-navigation-sim/install/robot_nav_interfaces/lib/python3.12/site-packages/robot_nav_interfaces/robot_nav_interfaces_s__rosidl_typesupport_c.so
Listing '/home/angelina_m_simon/robot-navigation-sim/install/robot_nav_interfaces/lib/python3.12/site-packages/robot_nav_interfaces'...
Compiling '/home/angelina_m_simon/robot-navigation-sim/install/robot_nav_interfaces/lib/python3.12/site-packages/robot_nav_interfaces/__init__.py'...
Listing '/home/angelina_m_simon/robot-navigation-sim/install/robot_nav_interfaces/lib/python3.12/site-packages/robot_nav_interfaces/msg'...
Compiling '/home/angelina_m_simon/robot-navigation-sim/install/robot_nav_interfaces/lib/python3.12/site-packages/robot_nav_interfaces/msg/__init__.py'...
Compiling '/home/angelina_m_simon/robot-navigation-sim/install/robot_nav_interfaces/lib/python3.12/site-packages/robot_nav_interfaces/msg/_detection.py'...
-- Installing: /home/angelina_m_simon/robot-navigation-sim/install/robot_nav_interfaces/lib/python3.12/site-packages/robot_nav_interfaces/robot_nav_interfaces_s__rosidl_typesupport_fastrtps_c.so
-- Set non-toolchain portion of runtime path of "/home/angelina_m_simon/robot-navigation-sim/install/robot_nav_interfaces/lib/python3.12/site-packages/robot_nav_interfaces/robot_nav_interfaces_s__rosidl_typesupport_fastrtps_c.so" to ""
-- Installing: /home/angelina_m_simon/robot-navigation-sim/install/robot_nav_interfaces/lib/python3.12/site-packages/robot_nav_interfaces/robot_nav_interfaces_s__rosidl_typesupport_introspection_c.so
-- Set non-toolchain portion of runtime path of "/home/angelina_m_simon/robot-navigation-sim/install/robot_nav_interfaces/lib/python3.12/site-packages/robot_nav_interfaces/robot_nav_interfaces_s__rosidl_typesupport_introspection_c.so" to ""
-- Installing: /home/angelina_m_simon/robot-navigation-sim/install/robot_nav_interfaces/lib/python3.12/site-packages/robot_nav_interfaces/robot_nav_interfaces_s__rosidl_typesupport_c.so
-- Set non-toolchain portion of runtime path of "/home/angelina_m_simon/robot-navigation-sim/install/robot_nav_interfaces/lib/python3.12/site-packages/robot_nav_interfaces/robot_nav_interfaces_s__rosidl_typesupport_c.so" to ""
-- Installing: /home/angelina_m_simon/robot-navigation-sim/install/robot_nav_interfaces/lib/librobot_nav_interfaces__rosidl_generator_py.so
-- Set non-toolchain portion of runtime path of "/home/angelina_m_simon/robot-navigation-sim/install/robot_nav_interfaces/lib/librobot_nav_interfaces__rosidl_generator_py.so" to ""
-- Installing: /home/angelina_m_simon/robot-navigation-sim/install/robot_nav_interfaces/share/ament_index/resource_index/rust_packages/robot_nav_interfaces
-- Installing: /home/angelina_m_simon/robot-navigation-sim/install/robot_nav_interfaces/share/robot_nav_interfaces/rust
-- Installing: /home/angelina_m_simon/robot-navigation-sim/install/robot_nav_interfaces/share/robot_nav_interfaces/rust/src
-- Installing: /home/angelina_m_simon/robot-navigation-sim/install/robot_nav_interfaces/share/robot_nav_interfaces/rust/src/msg
-- Installing: /home/angelina_m_simon/robot-navigation-sim/install/robot_nav_interfaces/share/robot_nav_interfaces/rust/src/msg/rmw.rs
-- Installing: /home/angelina_m_simon/robot-navigation-sim/install/robot_nav_interfaces/share/robot_nav_interfaces/rust/src/msg.rs
-- Installing: /home/angelina_m_simon/robot-navigation-sim/install/robot_nav_interfaces/share/robot_nav_interfaces/rust/src/lib.rs
-- Installing: /home/angelina_m_simon/robot-navigation-sim/install/robot_nav_interfaces/share/robot_nav_interfaces/rust/Cargo.toml
-- Installing: /home/angelina_m_simon/robot-navigation-sim/install/robot_nav_interfaces/share/robot_nav_interfaces/rust/build.rs
-- Installing: /home/angelina_m_simon/robot-navigation-sim/install/robot_nav_interfaces/share/robot_nav_interfaces/msg/Detection.idl
-- Installing: /home/angelina_m_simon/robot-navigation-sim/install/robot_nav_interfaces/share/robot_nav_interfaces/msg/Detection.msg
-- Installing: /home/angelina_m_simon/robot-navigation-sim/install/robot_nav_interfaces/share/ament_index/resource_index/package_run_dependencies/robot_nav_interfaces
-- Installing: /home/angelina_m_simon/robot-navigation-sim/install/robot_nav_interfaces/share/ament_index/resource_index/parent_prefix_path/robot_nav_interfaces
-- Installing: /home/angelina_m_simon/robot-navigation-sim/install/robot_nav_interfaces/share/robot_nav_interfaces/environment/ament_prefix_path.sh
-- Installing: /home/angelina_m_simon/robot-navigation-sim/install/robot_nav_interfaces/share/robot_nav_interfaces/environment/ament_prefix_path.dsv
-- Installing: /home/angelina_m_simon/robot-navigation-sim/install/robot_nav_interfaces/share/robot_nav_interfaces/environment/path.sh
-- Installing: /home/angelina_m_simon/robot-navigation-sim/install/robot_nav_interfaces/share/robot_nav_interfaces/environment/path.dsv
-- Installing: /home/angelina_m_simon/robot-navigation-sim/install/robot_nav_interfaces/share/robot_nav_interfaces/local_setup.bash
-- Installing: /home/angelina_m_simon/robot-navigation-sim/install/robot_nav_interfaces/share/robot_nav_interfaces/local_setup.sh
-- Installing: /home/angelina_m_simon/robot-navigation-sim/install/robot_nav_interfaces/share/robot_nav_interfaces/local_setup.zsh
-- Installing: /home/angelina_m_simon/robot-navigation-sim/install/robot_nav_interfaces/share/robot_nav_interfaces/local_setup.dsv
-- Installing: /home/angelina_m_simon/robot-navigation-sim/install/robot_nav_interfaces/share/robot_nav_interfaces/package.dsv
-- Installing: /home/angelina_m_simon/robot-navigation-sim/install/robot_nav_interfaces/share/ament_index/resource_index/packages/robot_nav_interfaces
-- Installing: /home/angelina_m_simon/robot-navigation-sim/install/robot_nav_interfaces/share/robot_nav_interfaces/cmake/export_robot_nav_interfaces__rosidl_generator_cExport.cmake
-- Installing: /home/angelina_m_simon/robot-navigation-sim/install/robot_nav_interfaces/share/robot_nav_interfaces/cmake/export_robot_nav_interfaces__rosidl_generator_cExport-noconfig.cmake
-- Installing: /home/angelina_m_simon/robot-navigation-sim/install/robot_nav_interfaces/share/robot_nav_interfaces/cmake/export_robot_nav_interfaces__rosidl_typesupport_fastrtps_cExport.cmake
-- Installing: /home/angelina_m_simon/robot-navigation-sim/install/robot_nav_interfaces/share/robot_nav_interfaces/cmake/export_robot_nav_interfaces__rosidl_typesupport_fastrtps_cExport-noconfig.cmake
-- Installing: /home/angelina_m_simon/robot-navigation-sim/install/robot_nav_interfaces/share/robot_nav_interfaces/cmake/robot_nav_interfaces__rosidl_typesupport_introspection_cExport.cmake
-- Installing: /home/angelina_m_simon/robot-navigation-sim/install/robot_nav_interfaces/share/robot_nav_interfaces/cmake/robot_nav_interfaces__rosidl_typesupport_introspection_cExport-noconfig.cmake
-- Installing: /home/angelina_m_simon/robot-navigation-sim/install/robot_nav_interfaces/share/robot_nav_interfaces/cmake/robot_nav_interfaces__rosidl_typesupport_cExport.cmake
-- Installing: /home/angelina_m_simon/robot-navigation-sim/install/robot_nav_interfaces/share/robot_nav_interfaces/cmake/robot_nav_interfaces__rosidl_typesupport_cExport-noconfig.cmake
-- Installing: /home/angelina_m_simon/robot-navigation-sim/install/robot_nav_interfaces/share/robot_nav_interfaces/cmake/export_robot_nav_interfaces__rosidl_generator_cppExport.cmake
-- Installing: /home/angelina_m_simon/robot-navigation-sim/install/robot_nav_interfaces/share/robot_nav_interfaces/cmake/export_robot_nav_interfaces__rosidl_typesupport_fastrtps_cppExport.cmake
-- Installing: /home/angelina_m_simon/robot-navigation-sim/install/robot_nav_interfaces/share/robot_nav_interfaces/cmake/export_robot_nav_interfaces__rosidl_typesupport_fastrtps_cppExport-noconfig.cmake
-- Installing: /home/angelina_m_simon/robot-navigation-sim/install/robot_nav_interfaces/share/robot_nav_interfaces/cmake/robot_nav_interfaces__rosidl_typesupport_introspection_cppExport.cmake
-- Installing: /home/angelina_m_simon/robot-navigation-sim/install/robot_nav_interfaces/share/robot_nav_interfaces/cmake/robot_nav_interfaces__rosidl_typesupport_introspection_cppExport-noconfig.cmake
-- Installing: /home/angelina_m_simon/robot-navigation-sim/install/robot_nav_interfaces/share/robot_nav_interfaces/cmake/robot_nav_interfaces__rosidl_typesupport_cppExport.cmake
-- Installing: /home/angelina_m_simon/robot-navigation-sim/install/robot_nav_interfaces/share/robot_nav_interfaces/cmake/robot_nav_interfaces__rosidl_typesupport_cppExport-noconfig.cmake
-- Installing: /home/angelina_m_simon/robot-navigation-sim/install/robot_nav_interfaces/share/robot_nav_interfaces/cmake/export_robot_nav_interfaces__rosidl_generator_pyExport.cmake
-- Installing: /home/angelina_m_simon/robot-navigation-sim/install/robot_nav_interfaces/share/robot_nav_interfaces/cmake/export_robot_nav_interfaces__rosidl_generator_pyExport-noconfig.cmake
-- Installing: /home/angelina_m_simon/robot-navigation-sim/install/robot_nav_interfaces/share/robot_nav_interfaces/cmake/rosidl_cmake-extras.cmake
-- Installing: /home/angelina_m_simon/robot-navigation-sim/install/robot_nav_interfaces/share/robot_nav_interfaces/cmake/ament_cmake_export_include_directories-extras.cmake
-- Installing: /home/angelina_m_simon/robot-navigation-sim/install/robot_nav_interfaces/share/robot_nav_interfaces/cmake/ament_cmake_export_libraries-extras.cmake
-- Installing: /home/angelina_m_simon/robot-navigation-sim/install/robot_nav_interfaces/share/robot_nav_interfaces/cmake/ament_cmake_export_targets-extras.cmake
-- Installing: /home/angelina_m_simon/robot-navigation-sim/install/robot_nav_interfaces/share/robot_nav_interfaces/cmake/rosidl_cmake_export_typesupport_targets-extras.cmake
-- Installing: /home/angelina_m_simon/robot-navigation-sim/install/robot_nav_interfaces/share/robot_nav_interfaces/cmake/ament_cmake_export_dependencies-extras.cmake
-- Installing: /home/angelina_m_simon/robot-navigation-sim/install/robot_nav_interfaces/share/robot_nav_interfaces/cmake/rosidl_cmake_export_typesupport_libraries-extras.cmake
-- Installing: /home/angelina_m_simon/robot-navigation-sim/install/robot_nav_interfaces/share/robot_nav_interfaces/cmake/robot_nav_interfacesConfig.cmake
-- Installing: /home/angelina_m_simon/robot-navigation-sim/install/robot_nav_interfaces/share/robot_nav_interfaces/cmake/robot_nav_interfacesConfig-version.cmake
-- Installing: /home/angelina_m_simon/robot-navigation-sim/install/robot_nav_interfaces/share/robot_nav_interfaces/package.xml
