[0.018s] Invoking command in '/home/angelina_m_simon/robot-navigation-sim/build/robot_nav_interfaces': CMAKE_PREFIX_PATH=/opt/ros/jazzy /usr/bin/cmake /home/angelina_m_simon/robot-navigation-sim/src/robot_nav_interfaces -DCMAKE_INSTALL_PREFIX=/home/angelina_m_simon/robot-navigation-sim/install/robot_nav_interfaces
[0.647s] -- The C compiler identification is GNU 13.3.0
[1.014s] -- The CXX compiler identification is GNU 13.3.0
[1.062s] -- Detecting C compiler ABI info
[1.279s] -- Detecting C compiler ABI info - done
[1.294s] -- Check for working C compiler: /usr/bin/cc - skipped
[1.295s] -- Detecting C compile features
[1.297s] -- Detecting C compile features - done
[1.317s] -- Detecting CXX compiler ABI info
[1.498s] -- Detecting CXX compiler ABI info - done
[1.514s] -- Check for working CXX compiler: /usr/bin/c++ - skipped
[1.514s] -- Detecting CXX compile features
[1.515s] -- Detecting CXX compile features - done
[1.553s] -- Found ament_cmake: 2.5.6 (/opt/ros/jazzy/share/ament_cmake/cmake)
[1.765s] -- Found Python3: /usr/bin/python3 (found version "3.12.3") found components: Interpreter 
[2.008s] -- Found rosidl_default_generators: 1.6.0 (/opt/ros/jazzy/share/rosidl_default_generators/cmake)
[2.029s] -- Using all available rosidl_typesupport_c: rosidl_typesupport_fastrtps_c;rosidl_typesupport_introspection_c
[2.178s] -- Using all available rosidl_typesupport_cpp: rosidl_typesupport_fastrtps_cpp;rosidl_typesupport_introspection_cpp
[2.318s] -- Found rosidl_adapter: 4.6.7 (/opt/ros/jazzy/share/rosidl_adapter/cmake)
[3.199s] -- Found ament_cmake_ros: 0.12.0 (/opt/ros/jazzy/share/ament_cmake_ros/cmake)
[3.799s] -- Using all available rosidl_typesupport_c: rosidl_typesupport_fastrtps_c;rosidl_typesupport_introspection_c
[4.575s] -- Using all available rosidl_typesupport_cpp: rosidl_typesupport_fastrtps_cpp;rosidl_typesupport_introspection_cpp
[4.582s] -- Found python_cmake_module: 0.11.1 (/opt/ros/jazzy/share/python_cmake_module/cmake)
[4.770s] -- Found PythonExtra: /usr/bin/python3  
[5.668s] -- Found Python3: /usr/bin/python3 (found version "3.12.3") found components: Interpreter Development NumPy Development.Module Development.Embed 
[5.763s] -- Found Python3: /usr/bin/python3 (found version "3.12.3") found components: Interpreter 
[5.770s] -- Found ament_lint_auto: 0.17.5 (/opt/ros/jazzy/share/ament_lint_auto/cmake)
[5.843s] -- Added test 'lint_cmake' to check CMake code style
[5.848s] -- Added test 'xmllint' to check XML markup files
[5.856s] -- Configuring done (5.7s)
[5.927s] -- Generating done (0.1s)
[5.959s] -- Build files have been written to: /home/angelina_m_simon/robot-navigation-sim/build/robot_nav_interfaces
[5.977s] Invoked command in '/home/angelina_m_simon/robot-navigation-sim/build/robot_nav_interfaces' returned '0': CMAKE_PREFIX_PATH=/opt/ros/jazzy /usr/bin/cmake /home/angelina_m_simon/robot-navigation-sim/src/robot_nav_interfaces -DCMAKE_INSTALL_PREFIX=/home/angelina_m_simon/robot-navigation-sim/install/robot_nav_interfaces
[5.980s] Invoking command in '/home/angelina_m_simon/robot-navigation-sim/build/robot_nav_interfaces': CMAKE_PREFIX_PATH=/opt/ros/jazzy /usr/bin/cmake --build /home/angelina_m_simon/robot-navigation-sim/build/robot_nav_interfaces -- -j2 -l2
[6.084s] [  5%] [34m[1mGenerating Rust code for ROS interfaces[0m
[6.086s] [  5%] [34m[1mGenerating type hashes for ROS interfaces[0m
[6.596s] [  5%] Built target robot_nav_interfaces__rosidl_generator_type_description
[6.659s] [  5%] Built target ament_cmake_python_copy_robot_nav_interfaces
[6.697s] [  5%] Built target robot_nav_interfaces__rs
[6.699s] [  8%] [34m[1mGenerating C code for ROS interfaces[0m
[6.744s] [ 11%] [34m[1mGenerating C++ code for ROS interfaces[0m
[7.429s] [ 11%] Built target robot_nav_interfaces__cpp
[7.477s] [ 14%] [32mBuilding C object CMakeFiles/robot_nav_interfaces__rosidl_generator_c.dir/rosidl_generator_c/robot_nav_interfaces/msg/detail/detection__description.c.o[0m
[7.643s] [ 17%] [32mBuilding C object CMakeFiles/robot_nav_interfaces__rosidl_generator_c.dir/rosidl_generator_c/robot_nav_interfaces/msg/detail/detection__functions.c.o[0m
[7.800s] [ 20%] [32mBuilding C object CMakeFiles/robot_nav_interfaces__rosidl_generator_c.dir/rosidl_generator_c/robot_nav_interfaces/msg/detail/detection__type_support.c.o[0m
[7.872s] [ 22%] [32m[1mLinking C shared library librobot_nav_interfaces__rosidl_generator_c.so[0m
[7.927s] running egg_info
[7.931s] creating robot_nav_interfaces.egg-info
[7.964s] [ 22%] Built target robot_nav_interfaces__rosidl_generator_c
[7.988s] [ 25%] [34m[1mGenerating C type support dispatch for ROS interfaces[0m
[7.993s] writing robot_nav_interfaces.egg-info/PKG-INFO
[7.995s] writing dependency_links to robot_nav_interfaces.egg-info/dependency_links.txt
[7.996s] writing top-level names to robot_nav_interfaces.egg-info/top_level.txt
[7.996s] writing manifest file 'robot_nav_interfaces.egg-info/SOURCES.txt'
[8.124s] reading manifest file 'robot_nav_interfaces.egg-info/SOURCES.txt'
[8.126s] writing manifest file 'robot_nav_interfaces.egg-info/SOURCES.txt'
[8.208s] [ 25%] Built target ament_cmake_python_build_robot_nav_interfaces_egg
[8.231s] [ 28%] [34m[1mGenerating C++ type support for eProsima Fast-RTPS[0m
[8.601s] [ 31%] [32mBuilding CXX object CMakeFiles/robot_nav_interfaces__rosidl_typesupport_c.dir/rosidl_typesupport_c/robot_nav_interfaces/msg/detection__type_support.cpp.o[0m
[8.742s] [ 34%] [32m[1mLinking CXX shared library librobot_nav_interfaces__rosidl_typesupport_c.so[0m
[8.845s] [ 34%] Built target robot_nav_interfaces__rosidl_typesupport_c
[8.867s] [ 37%] [34m[1mGenerating C++ introspection for ROS interfaces[0m
[8.964s] [ 40%] [32mBuilding CXX object CMakeFiles/robot_nav_interfaces__rosidl_typesupport_fastrtps_cpp.dir/rosidl_typesupport_fastrtps_cpp/robot_nav_interfaces/msg/detail/dds_fastrtps/detection__type_support.cpp.o[0m
[9.450s] [ 42%] [32mBuilding CXX object CMakeFiles/robot_nav_interfaces__rosidl_typesupport_introspection_cpp.dir/rosidl_typesupport_introspection_cpp/robot_nav_interfaces/msg/detail/detection__type_support.cpp.o[0m
[10.427s] [ 45%] [32m[1mLinking CXX shared library librobot_nav_interfaces__rosidl_typesupport_introspection_cpp.so[0m
[10.597s] [ 45%] Built target robot_nav_interfaces__rosidl_typesupport_introspection_cpp
[10.619s] [ 48%] [34m[1mGenerating C++ type support dispatch for ROS interfaces[0m
[10.648s] [ 51%] [32m[1mLinking CXX shared library librobot_nav_interfaces__rosidl_typesupport_fastrtps_cpp.so[0m
[10.846s] [ 51%] Built target robot_nav_interfaces__rosidl_typesupport_fastrtps_cpp
[10.868s] [ 54%] [34m[1mGenerating C type support for eProsima Fast-RTPS[0m
[11.206s] [ 57%] [32mBuilding CXX object CMakeFiles/robot_nav_interfaces__rosidl_typesupport_cpp.dir/rosidl_typesupport_cpp/robot_nav_interfaces/msg/detection__type_support.cpp.o[0m
[11.566s] [ 60%] [32mBuilding CXX object CMakeFiles/robot_nav_interfaces__rosidl_typesupport_fastrtps_c.dir/rosidl_typesupport_fastrtps_c/robot_nav_interfaces/msg/detail/detection__type_support_c.cpp.o[0m
[11.957s] [ 62%] [32m[1mLinking CXX shared library librobot_nav_interfaces__rosidl_typesupport_cpp.so[0m
[12.056s] [ 62%] Built target robot_nav_interfaces__rosidl_typesupport_cpp
[12.078s] [ 65%] [34m[1mGenerating C introspection for ROS interfaces[0m
[12.677s] [ 68%] [32mBuilding C object CMakeFiles/robot_nav_interfaces__rosidl_typesupport_introspection_c.dir/rosidl_typesupport_introspection_c/robot_nav_interfaces/msg/detail/detection__type_support.c.o[0m
[12.714s] [ 71%] [32m[1mLinking CXX shared library librobot_nav_interfaces__rosidl_typesupport_fastrtps_c.so[0m
[12.769s] [ 74%] [32m[1mLinking C shared library librobot_nav_interfaces__rosidl_typesupport_introspection_c.so[0m
[12.842s] [ 74%] Built target robot_nav_interfaces__rosidl_typesupport_introspection_c
[12.892s] [ 74%] Built target robot_nav_interfaces__rosidl_typesupport_fastrtps_c
[12.927s] [ 74%] Built target robot_nav_interfaces
[12.961s] [ 77%] [34m[1mGenerating Python code for ROS interfaces[0m
[13.427s] [ 77%] Built target robot_nav_interfaces__py
[13.461s] [ 80%] [32mBuilding C object CMakeFiles/robot_nav_interfaces__rosidl_generator_py.dir/rosidl_generator_py/robot_nav_interfaces/msg/_detection_s.c.o[0m
[13.801s] [ 82%] [32m[1mLinking C shared library librobot_nav_interfaces__rosidl_generator_py.so[0m
[13.868s] [ 82%] Built target robot_nav_interfaces__rosidl_generator_py
[13.915s] [ 88%] [32mBuilding C object CMakeFiles/robot_nav_interfaces_s__rosidl_typesupport_introspection_c.dir/rosidl_generator_py/robot_nav_interfaces/_robot_nav_interfaces_s.ep.rosidl_typesupport_introspection_c.c.o[0m
[13.915s] [ 88%] [32mBuilding C object CMakeFiles/robot_nav_interfaces_s__rosidl_typesupport_fastrtps_c.dir/rosidl_generator_py/robot_nav_interfaces/_robot_nav_interfaces_s.ep.rosidl_typesupport_fastrtps_c.c.o[0m
[14.180s] [ 91%] [32m[1mLinking C shared module rosidl_generator_py/robot_nav_interfaces/robot_nav_interfaces_s__rosidl_typesupport_introspection_c.so[0m
[14.198s] [ 94%] [32m[1mLinking C shared module rosidl_generator_py/robot_nav_interfaces/robot_nav_interfaces_s__rosidl_typesupport_fastrtps_c.so[0m
[14.255s] [ 94%] Built target robot_nav_interfaces_s__rosidl_typesupport_introspection_c
[14.273s] [ 94%] Built target robot_nav_interfaces_s__rosidl_typesupport_fastrtps_c
[14.293s] [ 97%] [32mBuilding C object CMakeFiles/robot_nav_interfaces_s__rosidl_typesupport_c.dir/rosidl_generator_py/robot_nav_interfaces/_robot_nav_interfaces_s.ep.rosidl_typesupport_c.c.o[0m
[14.454s] [100%] [32m[1mLinking C shared module rosidl_generator_py/robot_nav_interfaces/robot_nav_interfaces_s__rosidl_typesupport_c.so[0m
[14.505s] [100%] Built target robot_nav_interfaces_s__rosidl_typesupport_c
[14.525s] Invoked command in '/home/angelina_m_simon/robot-navigation-sim/build/robot_nav_interfaces' returned '0': CMAKE_PREFIX_PATH=/opt/ros/jazzy /usr/bin/cmake --build /home/angelina_m_simon/robot-navigation-sim/build/robot_nav_interfaces -- -j2 -l2
[14.543s] Invoking command in '/home/angelina_m_simon/robot-navigation-sim/build/robot_nav_interfaces': CMAKE_PREFIX_PATH=/opt/ros/jazzy /usr/bin/cmake --install /home/angelina_m_simon/robot-navigation-sim/build/robot_nav_interfaces
[14.558s] -- Install configuration: ""
[14.558s] -- Installing: /home/angelina_m_simon/robot-navigation-sim/install/robot_nav_interfaces/share/ament_index/resource_index/rosidl_interfaces/robot_nav_interfaces
[14.559s] -- Installing: /home/angelina_m_simon/robot-navigation-sim/install/robot_nav_interfaces/share/robot_nav_interfaces/msg/Detection.json
[14.559s] -- Installing: /home/angelina_m_simon/robot-navigation-sim/install/robot_nav_interfaces/include/robot_nav_interfaces/robot_nav_interfaces
[14.560s] -- Installing: /home/angelina_m_simon/robot-navigation-sim/install/robot_nav_interfaces/include/robot_nav_interfaces/robot_nav_interfaces/msg
[14.560s] -- Installing: /home/angelina_m_simon/robot-navigation-sim/install/robot_nav_interfaces/include/robot_nav_interfaces/robot_nav_interfaces/msg/detail
[14.561s] -- Installing: /home/angelina_m_simon/robot-navigation-sim/install/robot_nav_interfaces/include/robot_nav_interfaces/robot_nav_interfaces/msg/detail/detection__description.c
[14.561s] -- Installing: /home/angelina_m_simon/robot-navigation-sim/install/robot_nav_interfaces/include/robot_nav_interfaces/robot_nav_interfaces/msg/detail/detection__type_support.h
[14.561s] -- Installing: /home/angelina_m_simon/robot-navigation-sim/install/robot_nav_interfaces/include/robot_nav_interfaces/robot_nav_interfaces/msg/detail/detection__functions.h
[14.562s] -- Installing: /home/angelina_m_simon/robot-navigation-sim/install/robot_nav_interfaces/include/robot_nav_interfaces/robot_nav_interfaces/msg/detail/detection__functions.c
[14.562s] -- Installing: /home/angelina_m_simon/robot-navigation-sim/install/robot_nav_interfaces/include/robot_nav_interfaces/robot_nav_interfaces/msg/detail/detection__type_support.c
[14.562s] -- Installing: /home/angelina_m_simon/robot-navigation-sim/install/robot_nav_interfaces/include/robot_nav_interfaces/robot_nav_interfaces/msg/detail/detection__struct.h
[14.562s] -- Installing: /home/angelina_m_simon/robot-navigation-sim/install/robot_nav_interfaces/include/robot_nav_interfaces/robot_nav_interfaces/msg/detection.h
[14.563s] -- Installing: /home/angelina_m_simon/robot-navigation-sim/install/robot_nav_interfaces/include/robot_nav_interfaces/robot_nav_interfaces/msg/rosidl_generator_c__visibility_control.h
[14.563s] -- Installing: /home/angelina_m_simon/robot-navigation-sim/install/robot_nav_interfaces/share/robot_nav_interfaces/environment/library_path.sh
[14.563s] -- Installing: /home/angelina_m_simon/robot-navigation-sim/install/robot_nav_interfaces/share/robot_nav_interfaces/environment/library_path.dsv
[14.564s] -- Installing: /home/angelina_m_simon/robot-navigation-sim/install/robot_nav_interfaces/lib/librobot_nav_interfaces__rosidl_generator_c.so
[14.565s] -- Set non-toolchain portion of runtime path of "/home/angelina_m_simon/robot-navigation-sim/install/robot_nav_interfaces/lib/librobot_nav_interfaces__rosidl_generator_c.so" to ""
[14.565s] -- Up-to-date: /home/angelina_m_simon/robot-navigation-sim/install/robot_nav_interfaces/include/robot_nav_interfaces/robot_nav_interfaces
[14.565s] -- Up-to-date: /home/angelina_m_simon/robot-navigation-sim/install/robot_nav_interfaces/include/robot_nav_interfaces/robot_nav_interfaces/msg
[14.566s] -- Up-to-date: /home/angelina_m_simon/robot-navigation-sim/install/robot_nav_interfaces/include/robot_nav_interfaces/robot_nav_interfaces/msg/detail
[14.566s] -- Installing: /home/angelina_m_simon/robot-navigation-sim/install/robot_nav_interfaces/include/robot_nav_interfaces/robot_nav_interfaces/msg/detail/detection__rosidl_typesupport_fastrtps_c.h
[14.566s] -- Installing: /home/angelina_m_simon/robot-navigation-sim/install/robot_nav_interfaces/include/robot_nav_interfaces/robot_nav_interfaces/msg/rosidl_typesupport_fastrtps_c__visibility_control.h
[14.566s] -- Installing: /home/angelina_m_simon/robot-navigation-sim/install/robot_nav_interfaces/lib/librobot_nav_interfaces__rosidl_typesupport_fastrtps_c.so
[14.567s] -- Set non-toolchain portion of runtime path of "/home/angelina_m_simon/robot-navigation-sim/install/robot_nav_interfaces/lib/librobot_nav_interfaces__rosidl_typesupport_fastrtps_c.so" to ""
[14.567s] -- Up-to-date: /home/angelina_m_simon/robot-navigation-sim/install/robot_nav_interfaces/include/robot_nav_interfaces/robot_nav_interfaces
[14.567s] -- Up-to-date: /home/angelina_m_simon/robot-navigation-sim/install/robot_nav_interfaces/include/robot_nav_interfaces/robot_nav_interfaces/msg
[14.568s] -- Installing: /home/angelina_m_simon/robot-navigation-sim/install/robot_nav_interfaces/include/robot_nav_interfaces/robot_nav_interfaces/msg/rosidl_typesupport_introspection_c__visibility_control.h
[14.568s] -- Up-to-date: /home/angelina_m_simon/robot-navigation-sim/install/robot_nav_interfaces/include/robot_nav_interfaces/robot_nav_interfaces/msg/detail
[14.568s] -- Installing: /home/angelina_m_simon/robot-navigation-sim/install/robot_nav_interfaces/include/robot_nav_interfaces/robot_nav_interfaces/msg/detail/detection__rosidl_typesupport_introspection_c.h
[14.569s] -- Installing: /home/angelina_m_simon/robot-navigation-sim/install/robot_nav_interfaces/include/robot_nav_interfaces/robot_nav_interfaces/msg/detail/detection__type_support.c
[14.569s] -- Installing: /home/angelina_m_simon/robot-navigation-sim/install/robot_nav_interfaces/lib/librobot_nav_interfaces__rosidl_typesupport_introspection_c.so
[14.569s] -- Set non-toolchain portion of runtime path of "/home/angelina_m_simon/robot-navigation-sim/install/robot_nav_interfaces/lib/librobot_nav_interfaces__rosidl_typesupport_introspection_c.so" to ""
[14.569s] -- Installing: /home/angelina_m_simon/robot-navigation-sim/install/robot_nav_interfaces/lib/librobot_nav_interfaces__rosidl_typesupport_c.so
[14.570s] -- Set non-toolchain portion of runtime path of "/home/angelina_m_simon/robot-navigation-sim/install/robot_nav_interfaces/lib/librobot_nav_interfaces__rosidl_typesupport_c.so" to ""
[14.570s] -- Up-to-date: /home/angelina_m_simon/robot-navigation-sim/install/robot_nav_interfaces/include/robot_nav_interfaces/robot_nav_interfaces
[14.571s] -- Up-to-date: /home/angelina_m_simon/robot-navigation-sim/install/robot_nav_interfaces/include/robot_nav_interfaces/robot_nav_interfaces/msg
[14.571s] -- Installing: /home/angelina_m_simon/robot-navigation-sim/install/robot_nav_interfaces/include/robot_nav_interfaces/robot_nav_interfaces/msg/rosidl_generator_cpp__visibility_control.hpp
[14.572s] -- Up-to-date: /home/angelina_m_simon/robot-navigation-sim/install/robot_nav_interfaces/include/robot_nav_interfaces/robot_nav_interfaces/msg/detail
[14.572s] -- Installing: /home/angelina_m_simon/robot-navigation-sim/install/robot_nav_interfaces/include/robot_nav_interfaces/robot_nav_interfaces/msg/detail/detection__type_support.hpp
[14.572s] -- Installing: /home/angelina_m_simon/robot-navigation-sim/install/robot_nav_interfaces/include/robot_nav_interfaces/robot_nav_interfaces/msg/detail/detection__struct.hpp
[14.573s] -- Installing: /home/angelina_m_simon/robot-navigation-sim/install/robot_nav_interfaces/include/robot_nav_interfaces/robot_nav_interfaces/msg/detail/detection__builder.hpp
[14.573s] -- Installing: /home/angelina_m_simon/robot-navigation-sim/install/robot_nav_interfaces/include/robot_nav_interfaces/robot_nav_interfaces/msg/detail/detection__traits.hpp
[14.573s] -- Installing: /home/angelina_m_simon/robot-navigation-sim/install/robot_nav_interfaces/include/robot_nav_interfaces/robot_nav_interfaces/msg/detection.hpp
[14.573s] -- Up-to-date: /home/angelina_m_simon/robot-navigation-sim/install/robot_nav_interfaces/include/robot_nav_interfaces/robot_nav_interfaces
[14.574s] -- Up-to-date: /home/angelina_m_simon/robot-navigation-sim/install/robot_nav_interfaces/include/robot_nav_interfaces/robot_nav_interfaces/msg
[14.574s] -- Up-to-date: /home/angelina_m_simon/robot-navigation-sim/install/robot_nav_interfaces/include/robot_nav_interfaces/robot_nav_interfaces/msg/detail
[14.574s] -- Installing: /home/angelina_m_simon/robot-navigation-sim/install/robot_nav_interfaces/include/robot_nav_interfaces/robot_nav_interfaces/msg/detail/dds_fastrtps
[14.575s] -- Installing: /home/angelina_m_simon/robot-navigation-sim/install/robot_nav_interfaces/include/robot_nav_interfaces/robot_nav_interfaces/msg/detail/detection__rosidl_typesupport_fastrtps_cpp.hpp
[14.575s] -- Installing: /home/angelina_m_simon/robot-navigation-sim/install/robot_nav_interfaces/include/robot_nav_interfaces/robot_nav_interfaces/msg/rosidl_typesupport_fastrtps_cpp__visibility_control.h
[14.575s] -- Installing: /home/angelina_m_simon/robot-navigation-sim/install/robot_nav_interfaces/lib/librobot_nav_interfaces__rosidl_typesupport_fastrtps_cpp.so
[14.575s] -- Set non-toolchain portion of runtime path of "/home/angelina_m_simon/robot-navigation-sim/install/robot_nav_interfaces/lib/librobot_nav_interfaces__rosidl_typesupport_fastrtps_cpp.so" to ""
[14.576s] -- Up-to-date: /home/angelina_m_simon/robot-navigation-sim/install/robot_nav_interfaces/include/robot_nav_interfaces/robot_nav_interfaces
[14.576s] -- Up-to-date: /home/angelina_m_simon/robot-navigation-sim/install/robot_nav_interfaces/include/robot_nav_interfaces/robot_nav_interfaces/msg
[14.576s] -- Up-to-date: /home/angelina_m_simon/robot-navigation-sim/install/robot_nav_interfaces/include/robot_nav_interfaces/robot_nav_interfaces/msg/detail
[14.576s] -- Installing: /home/angelina_m_simon/robot-navigation-sim/install/robot_nav_interfaces/include/robot_nav_interfaces/robot_nav_interfaces/msg/detail/detection__type_support.cpp
[14.577s] -- Installing: /home/angelina_m_simon/robot-navigation-sim/install/robot_nav_interfaces/include/robot_nav_interfaces/robot_nav_interfaces/msg/detail/detection__rosidl_typesupport_introspection_cpp.hpp
[14.577s] -- Installing: /home/angelina_m_simon/robot-navigation-sim/install/robot_nav_interfaces/lib/librobot_nav_interfaces__rosidl_typesupport_introspection_cpp.so
[14.577s] -- Set non-toolchain portion of runtime path of "/home/angelina_m_simon/robot-navigation-sim/install/robot_nav_interfaces/lib/librobot_nav_interfaces__rosidl_typesupport_introspection_cpp.so" to ""
[14.578s] -- Installing: /home/angelina_m_simon/robot-navigation-sim/install/robot_nav_interfaces/lib/librobot_nav_interfaces__rosidl_typesupport_cpp.so
[14.578s] -- Set non-toolchain portion of runtime path of "/home/angelina_m_simon/robot-navigation-sim/install/robot_nav_interfaces/lib/librobot_nav_interfaces__rosidl_typesupport_cpp.so" to ""
[14.578s] -- Installing: /home/angelina_m_simon/robot-navigation-sim/install/robot_nav_interfaces/share/robot_nav_interfaces/environment/pythonpath.sh
[14.578s] -- Installing: /home/angelina_m_simon/robot-navigation-sim/install/robot_nav_interfaces/share/robot_nav_interfaces/environment/pythonpath.dsv
[14.579s] -- Installing: /home/angelina_m_simon/robot-navigation-sim/install/robot_nav_interfaces/lib/python3.12/site-packages/robot_nav_interfaces-0.0.0-py3.12.egg-info
[14.579s] -- Installing: /home/angelina_m_simon/robot-navigation-sim/install/robot_nav_interfaces/lib/python3.12/site-packages/robot_nav_interfaces-0.0.0-py3.12.egg-info/SOURCES.txt
[14.580s] -- Installing: /home/angelina_m_simon/robot-navigation-sim/install/robot_nav_interfaces/lib/python3.12/site-packages/robot_nav_interfaces-0.0.0-py3.12.egg-info/PKG-INFO
[14.580s] -- Installing: /home/angelina_m_simon/robot-navigation-sim/install/robot_nav_interfaces/lib/python3.12/site-packages/robot_nav_interfaces-0.0.0-py3.12.egg-info/dependency_links.txt
[14.580s] -- Installing: /home/angelina_m_simon/robot-navigation-sim/install/robot_nav_interfaces/lib/python3.12/site-packages/robot_nav_interfaces-0.0.0-py3.12.egg-info/top_level.txt
[14.581s] -- Installing: /home/angelina_m_simon/robot-navigation-sim/install/robot_nav_interfaces/lib/python3.12/site-packages/robot_nav_interfaces
[14.581s] -- Installing: /home/angelina_m_simon/robot-navigation-sim/install/robot_nav_interfaces/lib/python3.12/site-packages/robot_nav_interfaces/msg
[14.581s] -- Installing: /home/angelina_m_simon/robot-navigation-sim/install/robot_nav_interfaces/lib/python3.12/site-packages/robot_nav_interfaces/msg/__init__.py
[14.582s] -- Installing: /home/angelina_m_simon/robot-navigation-sim/install/robot_nav_interfaces/lib/python3.12/site-packages/robot_nav_interfaces/msg/_detection.py
[14.582s] -- Installing: /home/angelina_m_simon/robot-navigation-sim/install/robot_nav_interfaces/lib/python3.12/site-packages/robot_nav_interfaces/msg/_detection_s.c
[14.582s] -- Installing: /home/angelina_m_simon/robot-navigation-sim/install/robot_nav_interfaces/lib/python3.12/site-packages/robot_nav_interfaces/_robot_nav_interfaces_s.ep.rosidl_typesupport_introspection_c.c
[14.583s] -- Installing: /home/angelina_m_simon/robot-navigation-sim/install/robot_nav_interfaces/lib/python3.12/site-packages/robot_nav_interfaces/__init__.py
[14.583s] -- Installing: /home/angelina_m_simon/robot-navigation-sim/install/robot_nav_interfaces/lib/python3.12/site-packages/robot_nav_interfaces/robot_nav_interfaces_s__rosidl_typesupport_fastrtps_c.so
[14.583s] -- Installing: /home/angelina_m_simon/robot-navigation-sim/install/robot_nav_interfaces/lib/python3.12/site-packages/robot_nav_interfaces/_robot_nav_interfaces_s.ep.rosidl_typesupport_c.c
[14.583s] -- Installing: /home/angelina_m_simon/robot-navigation-sim/install/robot_nav_interfaces/lib/python3.12/site-packages/robot_nav_interfaces/robot_nav_interfaces_s__rosidl_typesupport_introspection_c.so
[14.584s] -- Installing: /home/angelina_m_simon/robot-navigation-sim/install/robot_nav_interfaces/lib/python3.12/site-packages/robot_nav_interfaces/_robot_nav_interfaces_s.ep.rosidl_typesupport_fastrtps_c.c
[14.584s] -- Installing: /home/angelina_m_simon/robot-navigation-sim/install/robot_nav_interfaces/lib/python3.12/site-packages/robot_nav_interfaces/robot_nav_interfaces_s__rosidl_typesupport_c.so
[14.648s] Listing '/home/angelina_m_simon/robot-navigation-sim/install/robot_nav_interfaces/lib/python3.12/site-packages/robot_nav_interfaces'...
[14.648s] Compiling '/home/angelina_m_simon/robot-navigation-sim/install/robot_nav_interfaces/lib/python3.12/site-packages/robot_nav_interfaces/__init__.py'...
[14.648s] Listing '/home/angelina_m_simon/robot-navigation-sim/install/robot_nav_interfaces/lib/python3.12/site-packages/robot_nav_interfaces/msg'...
[14.648s] Compiling '/home/angelina_m_simon/robot-navigation-sim/install/robot_nav_interfaces/lib/python3.12/site-packages/robot_nav_interfaces/msg/__init__.py'...
[14.648s] Compiling '/home/angelina_m_simon/robot-navigation-sim/install/robot_nav_interfaces/lib/python3.12/site-packages/robot_nav_interfaces/msg/_detection.py'...
[14.659s] -- Installing: /home/angelina_m_simon/robot-navigation-sim/install/robot_nav_interfaces/lib/python3.12/site-packages/robot_nav_interfaces/robot_nav_interfaces_s__rosidl_typesupport_fastrtps_c.so
[14.660s] -- Set non-toolchain portion of runtime path of "/home/angelina_m_simon/robot-navigation-sim/install/robot_nav_interfaces/lib/python3.12/site-packages/robot_nav_interfaces/robot_nav_interfaces_s__rosidl_typesupport_fastrtps_c.so" to ""
[14.661s] -- Installing: /home/angelina_m_simon/robot-navigation-sim/install/robot_nav_interfaces/lib/python3.12/site-packages/robot_nav_interfaces/robot_nav_interfaces_s__rosidl_typesupport_introspection_c.so
[14.661s] -- Set non-toolchain portion of runtime path of "/home/angelina_m_simon/robot-navigation-sim/install/robot_nav_interfaces/lib/python3.12/site-packages/robot_nav_interfaces/robot_nav_interfaces_s__rosidl_typesupport_introspection_c.so" to ""
[14.662s] -- Installing: /home/angelina_m_simon/robot-navigation-sim/install/robot_nav_interfaces/lib/python3.12/site-packages/robot_nav_interfaces/robot_nav_interfaces_s__rosidl_typesupport_c.so
[14.663s] -- Set non-toolchain portion of runtime path of "/home/angelina_m_simon/robot-navigation-sim/install/robot_nav_interfaces/lib/python3.12/site-packages/robot_nav_interfaces/robot_nav_interfaces_s__rosidl_typesupport_c.so" to ""
[14.663s] -- Installing: /home/angelina_m_simon/robot-navigation-sim/install/robot_nav_interfaces/lib/librobot_nav_interfaces__rosidl_generator_py.so
[14.664s] -- Set non-toolchain portion of runtime path of "/home/angelina_m_simon/robot-navigation-sim/install/robot_nav_interfaces/lib/librobot_nav_interfaces__rosidl_generator_py.so" to ""
[14.664s] -- Installing: /home/angelina_m_simon/robot-navigation-sim/install/robot_nav_interfaces/share/ament_index/resource_index/rust_packages/robot_nav_interfaces
[14.665s] -- Installing: /home/angelina_m_simon/robot-navigation-sim/install/robot_nav_interfaces/share/robot_nav_interfaces/rust
[14.665s] -- Installing: /home/angelina_m_simon/robot-navigation-sim/install/robot_nav_interfaces/share/robot_nav_interfaces/rust/src
[14.665s] -- Installing: /home/angelina_m_simon/robot-navigation-sim/install/robot_nav_interfaces/share/robot_nav_interfaces/rust/src/msg
[14.666s] -- Installing: /home/angelina_m_simon/robot-navigation-sim/install/robot_nav_interfaces/share/robot_nav_interfaces/rust/src/msg/rmw.rs
[14.666s] -- Installing: /home/angelina_m_simon/robot-navigation-sim/install/robot_nav_interfaces/share/robot_nav_interfaces/rust/src/msg.rs
[14.666s] -- Installing: /home/angelina_m_simon/robot-navigation-sim/install/robot_nav_interfaces/share/robot_nav_interfaces/rust/src/lib.rs
[14.667s] -- Installing: /home/angelina_m_simon/robot-navigation-sim/install/robot_nav_interfaces/share/robot_nav_interfaces/rust/Cargo.toml
[14.667s] -- Installing: /home/angelina_m_simon/robot-navigation-sim/install/robot_nav_interfaces/share/robot_nav_interfaces/rust/build.rs
[14.667s] -- Installing: /home/angelina_m_simon/robot-navigation-sim/install/robot_nav_interfaces/share/robot_nav_interfaces/msg/Detection.idl
[14.668s] -- Installing: /home/angelina_m_simon/robot-navigation-sim/install/robot_nav_interfaces/share/robot_nav_interfaces/msg/Detection.msg
[14.668s] -- Installing: /home/angelina_m_simon/robot-navigation-sim/install/robot_nav_interfaces/share/ament_index/resource_index/package_run_dependencies/robot_nav_interfaces
[14.668s] -- Installing: /home/angelina_m_simon/robot-navigation-sim/install/robot_nav_interfaces/share/ament_index/resource_index/parent_prefix_path/robot_nav_interfaces
[14.669s] -- Installing: /home/angelina_m_simon/robot-navigation-sim/install/robot_nav_interfaces/share/robot_nav_interfaces/environment/ament_prefix_path.sh
[14.669s] -- Installing: /home/angelina_m_simon/robot-navigation-sim/install/robot_nav_interfaces/share/robot_nav_interfaces/environment/ament_prefix_path.dsv
[14.669s] -- Installing: /home/angelina_m_simon/robot-navigation-sim/install/robot_nav_interfaces/share/robot_nav_interfaces/environment/path.sh
[14.669s] -- Installing: /home/angelina_m_simon/robot-navigation-sim/install/robot_nav_interfaces/share/robot_nav_interfaces/environment/path.dsv
[14.670s] -- Installing: /home/angelina_m_simon/robot-navigation-sim/install/robot_nav_interfaces/share/robot_nav_interfaces/local_setup.bash
[14.670s] -- Installing: /home/angelina_m_simon/robot-navigation-sim/install/robot_nav_interfaces/share/robot_nav_interfaces/local_setup.sh
[14.671s] -- Installing: /home/angelina_m_simon/robot-navigation-sim/install/robot_nav_interfaces/share/robot_nav_interfaces/local_setup.zsh
[14.671s] -- Installing: /home/angelina_m_simon/robot-navigation-sim/install/robot_nav_interfaces/share/robot_nav_interfaces/local_setup.dsv
[14.671s] -- Installing: /home/angelina_m_simon/robot-navigation-sim/install/robot_nav_interfaces/share/robot_nav_interfaces/package.dsv
[14.672s] -- Installing: /home/angelina_m_simon/robot-navigation-sim/install/robot_nav_interfaces/share/ament_index/resource_index/packages/robot_nav_interfaces
[14.672s] -- Installing: /home/angelina_m_simon/robot-navigation-sim/install/robot_nav_interfaces/share/robot_nav_interfaces/cmake/export_robot_nav_interfaces__rosidl_generator_cExport.cmake
[14.673s] -- Installing: /home/angelina_m_simon/robot-navigation-sim/install/robot_nav_interfaces/share/robot_nav_interfaces/cmake/export_robot_nav_interfaces__rosidl_generator_cExport-noconfig.cmake
[14.673s] -- Installing: /home/angelina_m_simon/robot-navigation-sim/install/robot_nav_interfaces/share/robot_nav_interfaces/cmake/export_robot_nav_interfaces__rosidl_typesupport_fastrtps_cExport.cmake
[14.674s] -- Installing: /home/angelina_m_simon/robot-navigation-sim/install/robot_nav_interfaces/share/robot_nav_interfaces/cmake/export_robot_nav_interfaces__rosidl_typesupport_fastrtps_cExport-noconfig.cmake
[14.674s] -- Installing: /home/angelina_m_simon/robot-navigation-sim/install/robot_nav_interfaces/share/robot_nav_interfaces/cmake/robot_nav_interfaces__rosidl_typesupport_introspection_cExport.cmake
[14.674s] -- Installing: /home/angelina_m_simon/robot-navigation-sim/install/robot_nav_interfaces/share/robot_nav_interfaces/cmake/robot_nav_interfaces__rosidl_typesupport_introspection_cExport-noconfig.cmake
[14.675s] -- Installing: /home/angelina_m_simon/robot-navigation-sim/install/robot_nav_interfaces/share/robot_nav_interfaces/cmake/robot_nav_interfaces__rosidl_typesupport_cExport.cmake
[14.675s] -- Installing: /home/angelina_m_simon/robot-navigation-sim/install/robot_nav_interfaces/share/robot_nav_interfaces/cmake/robot_nav_interfaces__rosidl_typesupport_cExport-noconfig.cmake
[14.676s] -- Installing: /home/angelina_m_simon/robot-navigation-sim/install/robot_nav_interfaces/share/robot_nav_interfaces/cmake/export_robot_nav_interfaces__rosidl_generator_cppExport.cmake
[14.676s] -- Installing: /home/angelina_m_simon/robot-navigation-sim/install/robot_nav_interfaces/share/robot_nav_interfaces/cmake/export_robot_nav_interfaces__rosidl_typesupport_fastrtps_cppExport.cmake
[14.676s] -- Installing: /home/angelina_m_simon/robot-navigation-sim/install/robot_nav_interfaces/share/robot_nav_interfaces/cmake/export_robot_nav_interfaces__rosidl_typesupport_fastrtps_cppExport-noconfig.cmake
[14.677s] -- Installing: /home/angelina_m_simon/robot-navigation-sim/install/robot_nav_interfaces/share/robot_nav_interfaces/cmake/robot_nav_interfaces__rosidl_typesupport_introspection_cppExport.cmake
[14.677s] -- Installing: /home/angelina_m_simon/robot-navigation-sim/install/robot_nav_interfaces/share/robot_nav_interfaces/cmake/robot_nav_interfaces__rosidl_typesupport_introspection_cppExport-noconfig.cmake
[14.677s] -- Installing: /home/angelina_m_simon/robot-navigation-sim/install/robot_nav_interfaces/share/robot_nav_interfaces/cmake/robot_nav_interfaces__rosidl_typesupport_cppExport.cmake
[14.678s] -- Installing: /home/angelina_m_simon/robot-navigation-sim/install/robot_nav_interfaces/share/robot_nav_interfaces/cmake/robot_nav_interfaces__rosidl_typesupport_cppExport-noconfig.cmake
[14.678s] -- Installing: /home/angelina_m_simon/robot-navigation-sim/install/robot_nav_interfaces/share/robot_nav_interfaces/cmake/export_robot_nav_interfaces__rosidl_generator_pyExport.cmake
[14.679s] -- Installing: /home/angelina_m_simon/robot-navigation-sim/install/robot_nav_interfaces/share/robot_nav_interfaces/cmake/export_robot_nav_interfaces__rosidl_generator_pyExport-noconfig.cmake
[14.679s] -- Installing: /home/angelina_m_simon/robot-navigation-sim/install/robot_nav_interfaces/share/robot_nav_interfaces/cmake/rosidl_cmake-extras.cmake
[14.679s] -- Installing: /home/angelina_m_simon/robot-navigation-sim/install/robot_nav_interfaces/share/robot_nav_interfaces/cmake/ament_cmake_export_include_directories-extras.cmake
[14.680s] -- Installing: /home/angelina_m_simon/robot-navigation-sim/install/robot_nav_interfaces/share/robot_nav_interfaces/cmake/ament_cmake_export_libraries-extras.cmake
[14.680s] -- Installing: /home/angelina_m_simon/robot-navigation-sim/install/robot_nav_interfaces/share/robot_nav_interfaces/cmake/ament_cmake_export_targets-extras.cmake
[14.681s] -- Installing: /home/angelina_m_simon/robot-navigation-sim/install/robot_nav_interfaces/share/robot_nav_interfaces/cmake/rosidl_cmake_export_typesupport_targets-extras.cmake
[14.681s] -- Installing: /home/angelina_m_simon/robot-navigation-sim/install/robot_nav_interfaces/share/robot_nav_interfaces/cmake/ament_cmake_export_dependencies-extras.cmake
[14.681s] -- Installing: /home/angelina_m_simon/robot-navigation-sim/install/robot_nav_interfaces/share/robot_nav_interfaces/cmake/rosidl_cmake_export_typesupport_libraries-extras.cmake
[14.682s] -- Installing: /home/angelina_m_simon/robot-navigation-sim/install/robot_nav_interfaces/share/robot_nav_interfaces/cmake/robot_nav_interfacesConfig.cmake
[14.682s] -- Installing: /home/angelina_m_simon/robot-navigation-sim/install/robot_nav_interfaces/share/robot_nav_interfaces/cmake/robot_nav_interfacesConfig-version.cmake
[14.682s] -- Installing: /home/angelina_m_simon/robot-navigation-sim/install/robot_nav_interfaces/share/robot_nav_interfaces/package.xml
[14.688s] Invoked command in '/home/angelina_m_simon/robot-navigation-sim/build/robot_nav_interfaces' returned '0': CMAKE_PREFIX_PATH=/opt/ros/jazzy /usr/bin/cmake --install /home/angelina_m_simon/robot-navigation-sim/build/robot_nav_interfaces
