[0.019s] Invoking command in '/home/angelina_m_simon/robot-navigation-sim/build/robot_nav_interfaces': CMAKE_PREFIX_PATH=${CMAKE_PREFIX_PATH}:/home/angelina_m_simon/robot-navigation-sim/install/robot_nav_sim:/opt/ros/jazzy /usr/bin/cmake --build /home/angelina_m_simon/robot-navigation-sim/build/robot_nav_interfaces -- -j2 -l2
[0.122s] [  5%] Built target robot_nav_interfaces__rosidl_generator_type_description
[0.122s] [  5%] Built target robot_nav_interfaces__rs
[0.170s] [ 20%] Built target robot_nav_interfaces__rosidl_generator_c
[0.193s] [ 20%] Built target ament_cmake_python_copy_robot_nav_interfaces
[0.220s] [ 22%] Built target robot_nav_interfaces__cpp
[0.246s] [ 31%] Built target robot_nav_interfaces__rosidl_typesupport_fastrtps_c
[0.268s] [ 40%] Built target robot_nav_interfaces__rosidl_typesupport_introspection_c
[0.328s] [ 48%] Built target robot_nav_interfaces__rosidl_typesupport_c
[0.383s] [ 57%] Built target robot_nav_interfaces__rosidl_typesupport_fastrtps_cpp
[0.438s] [ 65%] Built target robot_nav_interfaces__rosidl_typesupport_introspection_cpp
[0.488s] [ 74%] Built target robot_nav_interfaces__rosidl_typesupport_cpp
[0.537s] [ 74%] Built target robot_nav_interfaces
[0.585s] [ 77%] Built target robot_nav_interfaces__py
[0.638s] [ 82%] Built target robot_nav_interfaces__rosidl_generator_py
[0.692s] [ 88%] Built target robot_nav_interfaces_s__rosidl_typesupport_fastrtps_c
[0.746s] [ 94%] Built target robot_nav_interfaces_s__rosidl_typesupport_introspection_c
[0.802s] [100%] Built target robot_nav_interfaces_s__rosidl_typesupport_c
[0.811s] running egg_info
[0.837s] writing robot_nav_interfaces.egg-info/PKG-INFO
[0.837s] writing dependency_links to robot_nav_interfaces.egg-info/dependency_links.txt
[0.838s] writing top-level names to robot_nav_interfaces.egg-info/top_level.txt
[0.906s] reading manifest file 'robot_nav_interfaces.egg-info/SOURCES.txt'
[0.907s] writing manifest file 'robot_nav_interfaces.egg-info/SOURCES.txt'
[0.963s] [100%] Built target ament_cmake_python_build_robot_nav_interfaces_egg
[0.984s] Invoked command in '/home/angelina_m_simon/robot-navigation-sim/build/robot_nav_interfaces' returned '0': CMAKE_PREFIX_PATH=${CMAKE_PREFIX_PATH}:/home/angelina_m_simon/robot-navigation-sim/install/robot_nav_sim:/opt/ros/jazzy /usr/bin/cmake --build /home/angelina_m_simon/robot-navigation-sim/build/robot_nav_interfaces -- -j2 -l2
[1.002s] Invoking command in '/home/angelina_m_simon/robot-navigation-sim/build/robot_nav_interfaces': CMAKE_PREFIX_PATH=${CMAKE_PREFIX_PATH}:/home/angelina_m_simon/robot-navigation-sim/install/robot_nav_sim:/opt/ros/jazzy /usr/bin/cmake --install /home/angelina_m_simon/robot-navigation-sim/build/robot_nav_interfaces
[1.018s] -- Install configuration: ""
[1.018s] -- Up-to-date: /home/angelina_m_simon/robot-navigation-sim/install/robot_nav_interfaces/share/ament_index/resource_index/rosidl_interfaces/robot_nav_interfaces
[1.019s] -- Up-to-date: /home/angelina_m_simon/robot-navigation-sim/install/robot_nav_interfaces/share/robot_nav_interfaces/msg/Detection.json
[1.019s] -- Up-to-date: /home/angelina_m_simon/robot-navigation-sim/install/robot_nav_interfaces/include/robot_nav_interfaces/robot_nav_interfaces
[1.019s] -- Up-to-date: /home/angelina_m_simon/robot-navigation-sim/install/robot_nav_interfaces/include/robot_nav_interfaces/robot_nav_interfaces/msg
[1.020s] -- Up-to-date: /home/angelina_m_simon/robot-navigation-sim/install/robot_nav_interfaces/include/robot_nav_interfaces/robot_nav_interfaces/msg/detail
[1.020s] -- Up-to-date: /home/angelina_m_simon/robot-navigation-sim/install/robot_nav_interfaces/include/robot_nav_interfaces/robot_nav_interfaces/msg/detail/detection__description.c
[1.020s] -- Up-to-date: /home/angelina_m_simon/robot-navigation-sim/install/robot_nav_interfaces/include/robot_nav_interfaces/robot_nav_interfaces/msg/detail/detection__type_support.h
[1.021s] -- Up-to-date: /home/angelina_m_simon/robot-navigation-sim/install/robot_nav_interfaces/include/robot_nav_interfaces/robot_nav_interfaces/msg/detail/detection__functions.h
[1.021s] -- Up-to-date: /home/angelina_m_simon/robot-navigation-sim/install/robot_nav_interfaces/include/robot_nav_interfaces/robot_nav_interfaces/msg/detail/detection__functions.c
[1.021s] -- Installing: /home/angelina_m_simon/robot-navigation-sim/install/robot_nav_interfaces/include/robot_nav_interfaces/robot_nav_interfaces/msg/detail/detection__type_support.c
[1.022s] -- Up-to-date: /home/angelina_m_simon/robot-navigation-sim/install/robot_nav_interfaces/include/robot_nav_interfaces/robot_nav_interfaces/msg/detail/detection__struct.h
[1.022s] -- Up-to-date: /home/angelina_m_simon/robot-navigation-sim/install/robot_nav_interfaces/include/robot_nav_interfaces/robot_nav_interfaces/msg/detection.h
[1.022s] -- Up-to-date: /home/angelina_m_simon/robot-navigation-sim/install/robot_nav_interfaces/include/robot_nav_interfaces/robot_nav_interfaces/msg/rosidl_generator_c__visibility_control.h
[1.023s] -- Up-to-date: /home/angelina_m_simon/robot-navigation-sim/install/robot_nav_interfaces/share/robot_nav_interfaces/environment/library_path.sh
[1.023s] -- Up-to-date: /home/angelina_m_simon/robot-navigation-sim/install/robot_nav_interfaces/share/robot_nav_interfaces/environment/library_path.dsv
[1.023s] -- Up-to-date: /home/angelina_m_simon/robot-navigation-sim/install/robot_nav_interfaces/lib/librobot_nav_interfaces__rosidl_generator_c.so
[1.023s] -- Up-to-date: /home/angelina_m_simon/robot-navigation-sim/install/robot_nav_interfaces/include/robot_nav_interfaces/robot_nav_interfaces
[1.024s] -- Up-to-date: /home/angelina_m_simon/robot-navigation-sim/install/robot_nav_interfaces/include/robot_nav_interfaces/robot_nav_interfaces/msg
[1.024s] -- Up-to-date: /home/angelina_m_simon/robot-navigation-sim/install/robot_nav_interfaces/include/robot_nav_interfaces/robot_nav_interfaces/msg/detail
[1.024s] -- Up-to-date: /home/angelina_m_simon/robot-navigation-sim/install/robot_nav_interfaces/include/robot_nav_interfaces/robot_nav_interfaces/msg/detail/detection__rosidl_typesupport_fastrtps_c.h
[1.024s] -- Up-to-date: /home/angelina_m_simon/robot-navigation-sim/install/robot_nav_interfaces/include/robot_nav_interfaces/robot_nav_interfaces/msg/rosidl_typesupport_fastrtps_c__visibility_control.h
[1.025s] -- Up-to-date: /home/angelina_m_simon/robot-navigation-sim/install/robot_nav_interfaces/lib/librobot_nav_interfaces__rosidl_typesupport_fastrtps_c.so
[1.025s] -- Up-to-date: /home/angelina_m_simon/robot-navigation-sim/install/robot_nav_interfaces/include/robot_nav_interfaces/robot_nav_interfaces
[1.026s] -- Up-to-date: /home/angelina_m_simon/robot-navigation-sim/install/robot_nav_interfaces/include/robot_nav_interfaces/robot_nav_interfaces/msg
[1.026s] -- Up-to-date: /home/angelina_m_simon/robot-navigation-sim/install/robot_nav_interfaces/include/robot_nav_interfaces/robot_nav_interfaces/msg/rosidl_typesupport_introspection_c__visibility_control.h
[1.026s] -- Up-to-date: /home/angelina_m_simon/robot-navigation-sim/install/robot_nav_interfaces/include/robot_nav_interfaces/robot_nav_interfaces/msg/detail
[1.026s] -- Up-to-date: /home/angelina_m_simon/robot-navigation-sim/install/robot_nav_interfaces/include/robot_nav_interfaces/robot_nav_interfaces/msg/detail/detection__rosidl_typesupport_introspection_c.h
[1.027s] -- Installing: /home/angelina_m_simon/robot-navigation-sim/install/robot_nav_interfaces/include/robot_nav_interfaces/robot_nav_interfaces/msg/detail/detection__type_support.c
[1.027s] -- Up-to-date: /home/angelina_m_simon/robot-navigation-sim/install/robot_nav_interfaces/lib/librobot_nav_interfaces__rosidl_typesupport_introspection_c.so
[1.027s] -- Up-to-date: /home/angelina_m_simon/robot-navigation-sim/install/robot_nav_interfaces/lib/librobot_nav_interfaces__rosidl_typesupport_c.so
[1.028s] -- Up-to-date: /home/angelina_m_simon/robot-navigation-sim/install/robot_nav_interfaces/include/robot_nav_interfaces/robot_nav_interfaces
[1.028s] -- Up-to-date: /home/angelina_m_simon/robot-navigation-sim/install/robot_nav_interfaces/include/robot_nav_interfaces/robot_nav_interfaces/msg
[1.028s] -- Up-to-date: /home/angelina_m_simon/robot-navigation-sim/install/robot_nav_interfaces/include/robot_nav_interfaces/robot_nav_interfaces/msg/rosidl_generator_cpp__visibility_control.hpp
[1.028s] -- Up-to-date: /home/angelina_m_simon/robot-navigation-sim/install/robot_nav_interfaces/include/robot_nav_interfaces/robot_nav_interfaces/msg/detail
[1.029s] -- Up-to-date: /home/angelina_m_simon/robot-navigation-sim/install/robot_nav_interfaces/include/robot_nav_interfaces/robot_nav_interfaces/msg/detail/detection__type_support.hpp
[1.029s] -- Up-to-date: /home/angelina_m_simon/robot-navigation-sim/install/robot_nav_interfaces/include/robot_nav_interfaces/robot_nav_interfaces/msg/detail/detection__struct.hpp
[1.029s] -- Up-to-date: /home/angelina_m_simon/robot-navigation-sim/install/robot_nav_interfaces/include/robot_nav_interfaces/robot_nav_interfaces/msg/detail/detection__builder.hpp
[1.029s] -- Up-to-date: /home/angelina_m_simon/robot-navigation-sim/install/robot_nav_interfaces/include/robot_nav_interfaces/robot_nav_interfaces/msg/detail/detection__traits.hpp
[1.030s] -- Up-to-date: /home/angelina_m_simon/robot-navigation-sim/install/robot_nav_interfaces/include/robot_nav_interfaces/robot_nav_interfaces/msg/detection.hpp
[1.030s] -- Up-to-date: /home/angelina_m_simon/robot-navigation-sim/install/robot_nav_interfaces/include/robot_nav_interfaces/robot_nav_interfaces
[1.031s] -- Up-to-date: /home/angelina_m_simon/robot-navigation-sim/install/robot_nav_interfaces/include/robot_nav_interfaces/robot_nav_interfaces/msg
[1.032s] -- Up-to-date: /home/angelina_m_simon/robot-navigation-sim/install/robot_nav_interfaces/include/robot_nav_interfaces/robot_nav_interfaces/msg/detail
[1.032s] -- Up-to-date: /home/angelina_m_simon/robot-navigation-sim/install/robot_nav_interfaces/include/robot_nav_interfaces/robot_nav_interfaces/msg/detail/dds_fastrtps
[1.032s] -- Up-to-date: /home/angelina_m_simon/robot-navigation-sim/install/robot_nav_interfaces/include/robot_nav_interfaces/robot_nav_interfaces/msg/detail/detection__rosidl_typesupport_fastrtps_cpp.hpp
[1.033s] -- Up-to-date: /home/angelina_m_simon/robot-navigation-sim/install/robot_nav_interfaces/include/robot_nav_interfaces/robot_nav_interfaces/msg/rosidl_typesupport_fastrtps_cpp__visibility_control.h
[1.033s] -- Up-to-date: /home/angelina_m_simon/robot-navigation-sim/install/robot_nav_interfaces/lib/librobot_nav_interfaces__rosidl_typesupport_fastrtps_cpp.so
[1.033s] -- Up-to-date: /home/angelina_m_simon/robot-navigation-sim/install/robot_nav_interfaces/include/robot_nav_interfaces/robot_nav_interfaces
[1.033s] -- Up-to-date: /home/angelina_m_simon/robot-navigation-sim/install/robot_nav_interfaces/include/robot_nav_interfaces/robot_nav_interfaces/msg
[1.034s] -- Up-to-date: /home/angelina_m_simon/robot-navigation-sim/install/robot_nav_interfaces/include/robot_nav_interfaces/robot_nav_interfaces/msg/detail
[1.034s] -- Up-to-date: /home/angelina_m_simon/robot-navigation-sim/install/robot_nav_interfaces/include/robot_nav_interfaces/robot_nav_interfaces/msg/detail/detection__type_support.cpp
[1.034s] -- Up-to-date: /home/angelina_m_simon/robot-navigation-sim/install/robot_nav_interfaces/include/robot_nav_interfaces/robot_nav_interfaces/msg/detail/detection__rosidl_typesupport_introspection_cpp.hpp
[1.034s] -- Up-to-date: /home/angelina_m_simon/robot-navigation-sim/install/robot_nav_interfaces/lib/librobot_nav_interfaces__rosidl_typesupport_introspection_cpp.so
[1.034s] -- Up-to-date: /home/angelina_m_simon/robot-navigation-sim/install/robot_nav_interfaces/lib/librobot_nav_interfaces__rosidl_typesupport_cpp.so
[1.035s] -- Up-to-date: /home/angelina_m_simon/robot-navigation-sim/install/robot_nav_interfaces/share/robot_nav_interfaces/environment/pythonpath.sh
[1.035s] -- Up-to-date: /home/angelina_m_simon/robot-navigation-sim/install/robot_nav_interfaces/share/robot_nav_interfaces/environment/pythonpath.dsv
[1.035s] -- Up-to-date: /home/angelina_m_simon/robot-navigation-sim/install/robot_nav_interfaces/lib/python3.12/site-packages/robot_nav_interfaces-0.0.0-py3.12.egg-info
[1.035s] -- Installing: /home/angelina_m_simon/robot-navigation-sim/install/robot_nav_interfaces/lib/python3.12/site-packages/robot_nav_interfaces-0.0.0-py3.12.egg-info/SOURCES.txt
[1.035s] -- Installing: /home/angelina_m_simon/robot-navigation-sim/install/robot_nav_interfaces/lib/python3.12/site-packages/robot_nav_interfaces-0.0.0-py3.12.egg-info/PKG-INFO
[1.036s] -- Installing: /home/angelina_m_simon/robot-navigation-sim/install/robot_nav_interfaces/lib/python3.12/site-packages/robot_nav_interfaces-0.0.0-py3.12.egg-info/dependency_links.txt
[1.036s] -- Installing: /home/angelina_m_simon/robot-navigation-sim/install/robot_nav_interfaces/lib/python3.12/site-packages/robot_nav_interfaces-0.0.0-py3.12.egg-info/top_level.txt
[1.036s] -- Up-to-date: /home/angelina_m_simon/robot-navigation-sim/install/robot_nav_interfaces/lib/python3.12/site-packages/robot_nav_interfaces
[1.036s] -- Up-to-date: /home/angelina_m_simon/robot-navigation-sim/install/robot_nav_interfaces/lib/python3.12/site-packages/robot_nav_interfaces/msg
[1.036s] -- Up-to-date: /home/angelina_m_simon/robot-navigation-sim/install/robot_nav_interfaces/lib/python3.12/site-packages/robot_nav_interfaces/msg/__init__.py
[1.037s] -- Up-to-date: /home/angelina_m_simon/robot-navigation-sim/install/robot_nav_interfaces/lib/python3.12/site-packages/robot_nav_interfaces/msg/_detection.py
[1.037s] -- Up-to-date: /home/angelina_m_simon/robot-navigation-sim/install/robot_nav_interfaces/lib/python3.12/site-packages/robot_nav_interfaces/msg/_detection_s.c
[1.037s] -- Up-to-date: /home/angelina_m_simon/robot-navigation-sim/install/robot_nav_interfaces/lib/python3.12/site-packages/robot_nav_interfaces/_robot_nav_interfaces_s.ep.rosidl_typesupport_introspection_c.c
[1.037s] -- Up-to-date: /home/angelina_m_simon/robot-navigation-sim/install/robot_nav_interfaces/lib/python3.12/site-packages/robot_nav_interfaces/__init__.py
[1.037s] -- Up-to-date: /home/angelina_m_simon/robot-navigation-sim/install/robot_nav_interfaces/lib/python3.12/site-packages/robot_nav_interfaces/robot_nav_interfaces_s__rosidl_typesupport_fastrtps_c.so
[1.038s] -- Up-to-date: /home/angelina_m_simon/robot-navigation-sim/install/robot_nav_interfaces/lib/python3.12/site-packages/robot_nav_interfaces/_robot_nav_interfaces_s.ep.rosidl_typesupport_c.c
[1.038s] -- Up-to-date: /home/angelina_m_simon/robot-navigation-sim/install/robot_nav_interfaces/lib/python3.12/site-packages/robot_nav_interfaces/robot_nav_interfaces_s__rosidl_typesupport_introspection_c.so
[1.038s] -- Up-to-date: /home/angelina_m_simon/robot-navigation-sim/install/robot_nav_interfaces/lib/python3.12/site-packages/robot_nav_interfaces/_robot_nav_interfaces_s.ep.rosidl_typesupport_fastrtps_c.c
[1.038s] -- Up-to-date: /home/angelina_m_simon/robot-navigation-sim/install/robot_nav_interfaces/lib/python3.12/site-packages/robot_nav_interfaces/robot_nav_interfaces_s__rosidl_typesupport_c.so
[1.093s] Listing '/home/angelina_m_simon/robot-navigation-sim/install/robot_nav_interfaces/lib/python3.12/site-packages/robot_nav_interfaces'...
[1.093s] Listing '/home/angelina_m_simon/robot-navigation-sim/install/robot_nav_interfaces/lib/python3.12/site-packages/robot_nav_interfaces/msg'...
[1.102s] -- Up-to-date: /home/angelina_m_simon/robot-navigation-sim/install/robot_nav_interfaces/lib/python3.12/site-packages/robot_nav_interfaces/robot_nav_interfaces_s__rosidl_typesupport_fastrtps_c.so
[1.102s] -- Up-to-date: /home/angelina_m_simon/robot-navigation-sim/install/robot_nav_interfaces/lib/python3.12/site-packages/robot_nav_interfaces/robot_nav_interfaces_s__rosidl_typesupport_introspection_c.so
[1.103s] -- Up-to-date: /home/angelina_m_simon/robot-navigation-sim/install/robot_nav_interfaces/lib/python3.12/site-packages/robot_nav_interfaces/robot_nav_interfaces_s__rosidl_typesupport_c.so
[1.104s] -- Up-to-date: /home/angelina_m_simon/robot-navigation-sim/install/robot_nav_interfaces/lib/librobot_nav_interfaces__rosidl_generator_py.so
[1.105s] -- Up-to-date: /home/angelina_m_simon/robot-navigation-sim/install/robot_nav_interfaces/share/ament_index/resource_index/rust_packages/robot_nav_interfaces
[1.105s] -- Up-to-date: /home/angelina_m_simon/robot-navigation-sim/install/robot_nav_interfaces/share/robot_nav_interfaces/rust
[1.106s] -- Up-to-date: /home/angelina_m_simon/robot-navigation-sim/install/robot_nav_interfaces/share/robot_nav_interfaces/rust/src
[1.106s] -- Up-to-date: /home/angelina_m_simon/robot-navigation-sim/install/robot_nav_interfaces/share/robot_nav_interfaces/rust/src/msg
[1.107s] -- Up-to-date: /home/angelina_m_simon/robot-navigation-sim/install/robot_nav_interfaces/share/robot_nav_interfaces/rust/src/msg/rmw.rs
[1.107s] -- Up-to-date: /home/angelina_m_simon/robot-navigation-sim/install/robot_nav_interfaces/share/robot_nav_interfaces/rust/src/msg.rs
[1.107s] -- Up-to-date: /home/angelina_m_simon/robot-navigation-sim/install/robot_nav_interfaces/share/robot_nav_interfaces/rust/src/lib.rs
[1.107s] -- Up-to-date: /home/angelina_m_simon/robot-navigation-sim/install/robot_nav_interfaces/share/robot_nav_interfaces/rust/Cargo.toml
[1.108s] -- Up-to-date: /home/angelina_m_simon/robot-navigation-sim/install/robot_nav_interfaces/share/robot_nav_interfaces/rust/build.rs
[1.108s] -- Up-to-date: /home/angelina_m_simon/robot-navigation-sim/install/robot_nav_interfaces/share/robot_nav_interfaces/msg/Detection.idl
[1.108s] -- Up-to-date: /home/angelina_m_simon/robot-navigation-sim/install/robot_nav_interfaces/share/robot_nav_interfaces/msg/Detection.msg
[1.109s] -- Up-to-date: /home/angelina_m_simon/robot-navigation-sim/install/robot_nav_interfaces/share/ament_index/resource_index/package_run_dependencies/robot_nav_interfaces
[1.109s] -- Up-to-date: /home/angelina_m_simon/robot-navigation-sim/install/robot_nav_interfaces/share/ament_index/resource_index/parent_prefix_path/robot_nav_interfaces
[1.110s] -- Up-to-date: /home/angelina_m_simon/robot-navigation-sim/install/robot_nav_interfaces/share/robot_nav_interfaces/environment/ament_prefix_path.sh
[1.110s] -- Up-to-date: /home/angelina_m_simon/robot-navigation-sim/install/robot_nav_interfaces/share/robot_nav_interfaces/environment/ament_prefix_path.dsv
[1.110s] -- Up-to-date: /home/angelina_m_simon/robot-navigation-sim/install/robot_nav_interfaces/share/robot_nav_interfaces/environment/path.sh
[1.111s] -- Up-to-date: /home/angelina_m_simon/robot-navigation-sim/install/robot_nav_interfaces/share/robot_nav_interfaces/environment/path.dsv
[1.111s] -- Up-to-date: /home/angelina_m_simon/robot-navigation-sim/install/robot_nav_interfaces/share/robot_nav_interfaces/local_setup.bash
[1.111s] -- Up-to-date: /home/angelina_m_simon/robot-navigation-sim/install/robot_nav_interfaces/share/robot_nav_interfaces/local_setup.sh
[1.112s] -- Up-to-date: /home/angelina_m_simon/robot-navigation-sim/install/robot_nav_interfaces/share/robot_nav_interfaces/local_setup.zsh
[1.112s] -- Up-to-date: /home/angelina_m_simon/robot-navigation-sim/install/robot_nav_interfaces/share/robot_nav_interfaces/local_setup.dsv
[1.112s] -- Installing: /home/angelina_m_simon/robot-navigation-sim/install/robot_nav_interfaces/share/robot_nav_interfaces/package.dsv
[1.112s] -- Up-to-date: /home/angelina_m_simon/robot-navigation-sim/install/robot_nav_interfaces/share/ament_index/resource_index/packages/robot_nav_interfaces
[1.113s] -- Up-to-date: /home/angelina_m_simon/robot-navigation-sim/install/robot_nav_interfaces/share/robot_nav_interfaces/cmake/export_robot_nav_interfaces__rosidl_generator_cExport.cmake
[1.113s] -- Up-to-date: /home/angelina_m_simon/robot-navigation-sim/install/robot_nav_interfaces/share/robot_nav_interfaces/cmake/export_robot_nav_interfaces__rosidl_generator_cExport-noconfig.cmake
[1.113s] -- Up-to-date: /home/angelina_m_simon/robot-navigation-sim/install/robot_nav_interfaces/share/robot_nav_interfaces/cmake/export_robot_nav_interfaces__rosidl_typesupport_fastrtps_cExport.cmake
[1.113s] -- Up-to-date: /home/angelina_m_simon/robot-navigation-sim/install/robot_nav_interfaces/share/robot_nav_interfaces/cmake/export_robot_nav_interfaces__rosidl_typesupport_fastrtps_cExport-noconfig.cmake
[1.113s] -- Up-to-date: /home/angelina_m_simon/robot-navigation-sim/install/robot_nav_interfaces/share/robot_nav_interfaces/cmake/robot_nav_interfaces__rosidl_typesupport_introspection_cExport.cmake
[1.113s] -- Up-to-date: /home/angelina_m_simon/robot-navigation-sim/install/robot_nav_interfaces/share/robot_nav_interfaces/cmake/robot_nav_interfaces__rosidl_typesupport_introspection_cExport-noconfig.cmake
[1.114s] -- Up-to-date: /home/angelina_m_simon/robot-navigation-sim/install/robot_nav_interfaces/share/robot_nav_interfaces/cmake/robot_nav_interfaces__rosidl_typesupport_cExport.cmake
[1.114s] -- Up-to-date: /home/angelina_m_simon/robot-navigation-sim/install/robot_nav_interfaces/share/robot_nav_interfaces/cmake/robot_nav_interfaces__rosidl_typesupport_cExport-noconfig.cmake
[1.114s] -- Up-to-date: /home/angelina_m_simon/robot-navigation-sim/install/robot_nav_interfaces/share/robot_nav_interfaces/cmake/export_robot_nav_interfaces__rosidl_generator_cppExport.cmake
[1.114s] -- Up-to-date: /home/angelina_m_simon/robot-navigation-sim/install/robot_nav_interfaces/share/robot_nav_interfaces/cmake/export_robot_nav_interfaces__rosidl_typesupport_fastrtps_cppExport.cmake
[1.114s] -- Up-to-date: /home/angelina_m_simon/robot-navigation-sim/install/robot_nav_interfaces/share/robot_nav_interfaces/cmake/export_robot_nav_interfaces__rosidl_typesupport_fastrtps_cppExport-noconfig.cmake
[1.115s] -- Up-to-date: /home/angelina_m_simon/robot-navigation-sim/install/robot_nav_interfaces/share/robot_nav_interfaces/cmake/robot_nav_interfaces__rosidl_typesupport_introspection_cppExport.cmake
[1.115s] -- Up-to-date: /home/angelina_m_simon/robot-navigation-sim/install/robot_nav_interfaces/share/robot_nav_interfaces/cmake/robot_nav_interfaces__rosidl_typesupport_introspection_cppExport-noconfig.cmake
[1.115s] -- Up-to-date: /home/angelina_m_simon/robot-navigation-sim/install/robot_nav_interfaces/share/robot_nav_interfaces/cmake/robot_nav_interfaces__rosidl_typesupport_cppExport.cmake
[1.115s] -- Up-to-date: /home/angelina_m_simon/robot-navigation-sim/install/robot_nav_interfaces/share/robot_nav_interfaces/cmake/robot_nav_interfaces__rosidl_typesupport_cppExport-noconfig.cmake
[1.115s] -- Up-to-date: /home/angelina_m_simon/robot-navigation-sim/install/robot_nav_interfaces/share/robot_nav_interfaces/cmake/export_robot_nav_interfaces__rosidl_generator_pyExport.cmake
[1.116s] -- Up-to-date: /home/angelina_m_simon/robot-navigation-sim/install/robot_nav_interfaces/share/robot_nav_interfaces/cmake/export_robot_nav_interfaces__rosidl_generator_pyExport-noconfig.cmake
[1.116s] -- Up-to-date: /home/angelina_m_simon/robot-navigation-sim/install/robot_nav_interfaces/share/robot_nav_interfaces/cmake/rosidl_cmake-extras.cmake
[1.117s] -- Up-to-date: /home/angelina_m_simon/robot-navigation-sim/install/robot_nav_interfaces/share/robot_nav_interfaces/cmake/ament_cmake_export_include_directories-extras.cmake
[1.117s] -- Up-to-date: /home/angelina_m_simon/robot-navigation-sim/install/robot_nav_interfaces/share/robot_nav_interfaces/cmake/ament_cmake_export_libraries-extras.cmake
[1.117s] -- Up-to-date: /home/angelina_m_simon/robot-navigation-sim/install/robot_nav_interfaces/share/robot_nav_interfaces/cmake/ament_cmake_export_targets-extras.cmake
[1.119s] -- Up-to-date: /home/angelina_m_simon/robot-navigation-sim/install/robot_nav_interfaces/share/robot_nav_interfaces/cmake/rosidl_cmake_export_typesupport_targets-extras.cmake
[1.119s] -- Up-to-date: /home/angelina_m_simon/robot-navigation-sim/install/robot_nav_interfaces/share/robot_nav_interfaces/cmake/ament_cmake_export_dependencies-extras.cmake
[1.119s] -- Up-to-date: /home/angelina_m_simon/robot-navigation-sim/install/robot_nav_interfaces/share/robot_nav_interfaces/cmake/rosidl_cmake_export_typesupport_libraries-extras.cmake
[1.119s] -- Up-to-date: /home/angelina_m_simon/robot-navigation-sim/install/robot_nav_interfaces/share/robot_nav_interfaces/cmake/robot_nav_interfacesConfig.cmake
[1.120s] -- Up-to-date: /home/angelina_m_simon/robot-navigation-sim/install/robot_nav_interfaces/share/robot_nav_interfaces/cmake/robot_nav_interfacesConfig-version.cmake
[1.120s] -- Up-to-date: /home/angelina_m_simon/robot-navigation-sim/install/robot_nav_interfaces/share/robot_nav_interfaces/package.xml
[1.120s] Invoked command in '/home/angelina_m_simon/robot-navigation-sim/build/robot_nav_interfaces' returned '0': CMAKE_PREFIX_PATH=${CMAKE_PREFIX_PATH}:/home/angelina_m_simon/robot-navigation-sim/install/robot_nav_sim:/opt/ros/jazzy /usr/bin/cmake --install /home/angelina_m_simon/robot-navigation-sim/build/robot_nav_interfaces
